Component: ARM Compiler 5.06 update 6 (build 750) Tool: armlink [4d35ed]

==============================================================================

Section Cross References

    startup_stm32g431xx.o(RESET) refers to startup_stm32g431xx.o(STACK) for __initial_sp
    startup_stm32g431xx.o(RESET) refers to startup_stm32g431xx.o(.text) for Reset_Handler
    startup_stm32g431xx.o(RESET) refers to stm32g4xx_mc_it.o(i.HardFault_Handler) for HardFault_Handler
    startup_stm32g431xx.o(RESET) refers to stm32g4xx_mc_it.o(i.SysTick_Handler) for SysTick_Handler
    startup_stm32g431xx.o(RESET) refers to stm32g4xx_it.o(i.EXTI0_IRQHandler) for EXTI0_IRQHandler
    startup_stm32g431xx.o(RESET) refers to stm32g4xx_it.o(i.EXTI1_IRQHandler) for EXTI1_IRQHandler
    startup_stm32g431xx.o(RESET) refers to stm32g4xx_it.o(i.EXTI2_IRQHandler) for EXTI2_IRQHandler
    startup_stm32g431xx.o(RESET) refers to stm32g4xx_it.o(i.ADC1_2_IRQHandler) for ADC1_2_IRQHandler
    startup_stm32g431xx.o(RESET) refers to stm32g4xx_it.o(i.FDCAN1_IT0_IRQHandler) for FDCAN1_IT0_IRQHandler
    startup_stm32g431xx.o(RESET) refers to stm32g4xx_it.o(i.EXTI9_5_IRQHandler) for EXTI9_5_IRQHandler
    startup_stm32g431xx.o(RESET) refers to stm32g4xx_mc_it.o(i.TIM1_BRK_TIM15_IRQHandler) for TIM1_BRK_TIM15_IRQHandler
    startup_stm32g431xx.o(RESET) refers to stm32g4xx_mc_it.o(i.TIM1_UP_TIM16_IRQHandler) for TIM1_UP_TIM16_IRQHandler
    startup_stm32g431xx.o(RESET) refers to stm32g4xx_mc_it.o(i.TIM2_IRQHandler) for TIM2_IRQHandler
    startup_stm32g431xx.o(RESET) refers to stm32g4xx_mc_it.o(i.TIM4_IRQHandler) for TIM4_IRQHandler
    startup_stm32g431xx.o(RESET) refers to agreement.o(i.USART1_IRQHandler) for USART1_IRQHandler
    startup_stm32g431xx.o(RESET) refers to stm32g4xx_it.o(i.EXTI15_10_IRQHandler) for EXTI15_10_IRQHandler
    startup_stm32g431xx.o(RESET) refers to stm32g4xx_mc_it.o(i.TIM8_BRK_IRQHandler) for TIM8_BRK_IRQHandler
    startup_stm32g431xx.o(RESET) refers to stm32g4xx_mc_it.o(i.TIM8_UP_IRQHandler) for TIM8_UP_IRQHandler
    startup_stm32g431xx.o(RESET) refers to canopen_timer.o(i.TIM6_DAC_IRQHandler) for TIM6_DAC_IRQHandler
    startup_stm32g431xx.o(.text) refers to system_stm32g4xx.o(i.SystemInit) for SystemInit
    startup_stm32g431xx.o(.text) refers to entry.o(.ARM.Collect$$$$00000000) for __main
    main.o(i.CAN2_Send_Msg) refers to stm32g4xx_hal_fdcan.o(i.HAL_FDCAN_AddMessageToTxFifoQ) for HAL_FDCAN_AddMessageToTxFifoQ
    main.o(i.CAN2_Send_Msg) refers to main.o(.bss) for .bss
    main.o(i.CAN2_Send_Msg) refers to canopen_od.o(.bss) for CanLoadRate
    main.o(i.FDCAN_Config) refers to stm32g4xx_hal_fdcan.o(i.HAL_FDCAN_ConfigFilter) for HAL_FDCAN_ConfigFilter
    main.o(i.FDCAN_Config) refers to main.o(i.Error_Handler) for Error_Handler
    main.o(i.FDCAN_Config) refers to stm32g4xx_hal_fdcan.o(i.HAL_FDCAN_ConfigGlobalFilter) for HAL_FDCAN_ConfigGlobalFilter
    main.o(i.FDCAN_Config) refers to stm32g4xx_hal_fdcan.o(i.HAL_FDCAN_Start) for HAL_FDCAN_Start
    main.o(i.FDCAN_Config) refers to stm32g4xx_hal_fdcan.o(i.HAL_FDCAN_ActivateNotification) for HAL_FDCAN_ActivateNotification
    main.o(i.FDCAN_Config) refers to main.o(.bss) for .bss
    main.o(i.HAL_FDCAN_RxFifo0Callback) refers to stm32g4xx_hal_fdcan.o(i.HAL_FDCAN_GetRxFifoFillLevel) for HAL_FDCAN_GetRxFifoFillLevel
    main.o(i.HAL_FDCAN_RxFifo0Callback) refers to stm32g4xx_hal_fdcan.o(i.HAL_FDCAN_GetRxMessage) for HAL_FDCAN_GetRxMessage
    main.o(i.HAL_FDCAN_RxFifo0Callback) refers to canopen_nmt.o(i.MessageType_Check) for MessageType_Check
    main.o(i.HAL_FDCAN_RxFifo0Callback) refers to main.o(.bss) for .bss
    main.o(i.HAL_FDCAN_RxFifo0Callback) refers to canopen_od.o(.data) for CANopen_Drive
    main.o(i.HAL_FDCAN_RxFifo0Callback) refers to canopen_od.o(.bss) for CanLoadRate
    main.o(i.HAL_SYSTICK_Callback) refers to stm32g4xx_hal.o(i.HAL_GetTick) for HAL_GetTick
    main.o(i.HAL_SYSTICK_Callback) refers to function.o(i.BLDC_Stuck_Chk) for BLDC_Stuck_Chk
    main.o(i.HAL_SYSTICK_Callback) refers to bsp_bdcmotor.o(i.GetMotorSpeed) for GetMotorSpeed
    main.o(i.HAL_SYSTICK_Callback) refers to stm32g4xx_hal_cortex.o(i.HAL_NVIC_EnableIRQ) for HAL_NVIC_EnableIRQ
    main.o(i.HAL_SYSTICK_Callback) refers to bsp_bdcmotor.o(i.Ramp_Speed) for Ramp_Speed
    main.o(i.HAL_SYSTICK_Callback) refers to function.o(i.BLDC1_OverSpdChk) for BLDC1_OverSpdChk
    main.o(i.HAL_SYSTICK_Callback) refers to pid.o(i.PID_Regulator) for PID_Regulator
    main.o(i.HAL_SYSTICK_Callback) refers to function.o(i.BLDC2_OverSpdChk) for BLDC2_OverSpdChk
    main.o(i.HAL_SYSTICK_Callback) refers to bsp_bdcmotor.o(i.SetMotorSpeed) for SetMotorSpeed
    main.o(i.HAL_SYSTICK_Callback) refers to bsp_bdcmotor.o(i.SetMotorStop) for SetMotorStop
    main.o(i.HAL_SYSTICK_Callback) refers to bsp_bdcmotor.o(i.HallStudyHandle0) for HallStudyHandle0
    main.o(i.HAL_SYSTICK_Callback) refers to bsp_bdcmotor.o(i.HallStudyHandle1) for HallStudyHandle1
[...]
    0x0800122a   0x0800122a   0x00000004   Code   RO         8463    i.EAC_SetRestartState  enc_align_ctrl.o
    0x0800122e   0x0800122e   0x0000004a   Code   RO         8464    i.EAC_StartAlignment  enc_align_ctrl.o
    0x08001278   0x08001278   0x00000138   Code   RO         8514    i.ENC_CalcAvrgMecSpeedUnit  encoder_speed_pos_fdbk.o
    0x080013b0   0x080013b0   0x00000026   Code   RO         8515    i.ENC_Clear         encoder_speed_pos_fdbk.o
    0x080013d6   0x080013d6   0x0000002c   Code   RO         8518    i.ENC_SetMecAngle   encoder_speed_pos_fdbk.o
    0x08001402   0x08001402   0x00000006   Code   RO         2438    i.EXTI0_IRQHandler  stm32g4xx_it.o
    0x08001408   0x08001408   0x0000001e   Code   RO         2439    i.EXTI15_10_IRQHandler  stm32g4xx_it.o
    0x08001426   0x08001426   0x00000006   Code   RO         2440    i.EXTI1_IRQHandler  stm32g4xx_it.o
    0x0800142c   0x0800142c   0x00000006   Code   RO         2441    i.EXTI2_IRQHandler  stm32g4xx_it.o
    0x08001432   0x08001432   0x00000018   Code   RO         2442    i.EXTI9_5_IRQHandler  stm32g4xx_it.o
    0x0800144a   0x0800144a   0x00000004   Code   RO           14    i.Error_Handler     main.o
    0x0800144e   0x0800144e   0x00000030   Code   RO        10051    i.FCP_CalcCRC       frame_communication_protocol.o
    0x0800147e   0x0800147e   0x00000002   PAD
    0x08001480   0x08001480   0x0000000c   Code   RO         2443    i.FDCAN1_IT0_IRQHandler  stm32g4xx_it.o
    0x0800148c   0x0800148c   0x0000006c   Code   RO         7932    i.FDCAN_CalcultateRamBlockAddresses  stm32g4xx_hal_fdcan.o
    0x080014f8   0x080014f8   0x00000070   Code   RO           15    i.FDCAN_Config      main.o
    0x08001568   0x08001568   0x0000009c   Code   RO         7933    i.FDCAN_CopyMessageToRAM  stm32g4xx_hal_fdcan.o
    0x08001604   0x08001604   0x00000054   Code   RO         3876    i.FLASH_FlushCaches  stm32g4xx_hal_flash_ex.o
    0x08001658   0x08001658   0x00000020   Code   RO         3877    i.FLASH_MassErase   stm32g4xx_hal_flash_ex.o
    0x08001678   0x08001678   0x00000028   Code   RO         3890    i.FLASH_PageErase   stm32g4xx_hal_flash_ex.o
    0x080016a0   0x080016a0   0x0000001c   Code   RO         3767    i.FLASH_Program_DoubleWord  stm32g4xx_hal_flash.o
    0x080016bc   0x080016bc   0x00000030   Code   RO         3768    i.FLASH_Program_Fast  stm32g4xx_hal_flash.o
    0x080016ec   0x080016ec   0x00000074   Code   RO         3769    i.FLASH_WaitForLastOperation  stm32g4xx_hal_flash.o
    0x08001760   0x08001760   0x0000005c   Code   RO         1516    i.FOC_CalcCurrRef   mc_tasks.o
    0x080017bc   0x080017bc   0x0000008c   Code   RO         1517    i.FOC_Clear         mc_tasks.o
    0x08001848   0x08001848   0x00000002   Code   RO         1518    i.FOC_InitAdditionalMethods  mc_tasks.o
    0x0800184a   0x0800184a   0x0000009e   Code   RO         8572    i.FW_CalcCurrRef    flux_weakening_ctrl.o
    0x080018e8   0x080018e8   0x00000018   Code   RO         8573    i.FW_Clear          flux_weakening_ctrl.o
    0x08001900   0x08001900   0x00000028   Code   RO        10562    i.FlashRight        agreement.o
    0x08001928   0x08001928   0x00000040   Code   RO        10673    i.Flash_Read_Init   flash.o
    0x08001968   0x08001968   0x00000028   Code   RO        10563    i.Flash_WriteCheck  agreement.o
    0x08001990   0x08001990   0x00000060   Code   RO        10210    i.GetMotorSpeed     bsp_bdcmotor.o
    0x080019f0   0x080019f0   0x00000008   Code   RO        10674    i.GetPage           flash.o
    0x080019f8   0x080019f8   0x00000058   Code   RO        10213    i.HALLSTUDY_PhaseChange1  bsp_bdcmotor.o
    0x08001a50   0x08001a50   0x00000096   Code   RO         8638    i.HALL_CalcAvrgMecSpeedUnit  hall_speed_pos_fdbk.o
    0x08001ae6   0x08001ae6   0x00000052   Code   RO         8640    i.HALL_Clear        hall_speed_pos_fdbk.o
    0x08001b38   0x08001b38   0x00000030   Code   RO        10214    i.HALL_GetPhase1    bsp_bdcmotor.o
    0x08001b68   0x08001b68   0x00000034   Code   RO        10215    i.HALL_GetPhase2    bsp_bdcmotor.o
    0x08001b9c   0x08001b9c   0x000000f6   Code   RO         8642    i.HALL_Init_Electrical_Angle  hall_speed_pos_fdbk.o
    0x08001c92   0x08001c92   0x00000344   Code   RO         8644    i.HALL_TIMx_CC_IRQHandler  hall_speed_pos_fdbk.o
    0x08001fd6   0x08001fd6   0x0000008a   Code   RO         8645    i.HALL_TIMx_UP_IRQHandler  hall_speed_pos_fdbk.o
    0x08002060   0x08002060   0x00000002   Code   RO         3108    i.HAL_ADCEx_EndOfSamplingCallback  stm32g4xx_hal_adc_ex.o
    0x08002062   0x08002062   0x00000002   PAD
    0x08002064   0x08002064   0x00000620   Code   RO         3110    i.HAL_ADCEx_InjectedConfigChannel  stm32g4xx_hal_adc_ex.o
    0x08002684   0x08002684   0x00000144   Code   RO         2444    i.HAL_ADCEx_InjectedConvCpltCallback  stm32g4xx_it.o
    0x080027c8   0x080027c8   0x00000002   Code   RO         3114    i.HAL_ADCEx_InjectedQueueOverflowCallback  stm32g4xx_hal_adc_ex.o
    0x080027ca   0x080027ca   0x00000002   PAD
    0x080027cc   0x080027cc   0x0000013c   Code   RO         3116    i.HAL_ADCEx_InjectedStart_IT  stm32g4xx_hal_adc_ex.o
    0x08002908   0x08002908   0x00000002   Code   RO         3119    i.HAL_ADCEx_LevelOutOfWindow2Callback  stm32g4xx_hal_adc_ex.o
    0x0800290a   0x0800290a   0x00000002   Code   RO         3120    i.HAL_ADCEx_LevelOutOfWindow3Callback  stm32g4xx_hal_adc_ex.o
    0x0800290c   0x0800290c   0x00000510   Code   RO         2903    i.HAL_ADC_ConfigChannel  stm32g4xx_hal_adc.o
    0x08002e1c   0x08002e1c   0x00000002   Code   RO         2904    i.HAL_ADC_ConvCpltCallback  stm32g4xx_hal_adc.o
    0x08002e1e   0x08002e1e   0x00000002   Code   RO         2907    i.HAL_ADC_ErrorCallback  stm32g4xx_hal_adc.o
    0x08002e20   0x08002e20   0x000002d4   Code   RO         2911    i.HAL_ADC_IRQHandler  stm32g4xx_hal_adc.o
    0x080030f4   0x080030f4   0x0000020c   Code   RO         2912    i.HAL_ADC_Init      stm32g4xx_hal_adc.o
    0x08003300   0x08003300   0x00000002   Code   RO         2913    i.HAL_ADC_LevelOutOfWindowCallback  stm32g4xx_hal_adc.o
    0x08003302   0x08003302   0x00000002   PAD
    0x08003304   0x08003304   0x000000d4   Code   RO         2579    i.HAL_ADC_MspInit   stm32g4xx_hal_msp.o
    0x080033d8   0x080033d8   0x0000011c   Code   RO         7935    i.HAL_FDCAN_ActivateNotification  stm32g4xx_hal_fdcan.o
    0x080034f4   0x080034f4   0x00000050   Code   RO         7936    i.HAL_FDCAN_AddMessageToTxFifoQ  stm32g4xx_hal_fdcan.o
    0x08003544   0x08003544   0x00000060   Code   RO         7938    i.HAL_FDCAN_ConfigFilter  stm32g4xx_hal_fdcan.o
    0x080035a4   0x080035a4   0x00000040   Code   RO         7939    i.HAL_FDCAN_ConfigGlobalFilter  stm32g4xx_hal_fdcan.o
    0x080035e4   0x080035e4   0x00000002   Code   RO         7959    i.HAL_FDCAN_ErrorCallback  stm32g4xx_hal_fdcan.o
    0x080035e6   0x080035e6   0x00000002   Code   RO         7960    i.HAL_FDCAN_ErrorStatusCallback  stm32g4xx_hal_fdcan.o
    0x080035e8   0x080035e8   0x0000001a   Code   RO         7968    i.HAL_FDCAN_GetRxFifoFillLevel  stm32g4xx_hal_fdcan.o
    0x08003602   0x08003602   0x00000002   PAD
    0x08003604   0x08003604   0x00000134   Code   RO         7969    i.HAL_FDCAN_GetRxMessage  stm32g4xx_hal_fdcan.o
    0x08003738   0x08003738   0x00000002   Code   RO         7975    i.HAL_FDCAN_HighPriorityMessageCallback  stm32g4xx_hal_fdcan.o
    0x0800373a   0x0800373a   0x00000186   Code   RO         7976    i.HAL_FDCAN_IRQHandler  stm32g4xx_hal_fdcan.o
    0x080038c0   0x080038c0   0x000001f4   Code   RO         7977    i.HAL_FDCAN_Init    stm32g4xx_hal_fdcan.o
    0x08003ab4   0x08003ab4   0x000000a0   Code   RO         2587    i.HAL_FDCAN_MspInit  stm32g4xx_hal_msp.o
    0x08003b54   0x08003b54   0x0000005c   Code   RO           16    i.HAL_FDCAN_RxFifo0Callback  main.o
    0x08003bb0   0x08003bb0   0x00000002   Code   RO         7985    i.HAL_FDCAN_RxFifo1Callback  stm32g4xx_hal_fdcan.o
    0x08003bb2   0x08003bb2   0x0000002c   Code   RO         7986    i.HAL_FDCAN_Start   stm32g4xx_hal_fdcan.o
    0x08003bde   0x08003bde   0x00000002   Code   RO         7988    i.HAL_FDCAN_TimeoutOccurredCallback  stm32g4xx_hal_fdcan.o
    0x08003be0   0x08003be0   0x00000002   Code   RO         7989    i.HAL_FDCAN_TimestampWraparoundCallback  stm32g4xx_hal_fdcan.o
    0x08003be2   0x08003be2   0x00000002   Code   RO         7990    i.HAL_FDCAN_TxBufferAbortCallback  stm32g4xx_hal_fdcan.o
    0x08003be4   0x08003be4   0x00000002   Code   RO         7991    i.HAL_FDCAN_TxBufferCompleteCallback  stm32g4xx_hal_fdcan.o
    0x08003be6   0x08003be6   0x00000002   Code   RO         7992    i.HAL_FDCAN_TxEventFifoCallback  stm32g4xx_hal_fdcan.o
    0x08003be8   0x08003be8   0x00000002   Code   RO         7993    i.HAL_FDCAN_TxFifoEmptyCallback  stm32g4xx_hal_fdcan.o
    0x08003bea   0x08003bea   0x00000002   PAD
    0x08003bec   0x08003bec   0x000000fc   Code   RO         3894    i.HAL_FLASHEx_Erase  stm32g4xx_hal_flash_ex.o
    0x08003ce8   0x08003ce8   0x0000001c   Code   RO         3773    i.HAL_FLASH_Lock    stm32g4xx_hal_flash.o
    0x08003d04   0x08003d04   0x00000084   Code   RO         3778    i.HAL_FLASH_Program  stm32g4xx_hal_flash.o
    0x08003d88   0x08003d88   0x0000002c   Code   RO         3780    i.HAL_FLASH_Unlock  stm32g4xx_hal_flash.o
    0x08003db4   0x08003db4   0x0000036c   Code   RO         2445    i.HAL_GPIO_EXTI_Callback  stm32g4xx_it.o
    0x08004120   0x08004120   0x00000018   Code   RO         4045    i.HAL_GPIO_EXTI_IRQHandler  stm32g4xx_hal_gpio.o
    0x08004138   0x08004138   0x00000240   Code   RO         4046    i.HAL_GPIO_Init     stm32g4xx_hal_gpio.o
    0x08004378   0x08004378   0x0000000e   Code   RO         4048    i.HAL_GPIO_ReadPin  stm32g4xx_hal_gpio.o
    0x08004386   0x08004386   0x00000010   Code   RO         4049    i.HAL_GPIO_TogglePin  stm32g4xx_hal_gpio.o
    0x08004396   0x08004396   0x0000000c   Code   RO         4050    i.HAL_GPIO_WritePin  stm32g4xx_hal_gpio.o
    0x080043a2   0x080043a2   0x00000002   PAD
    0x080043a4   0x080043a4   0x0000000c   Code   RO         3299    i.HAL_GetTick       stm32g4xx_hal.o
    0x080043b0   0x080043b0   0x0000005a   Code   RO         7878    i.HAL_I2CEx_ConfigAnalogFilter  stm32g4xx_hal_i2c_ex.o
    0x0800440a   0x0800440a   0x00000056   Code   RO         7879    i.HAL_I2CEx_ConfigDigitalFilter  stm32g4xx_hal_i2c_ex.o
    0x08004460   0x08004460   0x000000be   Code   RO         7427    i.HAL_I2C_Init      stm32g4xx_hal_i2c.o
    0x0800451e   0x0800451e   0x00000002   PAD
    0x08004520   0x08004520   0x000001b0   Code   RO         7445    i.HAL_I2C_Mem_Read  stm32g4xx_hal_i2c.o
    0x080046d0   0x080046d0   0x000001a4   Code   RO         7448    i.HAL_I2C_Mem_Write  stm32g4xx_hal_i2c.o
    0x08004874   0x08004874   0x00000064   Code   RO         2588    i.HAL_I2C_MspInit   stm32g4xx_hal_msp.o
    0x080048d8   0x080048d8   0x00000062   Code   RO         7386    i.HAL_IWDG_Init     stm32g4xx_hal_iwdg.o
    0x0800493a   0x0800493a   0x0000000c   Code   RO         7387    i.HAL_IWDG_Refresh  stm32g4xx_hal_iwdg.o
    0x08004946   0x08004946   0x00000002   PAD
    0x08004948   0x08004948   0x00000010   Code   RO         3302    i.HAL_IncTick       stm32g4xx_hal.o
    0x08004958   0x08004958   0x0000001e   Code   RO         3303    i.HAL_Init          stm32g4xx_hal.o
    0x08004976   0x08004976   0x00000002   PAD
    0x08004978   0x08004978   0x0000004c   Code   RO         3304    i.HAL_InitTick      stm32g4xx_hal.o
    0x080049c4   0x080049c4   0x00000038   Code   RO         2589    i.HAL_MspInit       stm32g4xx_hal_msp.o
    0x080049fc   0x080049fc   0x00000024   Code   RO         4692    i.HAL_NVIC_DisableIRQ  stm32g4xx_hal_cortex.o
    0x08004a20   0x08004a20   0x0000001c   Code   RO         4693    i.HAL_NVIC_EnableIRQ  stm32g4xx_hal_cortex.o
    0x08004a3c   0x08004a3c   0x00000068   Code   RO         4699    i.HAL_NVIC_SetPriority  stm32g4xx_hal_cortex.o
    0x08004aa4   0x08004aa4   0x00000024   Code   RO         4700    i.HAL_NVIC_SetPriorityGrouping  stm32g4xx_hal_cortex.o
    0x08004ac8   0x08004ac8   0x000000dc   Code   RO         4449    i.HAL_PWREx_ControlVoltageScaling  stm32g4xx_hal_pwr_ex.o
    0x08004ba4   0x08004ba4   0x00000010   Code   RO         4461    i.HAL_PWREx_DisableUCPDDeadBattery  stm32g4xx_hal_pwr_ex.o
    0x08004bb4   0x08004bb4   0x000002d8   Code   RO         3653    i.HAL_RCCEx_PeriphCLKConfig  stm32g4xx_hal_rcc_ex.o
    0x08004e8c   0x08004e8c   0x00000204   Code   RO         3523    i.HAL_RCC_ClockConfig  stm32g4xx_hal_rcc.o
    0x08005090   0x08005090   0x0000000c   Code   RO         3529    i.HAL_RCC_GetHCLKFreq  stm32g4xx_hal_rcc.o
    0x0800509c   0x0800509c   0x00000024   Code   RO         3531    i.HAL_RCC_GetPCLK1Freq  stm32g4xx_hal_rcc.o
    0x080050c0   0x080050c0   0x00000024   Code   RO         3532    i.HAL_RCC_GetPCLK2Freq  stm32g4xx_hal_rcc.o
    0x080050e4   0x080050e4   0x00000078   Code   RO         3533    i.HAL_RCC_GetSysClockFreq  stm32g4xx_hal_rcc.o
    0x0800515c   0x0800515c   0x00000524   Code   RO         3536    i.HAL_RCC_OscConfig  stm32g4xx_hal_rcc.o
    0x08005680   0x08005680   0x0000001c   Code   RO         4702    i.HAL_SYSTICK_CLKSourceConfig  stm32g4xx_hal_cortex.o
    0x0800569c   0x0800569c   0x00000244   Code   RO           17    i.HAL_SYSTICK_Callback  main.o
    0x080058e0   0x080058e0   0x00000028   Code   RO         4704    i.HAL_SYSTICK_Config  stm32g4xx_hal_cortex.o
    0x08005908   0x08005908   0x00000008   Code   RO         4705    i.HAL_SYSTICK_IRQHandler  stm32g4xx_hal_cortex.o
    0x08005910   0x08005910   0x00000002   Code   RO         5960    i.HAL_TIMEx_Break2Callback  stm32g4xx_hal_tim_ex.o
    0x08005912   0x08005912   0x00000002   PAD
    0x08005914   0x08005914   0x00000060   Code   RO           18    i.HAL_TIMEx_BreakCallback  main.o
    0x08005974   0x08005974   0x00000002   Code   RO         5962    i.HAL_TIMEx_CommutCallback  stm32g4xx_hal_tim_ex.o
    0x08005976   0x08005976   0x00000002   PAD
    0x08005978   0x08005978   0x000000b4   Code   RO         5965    i.HAL_TIMEx_ConfigBreakDeadTime  stm32g4xx_hal_tim_ex.o
    0x08005a2c   0x08005a2c   0x000000cc   Code   RO         5966    i.HAL_TIMEx_ConfigBreakInput  stm32g4xx_hal_tim_ex.o
    0x08005af8   0x08005af8   0x00000002   Code   RO         5973    i.HAL_TIMEx_DirectionChangeCallback  stm32g4xx_hal_tim_ex.o
    0x08005afa   0x08005afa   0x00000002   Code   RO         5987    i.HAL_TIMEx_EncoderIndexCallback  stm32g4xx_hal_tim_ex.o
    0x08005afc   0x08005afc   0x00000002   Code   RO         6001    i.HAL_TIMEx_IndexErrorCallback  stm32g4xx_hal_tim_ex.o
    0x08005afe   0x08005afe   0x00000002   PAD
    0x08005b00   0x08005b00   0x00000098   Code   RO         6002    i.HAL_TIMEx_MasterConfigSynchronization  stm32g4xx_hal_tim_ex.o
    0x08005b98   0x08005b98   0x00000002   Code   RO         6023    i.HAL_TIMEx_TransitionErrorCallback  stm32g4xx_hal_tim_ex.o
    0x08005b9a   0x08005b9a   0x00000064   Code   RO         5235    i.HAL_TIM_Base_Init  stm32g4xx_hal_tim.o
    0x08005bfe   0x08005bfe   0x00000002   PAD
    0x08005c00   0x08005c00   0x000000c4   Code   RO         2593    i.HAL_TIM_Base_MspInit  stm32g4xx_hal_msp.o
    0x08005cc4   0x08005cc4   0x00000080   Code   RO         5240    i.HAL_TIM_Base_Start_IT  stm32g4xx_hal_tim.o
    0x08005d44   0x08005d44   0x00000002   Code   RO         5269    i.HAL_TIM_IC_CaptureCallback  stm32g4xx_hal_tim.o
    0x08005d46   0x08005d46   0x0000020a   Code   RO         5283    i.HAL_TIM_IRQHandler  stm32g4xx_hal_tim.o
    0x08005f50   0x08005f50   0x000000ec   Code   RO         2596    i.HAL_TIM_MspPostInit  stm32g4xx_hal_msp.o
    0x0800603c   0x0800603c   0x00000002   Code   RO         5286    i.HAL_TIM_OC_DelayElapsedCallback  stm32g4xx_hal_tim.o
    0x0800603e   0x0800603e   0x00000064   Code   RO         5288    i.HAL_TIM_OC_Init   stm32g4xx_hal_tim.o
    0x080060a2   0x080060a2   0x00000002   Code   RO         5290    i.HAL_TIM_OC_MspInit  stm32g4xx_hal_tim.o
    0x080060a4   0x080060a4   0x00000130   Code   RO         5307    i.HAL_TIM_PWM_ConfigChannel  stm32g4xx_hal_tim.o
    0x080061d4   0x080061d4   0x00000064   Code   RO         5310    i.HAL_TIM_PWM_Init  stm32g4xx_hal_tim.o
    0x08006238   0x08006238   0x00000002   Code   RO         5312    i.HAL_TIM_PWM_MspInit  stm32g4xx_hal_tim.o
    0x0800623a   0x0800623a   0x00000002   Code   RO         5313    i.HAL_TIM_PWM_PulseFinishedCallback  stm32g4xx_hal_tim.o
    0x0800623c   0x0800623c   0x00000118   Code   RO         5315    i.HAL_TIM_PWM_Start  stm32g4xx_hal_tim.o
    0x08006354   0x08006354   0x00000068   Code   RO           19    i.HAL_TIM_PeriodElapsedCallback  main.o
    0x080063bc   0x080063bc   0x00000002   Code   RO         5326    i.HAL_TIM_TriggerCallback  stm32g4xx_hal_tim.o
    0x080063be   0x080063be   0x0000003e   Code   RO         6796    i.HAL_UARTEx_DisableFifoMode  stm32g4xx_hal_uart_ex.o
    0x080063fc   0x080063fc   0x0000004c   Code   RO         6801    i.HAL_UARTEx_SetRxFifoThreshold  stm32g4xx_hal_uart_ex.o
    0x08006448   0x08006448   0x0000004c   Code   RO         6802    i.HAL_UARTEx_SetTxFifoThreshold  stm32g4xx_hal_uart_ex.o
    0x08006494   0x08006494   0x00000070   Code   RO         6417    i.HAL_UART_Init     stm32g4xx_hal_uart.o
    0x08006504   0x08006504   0x00000070   Code   RO         2598    i.HAL_UART_MspInit  stm32g4xx_hal_msp.o
    0x08006574   0x08006574   0x000000d6   Code   RO         6426    i.HAL_UART_Transmit  stm32g4xx_hal_uart.o
    0x0800664a   0x0800664a   0x00000002   PAD
    0x0800664c   0x0800664c   0x000000cc   Code   RO        10216    i.HallStudyHandle0  bsp_bdcmotor.o
    0x08006718   0x08006718   0x000000d4   Code   RO        10217    i.HallStudyHandle1  bsp_bdcmotor.o
    0x080067ec   0x080067ec   0x00000068   Code   RO         2076    i.HardFault_Handler  stm32g4xx_mc_it.o
    0x08006854   0x08006854   0x000000d8   Code   RO        10878    i.HeartBeat_Message_Handle  canopen_lifegrd.o
    0x0800692c   0x0800692c   0x00000022   Code   RO         7474    i.I2C_Flush_TXDR    stm32g4xx_hal_i2c.o
    0x0800694e   0x0800694e   0x00000002   PAD
    0x08006950   0x08006950   0x0000009c   Code   RO         7482    i.I2C_IsAcknowledgeFailed  stm32g4xx_hal_i2c.o
    0x080069ec   0x080069ec   0x0000007c   Code   RO         7485    i.I2C_RequestMemoryRead  stm32g4xx_hal_i2c.o
    0x08006a68   0x08006a68   0x0000007c   Code   RO         7486    i.I2C_RequestMemoryWrite  stm32g4xx_hal_i2c.o
    0x08006ae4   0x08006ae4   0x00000034   Code   RO         7489    i.I2C_TransferConfig  stm32g4xx_hal_i2c.o
    0x08006b18   0x08006b18   0x0000006c   Code   RO         7491    i.I2C_WaitOnFlagUntilTimeout  stm32g4xx_hal_i2c.o
    0x08006b84   0x08006b84   0x00000058   Code   RO         7493    i.I2C_WaitOnSTOPFlagUntilTimeout  stm32g4xx_hal_i2c.o
    0x08006bdc   0x08006bdc   0x0000005e   Code   RO         7494    i.I2C_WaitOnTXISFlagUntilTimeout  stm32g4xx_hal_i2c.o
    0x08006c3a   0x08006c3a   0x00000002   PAD
    0x08006c3c   0x08006c3c   0x00000164   Code   RO        10336    i.Init_Drive_Para   function.o
    0x08006da0   0x08006da0   0x000000fc   Code   RO        10675    i.InternalFlash     flash.o
    0x08006e9c   0x08006e9c   0x0000007e   Code   RO         1850    i.MCI_ExecBufferedCommands  mc_interface.o
    0x08006f1a   0x08006f1a   0x00000008   Code   RO         1880    i.MCI_StopMotor     mc_interface.o
    0x08006f22   0x08006f22   0x0000003a   Code   RO         1788    i.MCM_Sqrt          mc_math.o
    0x08006f5c   0x08006f5c   0x00000018   Code   RO        10338    i.MC_ClearFault     function.o
    0x08006f74   0x08006f74   0x0000001c   Code   RO         1521    i.MC_RunMotorControlTasks  mc_tasks.o
    0x08006f90   0x08006f90   0x00000060   Code   RO         1522    i.MC_Scheduler      mc_tasks.o
    0x08006ff0   0x08006ff0   0x000000c4   Code   RO        10339    i.MC_SetFault       function.o
    0x080070b4   0x080070b4   0x00000020   Code   RO        10340    i.MC_SetFault1      function.o
    0x080070d4   0x080070d4   0x0000000c   Code   RO          654    i.MC_StopMotor1     mc_api.o
    0x080070e0   0x080070e0   0x0000000c   Code   RO          655    i.MC_StopMotor2     mc_api.o
    0x080070ec   0x080070ec   0x00000044   Code   RO         8711    i.MPM_CalcElMotorPower  motor_power_measurement.o
    0x08007130   0x08007130   0x0000001a   Code   RO         8712    i.MPM_Clear         motor_power_measurement.o
    0x0800714a   0x0800714a   0x00000002   PAD
    0x0800714c   0x0800714c   0x00000128   Code   RO           20    i.MX_ADC1_Init      main.o
    0x08007274   0x08007274   0x00000124   Code   RO           21    i.MX_ADC2_Init      main.o
    0x08007398   0x08007398   0x00000058   Code   RO           22    i.MX_FDCAN1_Init    main.o
    0x080073f0   0x080073f0   0x000000fc   Code   RO           23    i.MX_GPIO_Init      main.o
    0x080074ec   0x080074ec   0x00000060   Code   RO           24    i.MX_I2C3_Init      main.o
    0x0800754c   0x0800754c   0x00000020   Code   RO           25    i.MX_IWDG_Init      main.o
    0x0800756c   0x0800756c   0x000000c6   Code   RO           26    i.MX_NVIC_Init      main.o
    0x08007632   0x08007632   0x00000002   PAD
    0x08007634   0x08007634   0x00000040   Code   RO           27    i.MX_TIM15_Init     main.o
    0x08007674   0x08007674   0x00000044   Code   RO           28    i.MX_TIM16_Init     main.o
    0x080076b8   0x080076b8   0x00000188   Code   RO           29    i.MX_TIM1_Init      main.o
    0x08007840   0x08007840   0x00000058   Code   RO           30    i.MX_TIM4_Init      main.o
    0x08007898   0x08007898   0x00000058   Code   RO           31    i.MX_TIM6_Init      main.o
    0x080078f0   0x080078f0   0x00000194   Code   RO           32    i.MX_TIM8_Init      main.o
    0x08007a84   0x08007a84   0x00000068   Code   RO        10564    i.MX_USART1_UART_Init  agreement.o
    0x08007aec   0x08007aec   0x0000005c   Code   RO        10967    i.MessageType_Check  canopen_nmt.o
    0x08007b48   0x08007b48   0x000000a8   Code   RO        10342    i.MotorA_Default_Phase_Cheek_IT  function.o
    0x08007bf0   0x08007bf0   0x00000124   Code   RO        10343    i.MotorB_Default_Phase_Cheek  function.o
    0x08007d14   0x08007d14   0x00000110   Code   RO        10344    i.MotorB_Default_Phase_Cheek_IT  function.o
    0x08007e24   0x08007e24   0x000000f4   Code   RO        10471    i.Mul_change        sensorless bldc.o
    0x08007f18   0x08007f18   0x000000b0   Code   RO        10968    i.Net_Manager_Handle  canopen_nmt.o
    0x08007fc8   0x08007fc8   0x00000030   Code   RO        11107    i.ODCallback_t_Index1010_Subindex1  canopen_od.o
    0x08007ff8   0x08007ff8   0x00000084   Code   RO        10879    i.ODCallback_t_Index1016_Subindex  canopen_lifegrd.o
    0x0800807c   0x0800807c   0x00000026   Code   RO        11110    i.ODCallback_t_Index2011_Subindex0  canopen_od.o
    0x080080a2   0x080080a2   0x0000003e   Code   RO        11111    i.ODCallback_t_Index2012_Subindex0  canopen_od.o
    0x080080e0   0x080080e0   0x00000058   Code   RO        11602    i.ODCallback_t_RPDO_Communicate  canopen_pdo.o
    0x08008138   0x08008138   0x00000120   Code   RO        11603    i.ODCallback_t_RPDO_Map  canopen_pdo.o
    0x08008258   0x08008258   0x000000bc   Code   RO        11604    i.ODCallback_t_RPDO_MapSubindex0  canopen_pdo.o
    0x08008314   0x08008314   0x000000b0   Code   RO        11605    i.ODCallback_t_TPDO_Communicate  canopen_pdo.o
    0x080083c4   0x080083c4   0x000000c0   Code   RO        11606    i.ODCallback_t_TPDO_Map  canopen_pdo.o
    0x08008484   0x08008484   0x000000bc   Code   RO        11607    i.ODCallback_t_TPDO_MapSubindex0  canopen_pdo.o
    0x08008540   0x08008540   0x00000012   Code   RO        11059    i.OD_Index_san      canopen_objacces.o
    0x08008552   0x08008552   0x00000002   PAD
    0x08008554   0x08008554   0x000005e0   Code   RO        11113    i.ObjDict_Get_Id    canopen_od.o
    0x08008b34   0x08008b34   0x00000734   Code   RO        11114    i.ObjDict_scanIndexOD  canopen_od.o
    0x08009268   0x08009268   0x00000014   Code   RO        11115    i.ObjDict_valueRangeTest  canopen_od.o
    0x0800927c   0x0800927c   0x00000014   Code   RO        10880    i.OnHeartbeatProducerUpdate  canopen_lifegrd.o
    0x08009290   0x08009290   0x0000002c   Code   RO        10783    i.OnNumberOfErrorsUpdate  canopen_emcy.o
    0x080092bc   0x080092bc   0x000000c8   Code   RO        10345    i.Over_VoltageCheck  function.o
    0x08009384   0x08009384   0x00000030   Code   RO        11608    i.PDOEventTimerAlarm  canopen_pdo.o
    0x080093b4   0x080093b4   0x00000030   Code   RO        11609    i.PDOInhibitTimerAlarm  canopen_pdo.o
    0x080093e4   0x080093e4   0x00000050   Code   RO        11610    i.PDOInit           canopen_pdo.o
    0x08009434   0x08009434   0x0000007c   Code   RO        11611    i.PDOStop           canopen_pdo.o
    0x080094b0   0x080094b0   0x00000004   Code   RO         8867    i.PID_GetKIDivisor  pid_regulator.o
    0x080094b4   0x080094b4   0x00000080   Code   RO        10719    i.PID_Init          pid.o
    0x08009534   0x08009534   0x00000090   Code   RO        10720    i.PID_Regulator     pid.o
    0x080095c4   0x080095c4   0x00000004   Code   RO         8871    i.PID_SetIntegralTerm  pid_regulator.o
    0x080095c8   0x080095c8   0x00000004   Code   RO         8878    i.PID_SetLowerIntegralTermLimit  pid_regulator.o
    0x080095cc   0x080095cc   0x00000004   Code   RO         8881    i.PID_SetUpperIntegralTermLimit  pid_regulator.o
    0x080095d0   0x080095d0   0x0000008c   Code   RO         8883    i.PI_Controller     pid_regulator.o
    0x0800965c   0x0800965c   0x00000078   Code   RO         9017    i.PQD_CalcElMotorPower  pqd_motor_power_measurement.o
    0x080096d4   0x080096d4   0x0000004a   Code   RO         9042    i.PWMC_CurrentReadingCalibr  pwm_curr_fdbk.o
    0x0800971e   0x0800971e   0x00000004   Code   RO         9062    i.PWMC_SwitchOffPWM  pwm_curr_fdbk.o
    0x08009722   0x08009722   0x00000002   PAD
    0x08009724   0x08009724   0x00000044   Code   RO        10881    i.ProducerHeartbeatAlarm  canopen_lifegrd.o
    0x08009768   0x08009768   0x000000c8   Code   RO        10565    i.QuickRead         agreement.o
    0x08009830   0x08009830   0x0000000e   Code   RO         9841    i.R3_2_SwitchOffPWM  r3_2_g4xx_pwm_curr_fdbk.o
    0x0800983e   0x0800983e   0x000000b6   Code   RO         9842    i.R3_2_SwitchOnPWM  r3_2_g4xx_pwm_curr_fdbk.o
    0x080098f4   0x080098f4   0x00000050   Code   RO         3537    i.RCC_GetSysClockFreqFromPLLSource  stm32g4xx_hal_rcc.o
    0x08009944   0x08009944   0x00000084   Code   RO        11612    i.RPDO_Direct_SetODentry  canopen_pdo.o
    0x080099c8   0x080099c8   0x000000ea   Code   RO        11613    i.RPDO_Direct_Trans_Init  canopen_pdo.o
    0x08009ab2   0x08009ab2   0x00000002   PAD
    0x08009ab4   0x08009ab4   0x00000040   Code   RO        10219    i.Ramp_Speed        bsp_bdcmotor.o
    0x08009af4   0x08009af4   0x00000028   Code   RO        11060    i.RegisterSetOnDentry_Callback  canopen_objacces.o
    0x08009b1c   0x08009b1c   0x000000ec   Code   RO        10566    i.ReturnError1      agreement.o
    0x08009c08   0x08009c08   0x00000028   Code   RO        10567    i.ReturnRight       agreement.o
    0x08009c30   0x08009c30   0x0000008c   Code   RO        11756    i.SDOTimeoutAlarm   canopen_sdo.o
    0x08009cbc   0x08009cbc   0x000007a0   Code   RO        11757    i.SDO_Email_Handler  canopen_sdo.o
    0x0800a45c   0x0800a45c   0x00000044   Code   RO        11758    i.SDO_Err_Record    canopen_sdo.o
    0x0800a4a0   0x0800a4a0   0x0000004a   Code   RO        11759    i.SDOlineToObjdict  canopen_sdo.o
    0x0800a4ea   0x0800a4ea   0x00000038   Code   RO        11760    i.SDOtoLine         canopen_sdo.o
    0x0800a522   0x0800a522   0x00000006   Code   RO         9461    i.SPD_GetAvrgMecSpeedUnit  speed_pos_fdbk.o
    0x0800a528   0x0800a528   0x00000064   Code   RO         9468    i.SPD_IsMecSpeedReliable  speed_pos_fdbk.o
    0x0800a58c   0x0800a58c   0x00000060   Code   RO         9538    i.STC_CalcTorqueReference  speed_torq_ctrl.o
    0x0800a5ec   0x0800a5ec   0x00000010   Code   RO         9539    i.STC_Clear         speed_torq_ctrl.o
    0x0800a5fc   0x0800a5fc   0x0000009a   Code   RO         9540    i.STC_ExecRamp      speed_torq_ctrl.o
    0x0800a696   0x0800a696   0x00000010   Code   RO         9541    i.STC_ForceSpeedReferenceToCurrentSpeed  speed_torq_ctrl.o
    0x0800a6a6   0x0800a6a6   0x0000000c   Code   RO         9549    i.STC_GetTorqueRef  speed_torq_ctrl.o
    0x0800a6b2   0x0800a6b2   0x00000008   Code   RO         9552    i.STC_SetControlMode  speed_torq_ctrl.o
    0x0800a6ba   0x0800a6ba   0x00000004   Code   RO         9554    i.STC_SetSpeedSensor  speed_torq_ctrl.o
    0x0800a6be   0x0800a6be   0x00000036   Code   RO         9671    i.STM_FaultProcessing  state_machine.o
    0x0800a6f4   0x0800a6f4   0x00000004   Code   RO         9673    i.STM_GetState      state_machine.o
    0x0800a6f8   0x0800a6f8   0x00000154   Code   RO         9675    i.STM_NextState     state_machine.o
    0x0800a84c   0x0800a84c   0x00000010   Code   RO         2727    i.STSPIN32G4_clearFaults  stspin32g4.o
    0x0800a85c   0x0800a85c   0x00000016   Code   RO         2732    i.STSPIN32G4_getStatus  stspin32g4.o
    0x0800a872   0x0800a872   0x00000002   PAD
    0x0800a874   0x0800a874   0x00000084   Code   RO         2736    i.STSPIN32G4_init   stspin32g4.o
    0x0800a8f8   0x0800a8f8   0x00000034   Code   RO         2737    i.STSPIN32G4_lockReg  stspin32g4.o
    0x0800a92c   0x0800a92c   0x00000034   Code   RO         2738    i.STSPIN32G4_readReg  stspin32g4.o
    0x0800a960   0x0800a960   0x00000032   Code   RO         2739    i.STSPIN32G4_reset  stspin32g4.o
    0x0800a992   0x0800a992   0x00000126   Code   RO         2744    i.STSPIN32G4_setVCC  stspin32g4.o
    0x0800aab8   0x0800aab8   0x00000034   Code   RO         2747    i.STSPIN32G4_unlockReg  stspin32g4.o
    0x0800aaec   0x0800aaec   0x0000002e   Code   RO         2749    i.STSPIN32G4_writeReg  stspin32g4.o
    0x0800ab1a   0x0800ab1a   0x0000003c   Code   RO        10969    i.SendBootUp        canopen_nmt.o
    0x0800ab56   0x0800ab56   0x0000006e   Code   RO        11761    i.SendSDO           canopen_sdo.o
    0x0800abc4   0x0800abc4   0x000000dc   Code   RO        10472    i.SensorlessBLDC1_PhaseChange  sensorless bldc.o
    0x0800aca0   0x0800aca0   0x0000003c   Code   RO        10473    i.Sensorless_ChangePwm  sensorless bldc.o
    0x0800acdc   0x0800acdc   0x000001d4   Code   RO        10474    i.Sensorless_Start  sensorless bldc.o
    0x0800aeb0   0x0800aeb0   0x00000090   Code   RO        11934    i.SetAlarm          canopen_timer.o
    0x0800af40   0x0800af40   0x00000144   Code   RO        10220    i.SetMotorSpeed     bsp_bdcmotor.o
    0x0800b084   0x0800b084   0x0000008c   Code   RO        10221    i.SetMotorStop      bsp_bdcmotor.o
    0x0800b110   0x0800b110   0x00000148   Code   RO        10970    i.SetNodeId         canopen_nmt.o
    0x0800b258   0x0800b258   0x000000a0   Code   RO        10971    i.SetState          canopen_nmt.o
    0x0800b2f8   0x0800b2f8   0x000000dc   Code   RO        10568    i.Startagreement    agreement.o
    0x0800b3d4   0x0800b3d4   0x00000028   Code   RO        11883    i.StopSync          canopen_sync.o
    0x0800b3fc   0x0800b3fc   0x000000de   Code   RO        10972    i.SwitchCommunication_State  canopen_nmt.o
    0x0800b4da   0x0800b4da   0x00000002   PAD
    0x0800b4dc   0x0800b4dc   0x00000028   Code   RO         2077    i.SysTick_Handler   stm32g4xx_mc_it.o
    0x0800b504   0x0800b504   0x00000050   Code   RO           33    i.Sys_Time          main.o
    0x0800b554   0x0800b554   0x000000ca   Code   RO           34    i.SystemClock_Config  main.o
    0x0800b61e   0x0800b61e   0x00000002   PAD
    0x0800b620   0x0800b620   0x0000001c   Code   RO         8323    i.SystemInit        system_stm32g4xx.o
    0x0800b63c   0x0800b63c   0x00000002   Code   RO         2078    i.TIM1_BRK_TIM15_IRQHandler  stm32g4xx_mc_it.o
    0x0800b63e   0x0800b63e   0x00000002   PAD
    0x0800b640   0x0800b640   0x00000024   Code   RO         2079    i.TIM1_UP_TIM16_IRQHandler  stm32g4xx_mc_it.o
    0x0800b664   0x0800b664   0x00000040   Code   RO         2080    i.TIM2_IRQHandler   stm32g4xx_mc_it.o
    0x0800b6a4   0x0800b6a4   0x0000000c   Code   RO         2081    i.TIM4_IRQHandler   stm32g4xx_mc_it.o
    0x0800b6b0   0x0800b6b0   0x00000028   Code   RO        11935    i.TIM6_DAC_IRQHandler  canopen_timer.o
    0x0800b6d8   0x0800b6d8   0x00000002   Code   RO         2082    i.TIM8_BRK_IRQHandler  stm32g4xx_mc_it.o
    0x0800b6da   0x0800b6da   0x00000002   Code   RO         2083    i.TIM8_UP_IRQHandler  stm32g4xx_mc_it.o
    0x0800b6dc   0x0800b6dc   0x000000b0   Code   RO         5328    i.TIM_Base_SetConfig  stm32g4xx_hal_tim.o
    0x0800b78c   0x0800b78c   0x0000001e   Code   RO         5329    i.TIM_CCxChannelCmd  stm32g4xx_hal_tim.o
    0x0800b7aa   0x0800b7aa   0x00000002   PAD
    0x0800b7ac   0x0800b7ac   0x000000a8   Code   RO         5341    i.TIM_OC1_SetConfig  stm32g4xx_hal_tim.o
    0x0800b854   0x0800b854   0x0000009c   Code   RO         5342    i.TIM_OC2_SetConfig  stm32g4xx_hal_tim.o
    0x0800b8f0   0x0800b8f0   0x0000009c   Code   RO         5343    i.TIM_OC3_SetConfig  stm32g4xx_hal_tim.o
    0x0800b98c   0x0800b98c   0x0000009c   Code   RO         5344    i.TIM_OC4_SetConfig  stm32g4xx_hal_tim.o
    0x0800ba28   0x0800ba28   0x00000074   Code   RO         5345    i.TIM_OC5_SetConfig  stm32g4xx_hal_tim.o
    0x0800ba9c   0x0800ba9c   0x00000076   Code   RO         5346    i.TIM_OC6_SetConfig  stm32g4xx_hal_tim.o
    0x0800bb12   0x0800bb12   0x00000002   PAD
    0x0800bb14   0x0800bb14   0x00000014   Code   RO         1524    i.TSK_ChargeBootCapDelayHasElapsedM1  mc_tasks.o
    0x0800bb28   0x0800bb28   0x00000014   Code   RO         1525    i.TSK_ChargeBootCapDelayHasElapsedM2  mc_tasks.o
    0x0800bb3c   0x0800bb3c   0x00000034   Code   RO         1527    i.TSK_HardwareFaultTask  mc_tasks.o
    0x0800bb70   0x0800bb70   0x00000320   Code   RO         1529    i.TSK_MediumFrequencyTaskM1  mc_tasks.o
    0x0800be90   0x0800be90   0x00000364   Code   RO         1530    i.TSK_MediumFrequencyTaskM2  mc_tasks.o
    0x0800c1f4   0x0800c1f4   0x0000000c   Code   RO         1533    i.TSK_SetChargeBootCapDelayM1  mc_tasks.o
    0x0800c200   0x0800c200   0x0000000c   Code   RO         1534    i.TSK_SetChargeBootCapDelayM2  mc_tasks.o
    0x0800c20c   0x0800c20c   0x0000000c   Code   RO         1535    i.TSK_SetStopPermanencyTimeM1  mc_tasks.o
    0x0800c218   0x0800c218   0x0000000c   Code   RO         1536    i.TSK_SetStopPermanencyTimeM2  mc_tasks.o
    0x0800c224   0x0800c224   0x00000014   Code   RO         1537    i.TSK_StopPermanencyTimeHasElapsedM1  mc_tasks.o
    0x0800c238   0x0800c238   0x00000014   Code   RO         1538    i.TSK_StopPermanencyTimeHasElapsedM2  mc_tasks.o
    0x0800c24c   0x0800c24c   0x000000b4   Code   RO        11936    i.TimeDispatch      canopen_timer.o
    0x0800c300   0x0800c300   0x0000002c   Code   RO        11937    i.TimerForCan       canopen_timer.o
    0x0800c32c   0x0800c32c   0x00000078   Code   RO         6806    i.UARTEx_SetNbDataToProcess  stm32g4xx_hal_uart_ex.o
    0x0800c3a4   0x0800c3a4   0x000000d8   Code   RO         6431    i.UART_AdvFeatureConfig  stm32g4xx_hal_uart.o
    0x0800c47c   0x0800c47c   0x00000066   Code   RO         6432    i.UART_CheckIdleState  stm32g4xx_hal_uart.o
    0x0800c4e2   0x0800c4e2   0x00000002   PAD
    0x0800c4e4   0x0800c4e4   0x000002e8   Code   RO         6450    i.UART_SetConfig    stm32g4xx_hal_uart.o
    0x0800c7cc   0x0800c7cc   0x000000c2   Code   RO         6455    i.UART_WaitOnFlagUntilTimeout  stm32g4xx_hal_uart.o
    0x0800c88e   0x0800c88e   0x00000012   Code   RO        10133    i.UFCP_OVR_IRQ_Handler  usart_frame_communication_protocol.o
    0x0800c8a0   0x0800c8a0   0x000000c0   Code   RO        10134    i.UFCP_RX_IRQ_Handler  usart_frame_communication_protocol.o
    0x0800c960   0x0800c960   0x00000054   Code   RO        10136    i.UFCP_Send         usart_frame_communication_protocol.o
    0x0800c9b4   0x0800c9b4   0x00000064   Code   RO        10138    i.UFCP_TX_IRQ_Handler  usart_frame_communication_protocol.o
    0x0800ca18   0x0800ca18   0x0000002c   Code   RO         2179    i.UI_Scheduler      ui_task.o
    0x0800ca44   0x0800ca44   0x0000000c   Code   RO         2182    i.UI_SerialCommunicationTimeOutStart  ui_task.o
    0x0800ca50   0x0800ca50   0x0000000c   Code   RO         2183    i.UI_SerialCommunicationTimeOutStop  ui_task.o
    0x0800ca5c   0x0800ca5c   0x00000064   Code   RO        10569    i.USART1_IRQHandler  agreement.o
    0x0800cac0   0x0800cac0   0x0000000a   Code   RO         8361    i.VBS_GetAvBusVoltage_V  bus_voltage_sensor.o
    0x0800caca   0x0800caca   0x0000007a   Code   RO         9733    i.VSS_SetMecAcceleration  virtual_speed_sensor.o
    0x0800cb44   0x0800cb44   0x0000000e   Code   RO         9734    i.VSS_SetMecAngle   virtual_speed_sensor.o
    0x0800cb52   0x0800cb52   0x00000002   Code   RO        11616    i._RxPDO_EventTimers_Handler  canopen_pdo.o
    0x0800cb54   0x0800cb54   0x00000020   Code   RO        12068    i.__0printf$1       mc_w.l(printf1.o)
    0x0800cb74   0x0800cb74   0x0000000e   Code   RO        12324    i.__scatterload_copy  mc_w.l(handlers.o)
    0x0800cb82   0x0800cb82   0x00000002   Code   RO        12325    i.__scatterload_null  mc_w.l(handlers.o)
    0x0800cb84   0x0800cb84   0x0000000e   Code   RO        12326    i.__scatterload_zeroinit  mc_w.l(handlers.o)
    0x0800cb92   0x0800cb92   0x00000002   PAD
    0x0800cb94   0x0800cb94   0x00000108   Code   RO        11061    i._getODentry       canopen_objacces.o
    0x0800cc9c   0x0800cc9c   0x00000018   Code   RO        10882    i._heartbeatError   canopen_lifegrd.o
    0x0800ccb4   0x0800ccb4   0x00000002   Code   RO        10973    i._initialisation   canopen_nmt.o
    0x0800ccb6   0x0800ccb6   0x00000002   Code   RO        10974    i._operational      canopen_nmt.o
    0x0800ccb8   0x0800ccb8   0x00000002   Code   RO        10883    i._post_SlaveStateChange  canopen_lifegrd.o
    0x0800ccba   0x0800ccba   0x00000002   Code   RO        11884    i._post_TPDO        canopen_sync.o
    0x0800ccbc   0x0800ccbc   0x00000002   Code   RO        11885    i._post_sync        canopen_sync.o
    0x0800ccbe   0x0800ccbe   0x00000002   Code   RO        10975    i._preOperational   canopen_nmt.o
    0x0800ccc0   0x0800ccc0   0x00000154   Code   RO        12075    i._printf_core      mc_w.l(printf1.o)
    0x0800ce14   0x0800ce14   0x00000188   Code   RO        11617    i._sendPDOevent     canopen_pdo.o
    0x0800cf9c   0x0800cf9c   0x0000012c   Code   RO        11062    i._setODentry       canopen_objacces.o
    0x0800d0c8   0x0800d0c8   0x00000002   Code   RO        11116    i._storeODSubIndex  canopen_od.o
    0x0800d0ca   0x0800d0ca   0x000000de   Code   RO        11618    i.buildPDO          canopen_pdo.o
    0x0800d1a8   0x0800d1a8   0x000002b4   Code   RO        10570    i.changestartstop   agreement.o
    0x0800d45c   0x0800d45c   0x00000020   Code   RO        10785    i.emergencyInit     canopen_emcy.o
    0x0800d47c   0x0800d47c   0x00000002   Code   RO        10786    i.emergencyStop     canopen_emcy.o
    0x0800d47e   0x0800d47e   0x000000a8   Code   RO        11763    i.failedSDO         canopen_sdo.o
    0x0800d526   0x0800d526   0x00000002   PAD
    0x0800d528   0x0800d528   0x0000001c   Code   RO           36    i.fputc             main.o
    0x0800d544   0x0800d544   0x00000018   Code   RO        11938    i.getElapsedTime    canopen_timer.o
    0x0800d55c   0x0800d55c   0x00000004   Code   RO        10977    i.getNodeId         canopen_nmt.o
    0x0800d560   0x0800d560   0x00000032   Code   RO        11764    i.getSDOfreeLine    canopen_sdo.o
    0x0800d592   0x0800d592   0x00000048   Code   RO        11765    i.getSDOlineOnUse   canopen_sdo.o
    0x0800d5da   0x0800d5da   0x00000022   Code   RO        11766    i.getSDOlineRestBytes  canopen_sdo.o
    0x0800d5fc   0x0800d5fc   0x0000003c   Code   RO        10884    i.heartbeatInit     canopen_lifegrd.o
    0x0800d638   0x0800d638   0x00000014   Code   RO        10885    i.heartbeatStop     canopen_lifegrd.o
    0x0800d64c   0x0800d64c   0x00000094   Code   RO        11768    i.initSDOline       canopen_sdo.o
    0x0800d6e0   0x0800d6e0   0x00000004   Code   RO        10886    i.lifeGuardInit     canopen_lifegrd.o
    0x0800d6e4   0x0800d6e4   0x00000004   Code   RO        10887    i.lifeGuardStop     canopen_lifegrd.o
    0x0800d6e8   0x0800d6e8   0x0000004a   Code   RO        11769    i.lineToSDO         canopen_sdo.o
    0x0800d732   0x0800d732   0x00000002   PAD
    0x0800d734   0x0800d734   0x000001f0   Code   RO           37    i.main              main.o
    0x0800d924   0x0800d924   0x00000048   Code   RO        11770    i.objdictToSDOline  canopen_sdo.o
    0x0800d96c   0x0800d96c   0x000002f0   Code   RO        11619    i.proceedPDO        canopen_pdo.o
    0x0800dc5c   0x0800dc5c   0x00000040   Code   RO        11886    i.proceedSYNC       canopen_sync.o
    0x0800dc9c   0x0800dc9c   0x00000018   Code   RO        11771    i.resetSDO          canopen_sdo.o
    0x0800dcb4   0x0800dcb4   0x0000003c   Code   RO        11772    i.resetSDOline      canopen_sdo.o
    0x0800dcf0   0x0800dcf0   0x00000138   Code   RO        11620    i.sendOnePDOevent   canopen_pdo.o
    0x0800de28   0x0800de28   0x00000060   Code   RO        11623    i.sendPdo           canopen_pdo.o
    0x0800de88   0x0800de88   0x00000010   Code   RO        11773    i.setSDOlineRestBytes  canopen_sdo.o
    0x0800de98   0x0800de98   0x0000001c   Code   RO        11939    i.setTimer          canopen_timer.o
    0x0800deb4   0x0800deb4   0x00000003   Data   RO           53    .constdata          main.o
    0x0800deb7   0x0800deb7   0x00000040   Data   RO         2447    .constdata          stm32g4xx_it.o
    0x0800def7   0x0800def7   0x00000001   PAD
    0x0800def8   0x0800def8   0x00000018   Data   RO         6456    .constdata          stm32g4xx_hal_uart.o
    0x0800df10   0x0800df10   0x00000010   Data   RO         7994    .constdata          stm32g4xx_hal_fdcan.o
    0x0800df20   0x0800df20   0x00000010   Data   RO         8324    .constdata          system_stm32g4xx.o
    0x0800df30   0x0800df30   0x00000008   Data   RO         8325    .constdata          system_stm32g4xx.o
    0x0800df38   0x0800df38   0x00000006   Data   RO        10139    .constdata          usart_frame_communication_protocol.o
    0x0800df3e   0x0800df3e   0x00000002   PAD
    0x0800df40   0x0800df40   0x00000e10   Data   RO        10572    .constdata          agreement.o
    0x0800ed50   0x0800ed50   0x00000040   Data   RO        10978    .constdata          canopen_nmt.o
    0x0800ed90   0x0800ed90   0x0000000c   Data   RO        11124    .constdata          canopen_od.o
    0x0800ed9c   0x0800ed9c   0x0000000c   Data   RO        11125    .constdata          canopen_od.o
    0x0800eda8   0x0800eda8   0x000005b0   Data   RO        11126    .constdata          canopen_od.o
    0x0800f358   0x0800f358   0x00000020   Data   RO        12322    Region$$Table       anon$$obj.o


    Execution Region RW_IRAM1 (Exec base: 0x20000000, Load base: 0x0800f378, Size: 0x00005960, Max: 0x00008000, ABSOLUTE, COMPRESSED[0x00000f90])

    Exec Addr    Load Addr    Size         Type   Attr      Idx    E Section Name        Object

    0x20000000   COMPRESSED   0x00000015   Data   RW           54    .data               main.o
    0x20000015   COMPRESSED   0x00000003   PAD
    0x20000018   COMPRESSED   0x00000004   Data   RW           58    .data               main.o
    0x2000001c   COMPRESSED   0x00000018   Data   RW         1301    .data               motorcontrol.o
    0x20000034   COMPRESSED   0x0000002c   Data   RW         1453    .data               mc_config.o
    0x20000060   COMPRESSED   0x0000002c   Data   RW         1454    .data               mc_config.o
    0x2000008c   COMPRESSED   0x00000038   Data   RW         1469    .data               mc_config.o
    0x200000c4   COMPRESSED   0x00000038   Data   RW         1471    .data               mc_config.o
    0x200000fc   COMPRESSED   0x0000007c   Data   RW         1472    .data               mc_config.o
    0x20000178   COMPRESSED   0x0000001c   Data   RW         1473    .data               mc_config.o
    0x20000194   COMPRESSED   0x0000007c   Data   RW         1474    .data               mc_config.o
    0x20000210   COMPRESSED   0x0000001c   Data   RW         1475    .data               mc_config.o
    0x2000022c   COMPRESSED   0x000000c8   Data   RW         1476    .data               mc_config.o
    0x200002f4   COMPRESSED   0x000000c8   Data   RW         1477    .data               mc_config.o
    0x200003bc   COMPRESSED   0x0000013c   Data   RW         1488    .data               mc_config.o
    0x200004f8   COMPRESSED   0x0000007c   Data   RW         1542    .data               mc_tasks.o
    0x20000574   COMPRESSED   0x00000001   Data   RW         2084    .data               stm32g4xx_mc_it.o
    0x20000575   COMPRESSED   0x00000003   PAD
    0x20000578   COMPRESSED   0x00000010   Data   RW         2187    .data               ui_task.o
    0x20000588   COMPRESSED   0x0000000c   Data   RW         2450    .data               stm32g4xx_it.o
    0x20000594   COMPRESSED   0x00000004   Data   RW         2462    .data               stm32g4xx_it.o
    0x20000598   COMPRESSED   0x00000004   Data   RW         2600    .data               stm32g4xx_hal_msp.o
    0x2000059c   COMPRESSED   0x0000000c   Data   RW         3323    .data               stm32g4xx_hal.o
    0x200005a8   COMPRESSED   0x00000020   Data   RW         3781    .data               stm32g4xx_hal_flash.o
    0x200005c8   COMPRESSED   0x00000004   Data   RW         8326    .data               system_stm32g4xx.o
    0x200005cc   COMPRESSED   0x0000000c   Data   RW        10225    .data               bsp_bdcmotor.o
    0x200005d8   COMPRESSED   0x0000002c   Data   RW        10348    .data               function.o
    0x20000604   COMPRESSED   0x0000001e   Data   RW        10478    .data               sensorless bldc.o
    0x20000622   COMPRESSED   0x00000002   PAD
    0x20000624   COMPRESSED   0x00000014   Data   RW        10573    .data               agreement.o
    0x20000638   COMPRESSED   0x0000001c   Data   RW        10677    .data               flash.o
    0x20000654   COMPRESSED   0x00000001   Data   RW        10888    .data               canopen_lifegrd.o
    0x20000655   COMPRESSED   0x00000003   PAD
    0x20000658   COMPRESSED   0x00000004   Data   RW        11131    .data               canopen_od.o
    0x2000065c   COMPRESSED   0x00000004   Data   RW        11133    .data               canopen_od.o
    0x20000660   COMPRESSED   0x00000004   Data   RW        11134    .data               canopen_od.o
    0x20000664   COMPRESSED   0x00000004   Data   RW        11135    .data               canopen_od.o
    0x20000668   COMPRESSED   0x00000014   Data   RW        11136    .data               canopen_od.o
    0x2000067c   COMPRESSED   0x00000001   Data   RW        11137    .data               canopen_od.o
    0x2000067d   COMPRESSED   0x00000003   PAD
    0x20000680   COMPRESSED   0x00000014   Data   RW        11138    .data               canopen_od.o
    0x20000694   COMPRESSED   0x00000004   Data   RW        11139    .data               canopen_od.o
    0x20000698   COMPRESSED   0x00000014   Data   RW        11140    .data               canopen_od.o
    0x200006ac   COMPRESSED   0x00000001   Data   RW        11141    .data               canopen_od.o
    0x200006ad   COMPRESSED   0x00000003   PAD
    0x200006b0   COMPRESSED   0x00000004   Data   RW        11142    .data               canopen_od.o
    0x200006b4   COMPRESSED   0x00000028   Data   RW        11143    .data               canopen_od.o
    0x200006dc   COMPRESSED   0x00000004   Data   RW        11144    .data               canopen_od.o
    0x200006e0   COMPRESSED   0x00000014   Data   RW        11145    .data               canopen_od.o
    0x200006f4   COMPRESSED   0x00000004   Data   RW        11146    .data               canopen_od.o
    0x200006f8   COMPRESSED   0x00000014   Data   RW        11147    .data               canopen_od.o
    0x2000070c   COMPRESSED   0x00000004   Data   RW        11148    .data               canopen_od.o
    0x20000710   COMPRESSED   0x00000014   Data   RW        11149    .data               canopen_od.o
    0x20000724   COMPRESSED   0x00000008   Data   RW        11150    .data               canopen_od.o
    0x2000072c   COMPRESSED   0x00000014   Data   RW        11151    .data               canopen_od.o
    0x20000740   COMPRESSED   0x00000004   Data   RW        11152    .data               canopen_od.o
    0x20000744   COMPRESSED   0x00000014   Data   RW        11153    .data               canopen_od.o
    0x20000758   COMPRESSED   0x00000004   Data   RW        11154    .data               canopen_od.o
    0x2000075c   COMPRESSED   0x00000014   Data   RW        11155    .data               canopen_od.o
    0x20000770   COMPRESSED   0x00000002   Data   RW        11156    .data               canopen_od.o
    0x20000772   COMPRESSED   0x00000002   PAD
    0x20000774   COMPRESSED   0x00000014   Data   RW        11157    .data               canopen_od.o
    0x20000788   COMPRESSED   0x00000001   Data   RW        11158    .data               canopen_od.o
    0x20000789   COMPRESSED   0x00000003   PAD
    0x2000078c   COMPRESSED   0x00000014   Data   RW        11159    .data               canopen_od.o
    0x200007a0   COMPRESSED   0x00000004   Data   RW        11160    .data               canopen_od.o
    0x200007a4   COMPRESSED   0x00000004   Data   RW        11161    .data               canopen_od.o
    0x200007a8   COMPRESSED   0x00000300   Data   RW        11162    .data               canopen_od.o
    0x20000aa8   COMPRESSED   0x00000028   Data   RW        11163    .data               canopen_od.o
    0x20000ad0   COMPRESSED   0x00000004   Data   RW        11164    .data               canopen_od.o
    0x20000ad4   COMPRESSED   0x00000028   Data   RW        11165    .data               canopen_od.o
    0x20000afc   COMPRESSED   0x00000004   Data   RW        11166    .data               canopen_od.o
    0x20000b00   COMPRESSED   0x00000014   Data   RW        11167    .data               canopen_od.o
    0x20000b14   COMPRESSED   0x00000004   Data   RW        11168    .data               canopen_od.o
    0x20000b18   COMPRESSED   0x00000014   Data   RW        11169    .data               canopen_od.o
    0x20000b2c   COMPRESSED   0x00000004   Data   RW        11170    .data               canopen_od.o
    0x20000b30   COMPRESSED   0x00000014   Data   RW        11171    .data               canopen_od.o
    0x20000b44   COMPRESSED   0x00000004   Data   RW        11172    .data               canopen_od.o
    0x20000b48   COMPRESSED   0x00000014   Data   RW        11173    .data               canopen_od.o
    0x20000b5c   COMPRESSED   0x00000001   Data   RW        11174    .data               canopen_od.o
    0x20000b5d   COMPRESSED   0x00000003   PAD
    0x20000b60   COMPRESSED   0x00000014   Data   RW        11175    .data               canopen_od.o
    0x20000b74   COMPRESSED   0x00000078   Data   RW        11176    .data               canopen_od.o
    0x20000bec   COMPRESSED   0x00000014   Data   RW        11178    .data               canopen_od.o
    0x20000c00   COMPRESSED   0x00000064   Data   RW        11179    .data               canopen_od.o
    0x20000c64   COMPRESSED   0x00000001   Data   RW        11180    .data               canopen_od.o
    0x20000c65   COMPRESSED   0x00000003   PAD
    0x20000c68   COMPRESSED   0x00000014   Data   RW        11181    .data               canopen_od.o
    0x20000c7c   COMPRESSED   0x00000004   Data   RW        11182    .data               canopen_od.o
    0x20000c80   COMPRESSED   0x00000028   Data   RW        11183    .data               canopen_od.o
    0x20000ca8   COMPRESSED   0x00000001   Data   RW        11184    .data               canopen_od.o
    0x20000ca9   COMPRESSED   0x00000003   PAD
    0x20000cac   COMPRESSED   0x00000004   Data   RW        11185    .data               canopen_od.o
    0x20000cb0   COMPRESSED   0x00000004   Data   RW        11186    .data               canopen_od.o
    0x20000cb4   COMPRESSED   0x00000001   Data   RW        11187    .data               canopen_od.o
    0x20000cb5   COMPRESSED   0x00000003   PAD
    0x20000cb8   COMPRESSED   0x00000050   Data   RW        11188    .data               canopen_od.o
    0x20000d08   COMPRESSED   0x00000001   Data   RW        11189    .data               canopen_od.o
    0x20000d09   COMPRESSED   0x00000003   PAD
    0x20000d0c   COMPRESSED   0x00000004   Data   RW        11190    .data               canopen_od.o
    0x20000d10   COMPRESSED   0x00000004   Data   RW        11191    .data               canopen_od.o
    0x20000d14   COMPRESSED   0x00000001   Data   RW        11192    .data               canopen_od.o
    0x20000d15   COMPRESSED   0x00000003   PAD
    0x20000d18   COMPRESSED   0x00000050   Data   RW        11193    .data               canopen_od.o
    0x20000d68   COMPRESSED   0x0000003c   Data   RW        11194    .data               canopen_od.o
    0x20000da4   COMPRESSED   0x0000003c   Data   RW        11195    .data               canopen_od.o
    0x20000de0   COMPRESSED   0x0000003c   Data   RW        11196    .data               canopen_od.o
    0x20000e1c   COMPRESSED   0x0000003c   Data   RW        11197    .data               canopen_od.o
    0x20000e58   COMPRESSED   0x000000b4   Data   RW        11198    .data               canopen_od.o
    0x20000f0c   COMPRESSED   0x000000b4   Data   RW        11199    .data               canopen_od.o
    0x20000fc0   COMPRESSED   0x000000b4   Data   RW        11200    .data               canopen_od.o
    0x20001074   COMPRESSED   0x000000b4   Data   RW        11201    .data               canopen_od.o
    0x20001128   COMPRESSED   0x0000008c   Data   RW        11202    .data               canopen_od.o
    0x200011b4   COMPRESSED   0x0000008c   Data   RW        11203    .data               canopen_od.o
    0x20001240   COMPRESSED   0x0000008c   Data   RW        11204    .data               canopen_od.o
    0x200012cc   COMPRESSED   0x0000008c   Data   RW        11205    .data               canopen_od.o
    0x20001358   COMPRESSED   0x000000b4   Data   RW        11206    .data               canopen_od.o
    0x2000140c   COMPRESSED   0x000000b4   Data   RW        11207    .data               canopen_od.o
    0x200014c0   COMPRESSED   0x000000b4   Data   RW        11208    .data               canopen_od.o
    0x20001574   COMPRESSED   0x000000b4   Data   RW        11209    .data               canopen_od.o
    0x20001628   COMPRESSED   0x00000001   Data   RW        11210    .data               canopen_od.o
    0x20001629   COMPRESSED   0x00000001   Data   RW        11211    .data               canopen_od.o
    0x2000162a   COMPRESSED   0x00000001   Data   RW        11212    .data               canopen_od.o
    0x2000162b   COMPRESSED   0x00000001   Data   RW        11213    .data               canopen_od.o
    0x2000162c   COMPRESSED   0x000000b4   Data   RW        11214    .data               canopen_od.o
    0x200016e0   COMPRESSED   0x00000001   Data   RW        11215    .data               canopen_od.o
    0x200016e1   COMPRESSED   0x00000001   Data   RW        11217    .data               canopen_od.o
    0x200016e2   COMPRESSED   0x00000001   Data   RW        11218    .data               canopen_od.o
    0x200016e3   COMPRESSED   0x00000001   Data   RW        11219    .data               canopen_od.o
    0x200016e4   COMPRESSED   0x00000001   Data   RW        11221    .data               canopen_od.o
    0x200016e5   COMPRESSED   0x00000001   Data   RW        11222    .data               canopen_od.o
    0x200016e6   COMPRESSED   0x00000001   Data   RW        11223    .data               canopen_od.o
    0x200016e7   COMPRESSED   0x00000001   PAD
    0x200016e8   COMPRESSED   0x0000003c   Data   RW        11224    .data               canopen_od.o
    0x20001724   COMPRESSED   0x0000003c   Data   RW        11225    .data               canopen_od.o
    0x20001760   COMPRESSED   0x0000003c   Data   RW        11226    .data               canopen_od.o
    0x2000179c   COMPRESSED   0x0000003c   Data   RW        11227    .data               canopen_od.o
    0x200017d8   COMPRESSED   0x0000003c   Data   RW        11228    .data               canopen_od.o
    0x20001814   COMPRESSED   0x0000003c   Data   RW        11229    .data               canopen_od.o
    0x20001850   COMPRESSED   0x0000003c   Data   RW        11230    .data               canopen_od.o
    0x2000188c   COMPRESSED   0x00000104   Data   RW        11231    .data               canopen_od.o
    0x20001990   COMPRESSED   0x0000003c   Data   RW        11232    .data               canopen_od.o
    0x200019cc   COMPRESSED   0x000000dc   Data   RW        11233    .data               canopen_od.o
    0x20001aa8   COMPRESSED   0x0000003c   Data   RW        11234    .data               canopen_od.o
    0x20001ae4   COMPRESSED   0x0000003c   Data   RW        11235    .data               canopen_od.o
    0x20001b20   COMPRESSED   0x0000003c   Data   RW        11236    .data               canopen_od.o
    0x20001b5c   COMPRESSED   0x0000003c   Data   RW        11237    .data               canopen_od.o
    0x20001b98   COMPRESSED   0x000000a0   Data   RW        11238    .data               canopen_od.o
    0x20001c38   COMPRESSED   0x000000a0   Data   RW        11239    .data               canopen_od.o
    0x20001cd8   COMPRESSED   0x00000014   Data   RW        11240    .data               canopen_od.o
    0x20001cec   COMPRESSED   0x00000014   Data   RW        11241    .data               canopen_od.o
    0x20001d00   COMPRESSED   0x00000002   Data   RW        11242    .data               canopen_od.o
    0x20001d02   COMPRESSED   0x00000002   PAD
    0x20001d04   COMPRESSED   0x00000014   Data   RW        11243    .data               canopen_od.o
    0x20001d18   COMPRESSED   0x0000003c   Data   RW        11244    .data               canopen_od.o
    0x20001d54   COMPRESSED   0x00000014   Data   RW        11245    .data               canopen_od.o
    0x20001d68   COMPRESSED   0x00000064   Data   RW        11246    .data               canopen_od.o
    0x20001dcc   COMPRESSED   0x00000064   Data   RW        11247    .data               canopen_od.o
    0x20001e30   COMPRESSED   0x000000dc   Data   RW        11248    .data               canopen_od.o
    0x20001f0c   COMPRESSED   0x0000003c   Data   RW        11249    .data               canopen_od.o
    0x20001f48   COMPRESSED   0x00000154   Data   RW        11250    .data               canopen_od.o
    0x2000209c   COMPRESSED   0x00000064   Data   RW        11251    .data               canopen_od.o
    0x20002100   COMPRESSED   0x00000064   Data   RW        11252    .data               canopen_od.o
    0x20002164   COMPRESSED   0x00000064   Data   RW        11253    .data               canopen_od.o
    0x200021c8   COMPRESSED   0x00000064   Data   RW        11254    .data               canopen_od.o
    0x2000222c   COMPRESSED   0x00000064   Data   RW        11255    .data               canopen_od.o
    0x20002290   COMPRESSED   0x0000008c   Data   RW        11256    .data               canopen_od.o
    0x2000231c   COMPRESSED   0x0000003c   Data   RW        11257    .data               canopen_od.o
    0x20002358   COMPRESSED   0x00000050   Data   RW        11258    .data               canopen_od.o
    0x200023a8   COMPRESSED   0x00000014   Data   RW        11259    .data               canopen_od.o
    0x200023bc   COMPRESSED   0x00000014   Data   RW        11260    .data               canopen_od.o
    0x200023d0   COMPRESSED   0x00000028   Data   RW        11261    .data               canopen_od.o
    0x200023f8   COMPRESSED   0x000000dc   Data   RW        11262    .data               canopen_od.o
    0x200024d4   COMPRESSED   0x0000008c   Data   RW        11263    .data               canopen_od.o
    0x20002560   COMPRESSED   0x000000dc   Data   RW        11264    .data               canopen_od.o
    0x2000263c   COMPRESSED   0x000000dc   Data   RW        11265    .data               canopen_od.o
    0x20002718   COMPRESSED   0x00000154   Data   RW        11266    .data               canopen_od.o
    0x2000286c   COMPRESSED   0x00000014   Data   RW        11268    .data               canopen_od.o
    0x20002880   COMPRESSED   0x0000003c   Data   RW        11270    .data               canopen_od.o
    0x200028bc   COMPRESSED   0x00000014   Data   RW        11272    .data               canopen_od.o
    0x200028d0   COMPRESSED   0x00000001   Data   RW        11273    .data               canopen_od.o
    0x200028d1   COMPRESSED   0x00000003   PAD
    0x200028d4   COMPRESSED   0x00000014   Data   RW        11274    .data               canopen_od.o
    0x200028e8   COMPRESSED   0x00000001   Data   RW        11275    .data               canopen_od.o
    0x200028e9   COMPRESSED   0x00000003   PAD
    0x200028ec   COMPRESSED   0x00000014   Data   RW        11276    .data               canopen_od.o
    0x20002900   COMPRESSED   0x00000004   Data   RW        11277    .data               canopen_od.o
    0x20002904   COMPRESSED   0x00000014   Data   RW        11278    .data               canopen_od.o
    0x20002918   COMPRESSED   0x00000014   Data   RW        11280    .data               canopen_od.o
    0x2000292c   COMPRESSED   0x00000004   Data   RW        11281    .data               canopen_od.o
    0x20002930   COMPRESSED   0x0000003c   Data   RW        11284    .data               canopen_od.o
    0x2000296c   COMPRESSED   0x0000003c   Data   RW        11286    .data               canopen_od.o
    0x200029a8   COMPRESSED   0x0000003c   Data   RW        11288    .data               canopen_od.o
    0x200029e4   COMPRESSED   0x0000003c   Data   RW        11290    .data               canopen_od.o
    0x20002a20   COMPRESSED   0x0000003c   Data   RW        11292    .data               canopen_od.o
    0x20002a5c   COMPRESSED   0x0000003c   Data   RW        11294    .data               canopen_od.o
    0x20002a98   COMPRESSED   0x0000003c   Data   RW        11296    .data               canopen_od.o
    0x20002ad4   COMPRESSED   0x0000003c   Data   RW        11298    .data               canopen_od.o
    0x20002b10   COMPRESSED   0x0000003c   Data   RW        11300    .data               canopen_od.o
    0x20002b4c   COMPRESSED   0x00000001   Data   RW        11301    .data               canopen_od.o
    0x20002b4d   COMPRESSED   0x00000003   PAD
    0x20002b50   COMPRESSED   0x0000003c   Data   RW        11302    .data               canopen_od.o
    0x20002b8c   COMPRESSED   0x00000001   Data   RW        11303    .data               canopen_od.o
    0x20002b8d   COMPRESSED   0x00000003   PAD
    0x20002b90   COMPRESSED   0x00000014   Data   RW        11304    .data               canopen_od.o
    0x20002ba4   COMPRESSED   0x00000001   Data   RW        11305    .data               canopen_od.o
    0x20002ba5   COMPRESSED   0x00000003   PAD
    0x20002ba8   COMPRESSED   0x00000014   Data   RW        11306    .data               canopen_od.o
    0x20002bbc   COMPRESSED   0x00000001   Data   RW        11307    .data               canopen_od.o
    0x20002bbd   COMPRESSED   0x00000003   PAD
    0x20002bc0   COMPRESSED   0x00000014   Data   RW        11308    .data               canopen_od.o
    0x20002bd4   COMPRESSED   0x00000001   Data   RW        11309    .data               canopen_od.o
    0x20002bd5   COMPRESSED   0x00000003   PAD
    0x20002bd8   COMPRESSED   0x00000014   Data   RW        11310    .data               canopen_od.o
    0x20002bec   COMPRESSED   0x00000001   Data   RW        11311    .data               canopen_od.o
    0x20002bed   COMPRESSED   0x00000003   PAD
    0x20002bf0   COMPRESSED   0x00000014   Data   RW        11312    .data               canopen_od.o
    0x20002c04   COMPRESSED   0x00000001   Data   RW        11313    .data               canopen_od.o
    0x20002c05   COMPRESSED   0x00000003   PAD
    0x20002c08   COMPRESSED   0x00000014   Data   RW        11314    .data               canopen_od.o
    0x20002c1c   COMPRESSED   0x00000004   Data   RW        11315    .data               canopen_od.o
    0x20002c20   COMPRESSED   0x00000004   Data   RW        11316    .data               canopen_od.o
    0x20002c24   COMPRESSED   0x00000004   Data   RW        11317    .data               canopen_od.o
    0x20002c28   COMPRESSED   0x0000003c   Data   RW        11318    .data               canopen_od.o
    0x20002c64   COMPRESSED   0x00000004   Data   RW        11319    .data               canopen_od.o
    0x20002c68   COMPRESSED   0x00000004   Data   RW        11320    .data               canopen_od.o
    0x20002c6c   COMPRESSED   0x00000004   Data   RW        11321    .data               canopen_od.o
    0x20002c70   COMPRESSED   0x0000003c   Data   RW        11322    .data               canopen_od.o
    0x20002cac   COMPRESSED   0x00000004   Data   RW        11323    .data               canopen_od.o
    0x20002cb0   COMPRESSED   0x00000004   Data   RW        11324    .data               canopen_od.o
    0x20002cb4   COMPRESSED   0x00000004   Data   RW        11325    .data               canopen_od.o
    0x20002cb8   COMPRESSED   0x0000003c   Data   RW        11326    .data               canopen_od.o
    0x20002cf4   COMPRESSED   0x00000014   Data   RW        11328    .data               canopen_od.o
    0x20002d08   COMPRESSED   0x00000050   Data   RW        11330    .data               canopen_od.o
    0x20002d58   COMPRESSED   0x0000003c   Data   RW        11334    .data               canopen_od.o
    0x20002d94   COMPRESSED   0x0000003c   Data   RW        11336    .data               canopen_od.o
    0x20002dd0   COMPRESSED   0x00000064   Data   RW        11338    .data               canopen_od.o
    0x20002e34   COMPRESSED   0x0000003c   Data   RW        11340    .data               canopen_od.o
    0x20002e70   COMPRESSED   0x00000014   Data   RW        11342    .data               canopen_od.o
    0x20002e84   COMPRESSED   0x00000002   Data   RW        11343    .data               canopen_od.o
    0x20002e86   COMPRESSED   0x00000002   PAD
    0x20002e88   COMPRESSED   0x00000014   Data   RW        11344    .data               canopen_od.o
    0x20002e9c   COMPRESSED   0x00000004   Data   RW        11345    .data               canopen_od.o
    0x20002ea0   COMPRESSED   0x00000014   Data   RW        11346    .data               canopen_od.o
    0x20002eb4   COMPRESSED   0x00000004   Data   RW        11347    .data               canopen_od.o
    0x20002eb8   COMPRESSED   0x00000014   Data   RW        11348    .data               canopen_od.o
    0x20002ecc   COMPRESSED   0x00000014   Data   RW        11349    .data               canopen_od.o
    0x20002ee0   COMPRESSED   0x00000014   Data   RW        11350    .data               canopen_od.o
    0x20002ef4   COMPRESSED   0x00000004   Data   RW        11351    .data               canopen_od.o
    0x20002ef8   COMPRESSED   0x0000003c   Data   RW        11352    .data               canopen_od.o
    0x20002f34   COMPRESSED   0x00000028   Data   RW        11353    .data               canopen_od.o
    0x20002f5c   COMPRESSED   0x00000004   Data   RW        11354    .data               canopen_od.o
    0x20002f60   COMPRESSED   0x00000050   Data   RW        11355    .data               canopen_od.o
    0x20002fb0   COMPRESSED   0x00000004   Data   RW        11356    .data               canopen_od.o
    0x20002fb4   COMPRESSED   0x0000003c   Data   RW        11357    .data               canopen_od.o
    0x20002ff0   COMPRESSED   0x00000004   Data   RW        11358    .data               canopen_od.o
    0x20002ff4   COMPRESSED   0x0000003c   Data   RW        11361    .data               canopen_od.o
    0x20003030   COMPRESSED   0x00000004   Data   RW        11362    .data               canopen_od.o
    0x20003034   COMPRESSED   0x00000014   Data   RW        11363    .data               canopen_od.o
    0x20003048   COMPRESSED   0x00000004   Data   RW        11364    .data               canopen_od.o
    0x2000304c   COMPRESSED   0x00000014   Data   RW        11365    .data               canopen_od.o
    0x20003060   COMPRESSED   0x00000014   Data   RW        11366    .data               canopen_od.o
    0x20003074   COMPRESSED   0x0000003c   Data   RW        11368    .data               canopen_od.o
    0x200030b0   COMPRESSED   0x00000004   Data   RW        11369    .data               canopen_od.o
    0x200030b4   COMPRESSED   0x00000014   Data   RW        11370    .data               canopen_od.o
    0x200030c8   COMPRESSED   0x00000002   Data   RW        11371    .data               canopen_od.o
    0x200030ca   COMPRESSED   0x00000002   PAD
    0x200030cc   COMPRESSED   0x00000014   Data   RW        11372    .data               canopen_od.o
    0x200030e0   COMPRESSED   0x00000004   Data   RW        11373    .data               canopen_od.o
    0x200030e4   COMPRESSED   0x00000014   Data   RW        11374    .data               canopen_od.o
    0x200030f8   COMPRESSED   0x00000002   Data   RW        11375    .data               canopen_od.o
    0x200030fa   COMPRESSED   0x00000002   PAD
    0x200030fc   COMPRESSED   0x00000014   Data   RW        11376    .data               canopen_od.o
    0x20003110   COMPRESSED   0x00000002   Data   RW        11377    .data               canopen_od.o
    0x20003112   COMPRESSED   0x00000002   PAD
    0x20003114   COMPRESSED   0x00000014   Data   RW        11378    .data               canopen_od.o
    0x20003128   COMPRESSED   0x00000014   Data   RW        11379    .data               canopen_od.o
    0x2000313c   COMPRESSED   0x00000004   Data   RW        11380    .data               canopen_od.o
    0x20003140   COMPRESSED   0x00000014   Data   RW        11381    .data               canopen_od.o
    0x20003154   COMPRESSED   0x00000004   Data   RW        11382    .data               canopen_od.o
    0x20003158   COMPRESSED   0x00000014   Data   RW        11383    .data               canopen_od.o
    0x2000316c   COMPRESSED   0x0000003c   Data   RW        11385    .data               canopen_od.o
    0x200031a8   COMPRESSED   0x00000002   Data   RW        11386    .data               canopen_od.o
    0x200031aa   COMPRESSED   0x00000002   PAD
    0x200031ac   COMPRESSED   0x00000014   Data   RW        11387    .data               canopen_od.o
    0x200031c0   COMPRESSED   0x00000002   Data   RW        11388    .data               canopen_od.o
    0x200031c2   COMPRESSED   0x00000002   PAD
    0x200031c4   COMPRESSED   0x00000014   Data   RW        11389    .data               canopen_od.o
    0x200031d8   COMPRESSED   0x00000002   Data   RW        11390    .data               canopen_od.o
    0x200031da   COMPRESSED   0x00000002   PAD
    0x200031dc   COMPRESSED   0x00000014   Data   RW        11391    .data               canopen_od.o
    0x200031f0   COMPRESSED   0x00000002   Data   RW        11392    .data               canopen_od.o
    0x200031f2   COMPRESSED   0x00000002   PAD
    0x200031f4   COMPRESSED   0x00000014   Data   RW        11393    .data               canopen_od.o
    0x20003208   COMPRESSED   0x0000003c   Data   RW        11395    .data               canopen_od.o
    0x20003244   COMPRESSED   0x00000004   Data   RW        11396    .data               canopen_od.o
    0x20003248   COMPRESSED   0x00000014   Data   RW        11397    .data               canopen_od.o
    0x2000325c   COMPRESSED   0x0000003c   Data   RW        11399    .data               canopen_od.o
    0x20003298   COMPRESSED   0x00000002   Data   RW        11400    .data               canopen_od.o
    0x2000329a   COMPRESSED   0x00000002   PAD
    0x2000329c   COMPRESSED   0x00000014   Data   RW        11401    .data               canopen_od.o
    0x200032b0   COMPRESSED   0x00000002   Data   RW        11402    .data               canopen_od.o
    0x200032b2   COMPRESSED   0x00000002   PAD
    0x200032b4   COMPRESSED   0x00000014   Data   RW        11403    .data               canopen_od.o
    0x200032c8   COMPRESSED   0x00000002   Data   RW        11404    .data               canopen_od.o
    0x200032ca   COMPRESSED   0x00000002   PAD
    0x200032cc   COMPRESSED   0x00000014   Data   RW        11405    .data               canopen_od.o
    0x200032e0   COMPRESSED   0x00000004   Data   RW        11406    .data               canopen_od.o
    0x200032e4   COMPRESSED   0x00000014   Data   RW        11407    .data               canopen_od.o
    0x200032f8   COMPRESSED   0x00000004   Data   RW        11408    .data               canopen_od.o
    0x200032fc   COMPRESSED   0x00000014   Data   RW        11409    .data               canopen_od.o
    0x20003310   COMPRESSED   0x00000002   Data   RW        11410    .data               canopen_od.o
    0x20003312   COMPRESSED   0x00000002   PAD
    0x20003314   COMPRESSED   0x00000014   Data   RW        11411    .data               canopen_od.o
    0x20003328   COMPRESSED   0x0000003c   Data   RW        11413    .data               canopen_od.o
    0x20003364   COMPRESSED   0x00000004   Data   RW        11414    .data               canopen_od.o
    0x20003368   COMPRESSED   0x00000014   Data   RW        11415    .data               canopen_od.o
    0x2000337c   COMPRESSED   0x00000004   Data   RW        11416    .data               canopen_od.o
    0x20003380   COMPRESSED   0x00000014   Data   RW        11417    .data               canopen_od.o
    0x20003394   COMPRESSED   0x00000002   Data   RW        11418    .data               canopen_od.o
    0x20003396   COMPRESSED   0x00000002   PAD
    0x20003398   COMPRESSED   0x00000014   Data   RW        11419    .data               canopen_od.o
    0x200033ac   COMPRESSED   0x00000002   Data   RW        11420    .data               canopen_od.o
    0x200033ae   COMPRESSED   0x00000002   PAD
    0x200033b0   COMPRESSED   0x00000014   Data   RW        11421    .data               canopen_od.o
    0x200033c4   COMPRESSED   0x00000002   Data   RW        11422    .data               canopen_od.o
    0x200033c6   COMPRESSED   0x00000002   PAD
    0x200033c8   COMPRESSED   0x00000014   Data   RW        11423    .data               canopen_od.o
    0x200033dc   COMPRESSED   0x00000002   Data   RW        11424    .data               canopen_od.o
    0x200033de   COMPRESSED   0x00000002   PAD
    0x200033e0   COMPRESSED   0x00000014   Data   RW        11425    .data               canopen_od.o
    0x200033f4   COMPRESSED   0x00000002   Data   RW        11426    .data               canopen_od.o
    0x200033f6   COMPRESSED   0x00000002   PAD
    0x200033f8   COMPRESSED   0x00000014   Data   RW        11427    .data               canopen_od.o
    0x2000340c   COMPRESSED   0x00000002   Data   RW        11428    .data               canopen_od.o
    0x2000340e   COMPRESSED   0x00000002   PAD
    0x20003410   COMPRESSED   0x00000014   Data   RW        11429    .data               canopen_od.o
    0x20003424   COMPRESSED   0x00000004   Data   RW        11430    .data               canopen_od.o
    0x20003428   COMPRESSED   0x00000014   Data   RW        11431    .data               canopen_od.o
    0x2000343c   COMPRESSED   0x00000004   Data   RW        11432    .data               canopen_od.o
    0x20003440   COMPRESSED   0x00000004   Data   RW        11433    .data               canopen_od.o
    0x20003444   COMPRESSED   0x00000004   Data   RW        11434    .data               canopen_od.o
    0x20003448   COMPRESSED   0x0000003c   Data   RW        11435    .data               canopen_od.o
    0x20003484   COMPRESSED   0x00000002   Data   RW        11436    .data               canopen_od.o
    0x20003486   COMPRESSED   0x00000002   Data   RW        11437    .data               canopen_od.o
    0x20003488   COMPRESSED   0x00000002   Data   RW        11438    .data               canopen_od.o
    0x2000348a   COMPRESSED   0x00000002   PAD
    0x2000348c   COMPRESSED   0x0000003c   Data   RW        11439    .data               canopen_od.o
    0x200034c8   COMPRESSED   0x00000001   Data   RW        11440    .data               canopen_od.o
    0x200034c9   COMPRESSED   0x00000003   PAD
    0x200034cc   COMPRESSED   0x00000014   Data   RW        11441    .data               canopen_od.o
    0x200034e0   COMPRESSED   0x00000004   Data   RW        11442    .data               canopen_od.o
    0x200034e4   COMPRESSED   0x00000004   Data   RW        11443    .data               canopen_od.o
    0x200034e8   COMPRESSED   0x00000004   Data   RW        11444    .data               canopen_od.o
    0x200034ec   COMPRESSED   0x0000003c   Data   RW        11445    .data               canopen_od.o
    0x20003528   COMPRESSED   0x00000004   Data   RW        11446    .data               canopen_od.o
    0x2000352c   COMPRESSED   0x00000004   Data   RW        11447    .data               canopen_od.o
    0x20003530   COMPRESSED   0x00000004   Data   RW        11448    .data               canopen_od.o
    0x20003534   COMPRESSED   0x00000004   Data   RW        11449    .data               canopen_od.o
    0x20003538   COMPRESSED   0x00000004   Data   RW        11450    .data               canopen_od.o
    0x2000353c   COMPRESSED   0x00000064   Data   RW        11451    .data               canopen_od.o
    0x200035a0   COMPRESSED   0x00000004   Data   RW        11452    .data               canopen_od.o
    0x200035a4   COMPRESSED   0x00000004   Data   RW        11453    .data               canopen_od.o
    0x200035a8   COMPRESSED   0x00000004   Data   RW        11454    .data               canopen_od.o
    0x200035ac   COMPRESSED   0x0000003c   Data   RW        11455    .data               canopen_od.o
    0x200035e8   COMPRESSED   0x00000004   Data   RW        11456    .data               canopen_od.o
    0x200035ec   COMPRESSED   0x00000004   Data   RW        11457    .data               canopen_od.o
    0x200035f0   COMPRESSED   0x00000004   Data   RW        11458    .data               canopen_od.o
    0x200035f4   COMPRESSED   0x00000004   Data   RW        11459    .data               canopen_od.o
    0x200035f8   COMPRESSED   0x00000004   Data   RW        11460    .data               canopen_od.o
    0x200035fc   COMPRESSED   0x00000064   Data   RW        11461    .data               canopen_od.o
    0x20003660   COMPRESSED   0x00000004   Data   RW        11462    .data               canopen_od.o
    0x20003664   COMPRESSED   0x00000004   Data   RW        11463    .data               canopen_od.o
    0x20003668   COMPRESSED   0x00000004   Data   RW        11464    .data               canopen_od.o
    0x2000366c   COMPRESSED   0x0000003c   Data   RW        11465    .data               canopen_od.o
    0x200036a8   COMPRESSED   0x00000004   Data   RW        11466    .data               canopen_od.o
    0x200036ac   COMPRESSED   0x00000004   Data   RW        11467    .data               canopen_od.o
    0x200036b0   COMPRESSED   0x00000004   Data   RW        11468    .data               canopen_od.o
    0x200036b4   COMPRESSED   0x00000004   Data   RW        11469    .data               canopen_od.o
    0x200036b8   COMPRESSED   0x00000004   Data   RW        11470    .data               canopen_od.o
    0x200036bc   COMPRESSED   0x00000064   Data   RW        11471    .data               canopen_od.o
    0x20003720   COMPRESSED   0x00000004   Data   RW        11472    .data               canopen_od.o
    0x20003724   COMPRESSED   0x00000004   Data   RW        11473    .data               canopen_od.o
    0x20003728   COMPRESSED   0x00000004   Data   RW        11474    .data               canopen_od.o
    0x2000372c   COMPRESSED   0x0000003c   Data   RW        11475    .data               canopen_od.o
    0x20003768   COMPRESSED   0x00000004   Data   RW        11476    .data               canopen_od.o
    0x2000376c   COMPRESSED   0x00000004   Data   RW        11477    .data               canopen_od.o
    0x20003770   COMPRESSED   0x00000004   Data   RW        11478    .data               canopen_od.o
    0x20003774   COMPRESSED   0x0000003c   Data   RW        11479    .data               canopen_od.o
    0x200037b0   COMPRESSED   0x00000004   Data   RW        11480    .data               canopen_od.o
    0x200037b4   COMPRESSED   0x00000004   Data   RW        11481    .data               canopen_od.o
    0x200037b8   COMPRESSED   0x00000004   Data   RW        11482    .data               canopen_od.o
    0x200037bc   COMPRESSED   0x0000003c   Data   RW        11483    .data               canopen_od.o
    0x200037f8   COMPRESSED   0x00000004   Data   RW        11484    .data               canopen_od.o
    0x200037fc   COMPRESSED   0x00000014   Data   RW        11485    .data               canopen_od.o
    0x20003810   COMPRESSED   0x00000004   Data   RW        11486    .data               canopen_od.o
    0x20003814   COMPRESSED   0x00000014   Data   RW        11487    .data               canopen_od.o
    0x20003828   COMPRESSED   0x00000004   Data   RW        11488    .data               canopen_od.o
    0x2000382c   COMPRESSED   0x00000014   Data   RW        11489    .data               canopen_od.o
    0x20003840   COMPRESSED   0x00000002   Data   RW        11490    .data               canopen_od.o
    0x20003842   COMPRESSED   0x00000002   PAD
    0x20003844   COMPRESSED   0x00000014   Data   RW        11491    .data               canopen_od.o
    0x20003858   COMPRESSED   0x00000002   Data   RW        11492    .data               canopen_od.o
    0x2000385a   COMPRESSED   0x00000002   PAD
    0x2000385c   COMPRESSED   0x00000014   Data   RW        11493    .data               canopen_od.o
    0x20003870   COMPRESSED   0x00000002   Data   RW        11494    .data               canopen_od.o
    0x20003872   COMPRESSED   0x00000002   PAD
    0x20003874   COMPRESSED   0x00000014   Data   RW        11495    .data               canopen_od.o
    0x20003888   COMPRESSED   0x00000350   Data   RW        11497    .data               canopen_od.o
    0x20003bd8   COMPRESSED   0x0000000c   Data   RW        11498    .data               canopen_od.o
    0x20003be4   COMPRESSED   0x00000014   Data   RW        11499    .data               canopen_od.o
    0x20003bf8   COMPRESSED   0x00000004   Data   RW        11508    .data               canopen_od.o
    0x20003bfc   COMPRESSED   0x00000004   Data   RW        11510    .data               canopen_od.o
    0x20003c00   COMPRESSED   0x00000004   Data   RW        11511    .data               canopen_od.o
    0x20003c04   COMPRESSED   0x00000004   Data   RW        11512    .data               canopen_od.o
    0x20003c08   COMPRESSED   0x00000014   Data   RW        11942    .data               canopen_timer.o
    0x20003c1c   COMPRESSED   0x00000004   Data   RW        12298    .data               mc_w.l(stdout.o)
    0x20003c20        -       0x00000378   Zero   RW           39    .bss                main.o
    0x20003f98        -       0x00000138   Zero   RW         1540    .bss                mc_tasks.o
    0x200040d0        -       0x00000014   Zero   RW         2446    .bss                stm32g4xx_it.o
    0x200040e4        -       0x0000004c   Zero   RW         2751    .bss                stspin32g4.o
    0x20004130        -       0x000000fc   Zero   RW        10223    .bss                bsp_bdcmotor.o
    0x2000422c        -       0x000000d0   Zero   RW        10347    .bss                function.o
    0x200042fc        -       0x000002a8   Zero   RW        10476    .bss                sensorless bldc.o
    0x200045a4        -       0x000006cc   Zero   RW        10571    .bss                agreement.o
    0x20004c70        -       0x00000320   Zero   RW        10676    .bss                flash.o
    0x20004f90        -       0x00000070   Zero   RW        10721    .bss                pid.o
    0x20005000        -       0x00000070   Zero   RW        10722    .bss                pid.o
    0x20005070        -       0x00000028   Zero   RW        11117    .bss                canopen_od.o
    0x20005098        -       0x00000106   Zero   RW        11118    .bss                canopen_od.o
    0x2000519e   COMPRESSED   0x00000002   PAD
    0x200051a0        -       0x00000010   Zero   RW        11120    .bss                canopen_od.o
    0x200051b0        -       0x000000e0   Zero   RW        11121    .bss                canopen_od.o
    0x20005290        -       0x0000000a   Zero   RW        11122    .bss                canopen_od.o
    0x2000529a   COMPRESSED   0x00000002   PAD
    0x2000529c        -       0x00000200   Zero   RW        11123    .bss                canopen_od.o
    0x2000549c        -       0x000000c0   Zero   RW        11940    .bss                canopen_timer.o
    0x2000555c   COMPRESSED   0x00000004   PAD
    0x20005560        -       0x00000400   Zero   RW            1    STACK               startup_stm32g431xx.o


==============================================================================

Image component sizes


      Code (inc. data)   RO Data    RW Data    ZI Data      Debug   Object Name

      2398        218       3600         20       1740      12368   agreement.o
      1928        136          0         12        252      15520   bsp_bdcmotor.o
        10          0          0          0          0       1156   bus_voltage_sensor.o
        78          4          0          0          0      23565   canopen_emcy.o
       586         40          0          1          0       8632   canopen_lifegrd.o
      1048         24         64          0          0       8032   canopen_nmt.o
       622         34          0          0          0       4938   canopen_objacces.o
      3642        360       1480      13638       1064      43114   canopen_od.o
      3732         86          0          0          0      21858   canopen_pdo.o
      3118         56          0          0          0      16874   canopen_sdo.o
       108         16          0          0          0       2239   canopen_sync.o
       508         56          0         20        192       5722   canopen_timer.o
         0          0          0          0          0       4228   digital_output.o
       132          0          0          0          0       3258   enc_align_ctrl.o
       394          0          0          0          0      47853   encoder_speed_pos_fdbk.o
       324         32          0         28        800       3286   flash.o
       182          0          0          0          0       2288   flux_weakening_ctrl.o
        48          0          0          0          0       1398   frame_communication_protocol.o
      2056        144          0         44        208      16490   function.o
      1452         16          0          0          0      56989   hall_speed_pos_fdbk.o
      4248        396          3         25        888     766814   main.o
        24          8          0          0          0     789958   mc_api.o
         0          0          0       1220          0       2945   mc_config.o
       134          0          0          0          0       1767   mc_interface.o
        58          0          0          0          0        751   mc_math.o
      2206        294          0        124        312      15295   mc_tasks.o
        94          0          0          0          0       1991   motor_power_measurement.o
         0          0          0         24          0        931   motorcontrol.o
       272         10          0          0        224       3808   pid.o
       156          4          0          0          0       4289   pid_regulator.o
       120          6          0          0          0       1427   pqd_motor_power_measurement.o
        78          0          0          0          0       1448   pwm_curr_fdbk.o
       196          0          0          0          0      47459   r3_2_g4xx_pwm_curr_fdbk.o
      2040        104          0         30        680       8331   sensorless bldc.o
       106          0          0          0          0       2243   speed_pos_fdbk.o
       306          0          0          0          0       5978   speed_torq_ctrl.o
        36          8        472          0       1024        848   startup_stm32g431xx.o
       398         22          0          0          0       3121   state_machine.o
       134         18          0         12          0       3817   stm32g4xx_hal.o
      2696         66          0          0          0      78051   stm32g4xx_hal_adc.o
      1892         50          0          0          0      74863   stm32g4xx_hal_adc_ex.o
       280         16          0          0          0      35628   stm32g4xx_hal_cortex.o
      2076         42         16          0          0      20276   stm32g4xx_hal_fdcan.o
       396         42          0         32          0      23118   stm32g4xx_hal_flash.o
       408         28          0          0          0       3346   stm32g4xx_hal_flash_ex.o
       642         26          0          0          0       4587   stm32g4xx_hal_gpio.o
      1822         34          0          0          0      13010   stm32g4xx_hal_i2c.o
       176          0          0          0          0       2059   stm32g4xx_hal_i2c_ex.o
       110          0          0          0          0       1851   stm32g4xx_hal_iwdg.o
      1072         56          0          4          0       6379   stm32g4xx_hal_msp.o
       236         18          0          0          0       1513   stm32g4xx_hal_pwr_ex.o
      2116         98          0          0          0       8172   stm32g4xx_hal_rcc.o
       728          8          0          0          0       2004   stm32g4xx_hal_rcc_ex.o
      2622        100          0          0          0      16511   stm32g4xx_hal_tim.o
       548         20          0          0          0       7675   stm32g4xx_hal_tim_ex.o
      1582         46         24          0          0      25430   stm32g4xx_hal_uart.o
       334         16          0          0          0       3857   stm32g4xx_hal_uart_ex.o
      1312         86         64         16         20       9380   stm32g4xx_it.o
       262         34          0          1          0      71404   stm32g4xx_mc_it.o
       716         18          0          0         76      10040   stspin32g4.o
        28          8         24          4          0       1195   system_stm32g4xx.o
        68         12          0         16          0       2306   ui_task.o
       394         12          6          0          0      29875   usart_frame_communication_protocol.o
       136          0          0          0          0       2187   virtual_speed_sensor.o

    ----------------------------------------------------------------------
     55688       2928       5788      15388       7488    2417746   Object Totals
         0          0         32          0          0          0   (incl. Generated)
        64          0          3        117          8          0   (incl. Padding)

    ----------------------------------------------------------------------

      Code (inc. data)   RO Data    RW Data    ZI Data      Debug   Library Member Name

        86          0          0          0          0          0   __dczerorl2.o
         0          0          0          0          0          0   entry.o
         0          0          0          0          0          0   entry10a.o
         0          0          0          0          0          0   entry11a.o
         8          4          0          0          0          0   entry2.o
         4          0          0          0          0          0   entry5.o
         0          0          0          0          0          0   entry7b.o
         0          0          0          0          0          0   entry8b.o
         8          4          0          0          0          0   entry9a.o
        30          0          0          0          0          0   handlers.o
        36          8          0          0          0         68   init.o
        30          0          0          0          0         68   llshl.o
        32          0          0          0          0         68   llushr.o
        26          0          0          0          0         80   memcmp.o
        36          0          0          0          0         68   memcpya.o
        36          0          0          0          0        108   memseta.o
       372         14          0          0          0        184   printf1.o
         0          0          0          4          0          0   stdout.o
        44          0          0          0          0         80   uidiv.o
        98          0          0          0          0         92   uldiv.o

    ----------------------------------------------------------------------
       852         30          0          4          0        816   Library Totals
         6          0          0          0          0          0   (incl. Padding)

    ----------------------------------------------------------------------

      Code (inc. data)   RO Data    RW Data    ZI Data      Debug   Library Name

       846         30          0          4          0        816   mc_w.l

    ----------------------------------------------------------------------
       852         30          0          4          0        816   Library Totals

    ----------------------------------------------------------------------

==============================================================================


      Code (inc. data)   RO Data    RW Data    ZI Data      Debug   

     56540       2958       5788      15392       7488    2380782   Grand Totals
     56540       2958       5788       3984       7488    2380782   ELF Image Totals (compressed)
     56540       2958       5788       3984          0          0   ROM Totals

==============================================================================

    Total RO  Size (Code + RO Data)                62328 (  60.87kB)
    Total RW  Size (RW Data + ZI Data)             22880 (  22.34kB)
    Total ROM Size (Code + RO Data + RW Data)      66312 (  64.76kB)

==============================================================================

