<html>
<body>
<pre>
<h1>礦ision Build Log</h1>
<h2>Tool Versions:</h2>
IDE-Version: μVision V5.26.2.0
Copyright (C) 2018 ARM Ltd and ARM Germany GmbH. All rights reserved.
License Information: A ccqxcy, HP Inc., LIC=485FJ-UAPEX-C0WNG-V0QQP-SR474-WKXS1
 
Tool Versions:
Toolchain:       MDK-ARM Essential  Version: 5.26.2.0
Toolchain Path:  C:\Keil_v5\ARM\ARMCC\Bin
C Compiler:      Armcc.exe V5.06 update 6 (build 750)
Assembler:       Armasm.exe V5.06 update 6 (build 750)
Linker/Locator:  ArmLink.exe V5.06 update 6 (build 750)
Library Manager: ArmAr.exe V5.06 update 6 (build 750)
Hex Converter:   FromElf.exe V5.06 update 6 (build 750)
CPU DLL:         SARMCM3.DLL V5.26.2.0
Dialog DLL:      DCM.DLL V1.17.2.0
Target DLL:      Segger\JL2CM3.dll V2.99.31.0
Dialog DLL:      TCM.DLL V1.36.1.0
 
<h2>Project:</h2>
C:\Users\ccqxcy\Desktop\50程序\双电机优化\MDK-ARM\H4AA30-C2.uvprojx
Project File Date:  03/11/2022

<h2>Output:</h2>
*** Using Compiler 'V5.06 update 6 (build 750)', folder: 'C:\Keil_v5\ARM\ARMCC\Bin'
Build target 'H4AA30-C2'
compiling main.c...
..\Agreement\Agreement.h(81): warning:  #1-D: last line of file ends without a newline
  #endif  /* __BSP_DEBUG_USART_H__ */
../Src/main.c(303): warning:  #188-D: enumerated type mixed with another type
                  MotorControl[i].Motor_Start_Stop = 1;
../Src/main.c(306): warning:  #188-D: enumerated type mixed with another type
                      MotorControl[5].Motor_Start_Stop = 0;
../Src/main.c(310): warning:  #188-D: enumerated type mixed with another type
                      MotorControl[6].Motor_Start_Stop = 0;
../Src/main.c(1933): warning:  #188-D: enumerated type mixed with another type
              MotorControl[5].Motor_Start_Stop = 0;
../Src/main.c(1950): warning:  #177-D: variable "sConfigIC"  was declared but never referenced
      TIM_IC_InitTypeDef sConfigIC;
../Src/main.c(837): warning:  #177-D: function "MX_CAN2_Init"  was declared but never referenced
  static void MX_CAN2_Init(void)
../Src/main.c: 7 warnings, 0 errors
linking...
Program Size: Code=61044 RO-data=5028 RW-data=14700 ZI-data=27716  
FromELF: creating hex file...
After Build - User command #1: fromelf --bin -o "C:\Users\ccqxcy\Desktop\50程序\双电机优化\MDK-ARM\H4AA30-C2.bin" "C:\Users\ccqxcy\Desktop\50程序\双电机优化\MDK-ARM\H4AA30-C2.axf"
".\H4AA30-C2.axf" - 0 Error(s), 7 Warning(s).

<h2>Software Packages used:</h2>

Package Vendor: ARM
                http://www.keil.com/pack/ARM.CMSIS.5.4.0.pack
                ARM.CMSIS.5.4.0
                CMSIS (Cortex Microcontroller Software Interface Standard)
   * Component: CORE Version: 5.1.2

Package Vendor: Keil
                http://www.keil.com/pack/Keil.STM32F4xx_DFP.2.13.0.pack
                Keil.STM32F4xx_DFP.2.13.0
                STMicroelectronics STM32F4 Series Device Support, Drivers and Examples

<h2>Collection of Component include folders:</h2>
  .\RTE\_H4AA30-C2
  C:\Keil_v5\ARM\PACK\ARM\CMSIS\5.4.0\CMSIS\Core\Include
  C:\Keil_v5\ARM\PACK\Keil\STM32F4xx_DFP\2.13.0\Drivers\CMSIS\Device\ST\STM32F4xx\Include

<h2>Collection of Component Files used:</h2>

   * Component: ARM::CMSIS:CORE:5.1.2
Build Time Elapsed:  00:00:06
</pre>
</body>
</html>
