Component: ARM Compiler 5.06 update 6 (build 750) Tool: armlink [4d35ed]

==============================================================================

Section Cross References

    startup_stm32f407xx.o(RESET) refers to startup_stm32f407xx.o(STACK) for __initial_sp
    startup_stm32f407xx.o(RESET) refers to startup_stm32f407xx.o(.text) for Reset_Handler
    startup_stm32f407xx.o(RESET) refers to stm32f4xx_it.o(i.NMI_Handler) for NMI_Handler
    startup_stm32f407xx.o(RESET) refers to stm32f4xx_it.o(i.HardFault_Handler) for HardFault_Handler
    startup_stm32f407xx.o(RESET) refers to stm32f4xx_it.o(i.MemManage_Handler) for MemManage_Handler
    startup_stm32f407xx.o(RESET) refers to stm32f4xx_it.o(i.BusFault_Handler) for BusFault_Handler
    startup_stm32f407xx.o(RESET) refers to stm32f4xx_it.o(i.UsageFault_Handler) for UsageFault_Handler
    startup_stm32f407xx.o(RESET) refers to stm32f4xx_it.o(i.SVC_Handler) for SVC_Handler
    startup_stm32f407xx.o(RESET) refers to stm32f4xx_it.o(i.DebugMon_Handler) for DebugMon_Handler
    startup_stm32f407xx.o(RESET) refers to stm32f4xx_it.o(i.PendSV_Handler) for PendSV_Handler
    startup_stm32f407xx.o(RESET) refers to stm32f4xx_it.o(i.SysTick_Handler) for SysTick_Handler
    startup_stm32f407xx.o(RESET) refers to stm32f4xx_it.o(i.EXTI0_IRQHandler) for EXTI0_IRQHandler
    startup_stm32f407xx.o(RESET) refers to stm32f4xx_it.o(i.EXTI1_IRQHandler) for EXTI1_IRQHandler
    startup_stm32f407xx.o(RESET) refers to stm32f4xx_it.o(i.EXTI2_IRQHandler) for EXTI2_IRQHandler
    startup_stm32f407xx.o(RESET) refers to stm32f4xx_it.o(i.EXTI3_IRQHandler) for EXTI3_IRQHandler
    startup_stm32f407xx.o(RESET) refers to stm32f4xx_it.o(i.EXTI4_IRQHandler) for EXTI4_IRQHandler
    startup_stm32f407xx.o(RESET) refers to stm32f4xx_it.o(i.ADC_IRQHandler) for ADC_IRQHandler
    startup_stm32f407xx.o(RESET) refers to stm32f4xx_it.o(i.EXTI9_5_IRQHandler) for EXTI9_5_IRQHandler
    startup_stm32f407xx.o(RESET) refers to stm32f4xx_it.o(i.TIM1_BRK_TIM9_IRQHandler) for TIM1_BRK_TIM9_IRQHandler
    startup_stm32f407xx.o(RESET) refers to stm32f4xx_it.o(i.TIM1_UP_TIM10_IRQHandler) for TIM1_UP_TIM10_IRQHandler
    startup_stm32f407xx.o(RESET) refers to stm32f4xx_it.o(i.USART3_IRQHandler) for USART3_IRQHandler
    startup_stm32f407xx.o(RESET) refers to stm32f4xx_it.o(i.EXTI15_10_IRQHandler) for EXTI15_10_IRQHandler
    startup_stm32f407xx.o(RESET) refers to stm32f4xx_it.o(i.TIM8_BRK_TIM12_IRQHandler) for TIM8_BRK_TIM12_IRQHandler
    startup_stm32f407xx.o(RESET) refers to stm32f4xx_it.o(i.TIM5_IRQHandler) for TIM5_IRQHandler
    startup_stm32f407xx.o(RESET) refers to canopen_timer.o(i.TIM6_DAC_IRQHandler) for TIM6_DAC_IRQHandler
    startup_stm32f407xx.o(RESET) refers to stm32f4xx_it.o(i.TIM7_IRQHandler) for TIM7_IRQHandler
    startup_stm32f407xx.o(RESET) refers to stm32f4xx_it.o(i.DMA2_Stream0_IRQHandler) for DMA2_Stream0_IRQHandler
    startup_stm32f407xx.o(RESET) refers to stm32f4xx_it.o(i.CAN2_RX0_IRQHandler) for CAN2_RX0_IRQHandler
    startup_stm32f407xx.o(.text) refers to system_stm32f4xx.o(i.SystemInit) for SystemInit
    startup_stm32f407xx.o(.text) refers to entry.o(.ARM.Collect$$$$00000000) for __main
    main.o(i.CAN1_Send_Msg) refers to stm32f4xx_hal_can.o(i.HAL_CAN_Transmit) for HAL_CAN_Transmit
    main.o(i.CAN1_Send_Msg) refers to main.o(.bss) for hcan2
    main.o(i.CAN1_Send_Msg) refers to canopen_od.o(.bss) for CanLoadRate
    main.o(i.HAL_CAN_RxCpltCallback) refers to canopen_nmt.o(i.MessageType_Check) for MessageType_Check
    main.o(i.HAL_CAN_RxCpltCallback) refers to stm32f4xx_hal_can.o(i.HAL_CAN_Receive_IT) for HAL_CAN_Receive_IT
    main.o(i.HAL_CAN_RxCpltCallback) refers to canopen_od.o(.data) for CANopen_Drive
    main.o(i.HAL_CAN_RxCpltCallback) refers to canopen_od.o(.bss) for CanLoadRate
    main.o(i.HAL_SYSTICK_Callback) refers to stm32f4xx_hal.o(i.HAL_GetTick) for HAL_GetTick
    main.o(i.HAL_SYSTICK_Callback) refers to function.o(i.BLDC_Stuck_Chk) for BLDC_Stuck_Chk
    main.o(i.HAL_SYSTICK_Callback) refers to stm32f4xx_hal_cortex.o(i.HAL_NVIC_EnableIRQ) for HAL_NVIC_EnableIRQ
    main.o(i.HAL_SYSTICK_Callback) refers to bsp_bdcmotor.o(i.Ramp_Speed) for Ramp_Speed
    main.o(i.HAL_SYSTICK_Callback) refers to bsp_bdcmotor.o(i.GetMotorSpeed) for GetMotorSpeed
    main.o(i.HAL_SYSTICK_Callback) refers to function.o(i.BLDC1_OverSpdChk) for BLDC1_OverSpdChk
    main.o(i.HAL_SYSTICK_Callback) refers to mc_pid_regulators.o(i.PID_Regulator) for PID_Regulator
    main.o(i.HAL_SYSTICK_Callback) refers to function.o(i.BLDC2_OverSpdChk) for BLDC2_OverSpdChk
    main.o(i.HAL_SYSTICK_Callback) refers to bsp_bdcmotor.o(i.SetMotorSpeed) for SetMotorSpeed
    main.o(i.HAL_SYSTICK_Callback) refers to function.o(i.MC_SetFault) for MC_SetFault
    main.o(i.HAL_SYSTICK_Callback) refers to function.o(i.Push_Motor_Calibrate) for Push_Motor_Calibrate
    main.o(i.HAL_SYSTICK_Callback) refers to function.o(i.Push_Motor_Location_Control) for Push_Motor_Location_Control
[...]
    obj1008_Manufacturer_device_Name         0x200002b4   Data           8  canopen_od.o(.data)
    ObjDict_Index1008                        0x200002bc   Data          20  canopen_od.o(.data)
    obj1009_Manufacturer_Hardware_Vesion     0x200002d0   Data           4  canopen_od.o(.data)
    ObjDict_Index1009                        0x200002d4   Data          20  canopen_od.o(.data)
    obj100A_Manufacturer_Firmware_Vesion     0x200002e8   Data           4  canopen_od.o(.data)
    ObjDict_Index100A                        0x200002ec   Data          20  canopen_od.o(.data)
    obj100C_Guard_period                     0x20000300   Data           2  canopen_od.o(.data)
    ObjDict_Index100C                        0x20000304   Data          20  canopen_od.o(.data)
    obj100D_existPeriod_fact                 0x20000318   Data           1  canopen_od.o(.data)
    ObjDict_Index100D                        0x2000031c   Data          20  canopen_od.o(.data)
    obj1010_subindex                         0x20000330   Data           4  canopen_od.o(.data)
    obj1010_saveflash                        0x20000334   Data           4  canopen_od.o(.data)
    Index1010_callbacks                      0x20000338   Data           8  canopen_od.o(.data)
    ObjDict_Index1010                        0x20000340   Data          40  canopen_od.o(.data)
    obj1011_subindex                         0x20000368   Data           4  canopen_od.o(.data)
    obj1011_recover                          0x2000036c   Data           4  canopen_od.o(.data)
    ObjDict_Index1011                        0x20000370   Data          40  canopen_od.o(.data)
    obj1012_CobId_timestamp                  0x20000398   Data           4  canopen_od.o(.data)
    ObjDict_Index1012                        0x2000039c   Data          20  canopen_od.o(.data)
    obj1013_timestamp                        0x200003b0   Data           4  canopen_od.o(.data)
    ObjDict_Index1013                        0x200003b4   Data          20  canopen_od.o(.data)
    obj1014_CobId_Emcy                       0x200003c8   Data           4  canopen_od.o(.data)
    ObjDict_Index1014                        0x200003cc   Data          20  canopen_od.o(.data)
    obj1015_InhabitTime_Emcy                 0x200003e0   Data           4  canopen_od.o(.data)
    ObjDict_Index1015                        0x200003e4   Data          20  canopen_od.o(.data)
    obj1016_ClientHeart_timeout_subindex     0x200003f8   Data           1  canopen_od.o(.data)
    obj1016_ClientHeart_timeout              0x200003fc   Data          20  canopen_od.o(.data)
    Index1016_callbacks                      0x20000410   Data          24  canopen_od.o(.data)
    ObjDict_Index1016                        0x20000428   Data         120  canopen_od.o(.data)
    obj1017_ServerHeart_timeout_subindex     0x200004a0   Data           4  canopen_od.o(.data)
    obj1017_SeverHeart_timeout               0x200004a4   Data           4  canopen_od.o(.data)
    Index1017_callbacks                      0x200004a8   Data           4  canopen_od.o(.data)
    ObjDict_Index1017                        0x200004ac   Data          20  canopen_od.o(.data)
    ObjDict_Index1018                        0x200004c0   Data         100  canopen_od.o(.data)
    obj1019_syncTimer_overflow               0x20000524   Data           1  canopen_od.o(.data)
    ObjDict_Index1019                        0x20000528   Data          20  canopen_od.o(.data)
    obj1028_Client_emcy_subindex             0x2000053c   Data           4  canopen_od.o(.data)
    obj1028_Client_emcy                      0x20000540   Data           4  canopen_od.o(.data)
    ObjDict_Index1028                        0x20000544   Data          40  canopen_od.o(.data)
    obj1200_SdoServer_SubIndex               0x2000056c   Data           1  canopen_od.o(.data)
    obj1200_SdoServer_RSDO_COB_ID            0x20000570   Data           4  canopen_od.o(.data)
    obj1200_SdoServer_TSDO_COB_ID            0x20000574   Data           4  canopen_od.o(.data)
    obj1200_SdoServer_NodeId                 0x20000578   Data           1  canopen_od.o(.data)
    ObjDict_Index1200                        0x2000057c   Data          80  canopen_od.o(.data)
    obj1280_SdoClient_SubIndex               0x200005cc   Data           1  canopen_od.o(.data)
    obj1280_SdoClient_RSDO_COB_ID            0x200005d0   Data           4  canopen_od.o(.data)
    obj1280_SdoClient_TSDO_COB_ID            0x200005d4   Data           4  canopen_od.o(.data)
    obj1280_SdoClient_NodeId                 0x200005d8   Data           1  canopen_od.o(.data)
    ObjDict_Index1280                        0x200005dc   Data          80  canopen_od.o(.data)
    RPDO_Cmct_callbacks                      0x2000062c   Data          12  canopen_od.o(.data)
    ObjDict_Index1400                        0x20000638   Data          60  canopen_od.o(.data)
    ObjDict_Index1401                        0x20000674   Data          60  canopen_od.o(.data)
    ObjDict_Index1402                        0x200006b0   Data          60  canopen_od.o(.data)
    ObjDict_Index1403                        0x200006ec   Data          60  canopen_od.o(.data)
    IndexRPDO_Map_callbacks                  0x20000728   Data          36  canopen_od.o(.data)
    ObjDict_Index1600                        0x2000074c   Data         180  canopen_od.o(.data)
    ObjDict_Index1601                        0x20000800   Data         180  canopen_od.o(.data)
    ObjDict_Index1602                        0x200008b4   Data         180  canopen_od.o(.data)
    ObjDict_Index1603                        0x20000968   Data         180  canopen_od.o(.data)
    TPDO_Cmct_callbacks                      0x20000a1c   Data          28  canopen_od.o(.data)
    ObjDict_Index1800                        0x20000a38   Data         140  canopen_od.o(.data)
    ObjDict_Index1801                        0x20000ac4   Data         140  canopen_od.o(.data)
    ObjDict_Index1802                        0x20000b50   Data         140  canopen_od.o(.data)
    ObjDict_Index1803                        0x20000bdc   Data         140  canopen_od.o(.data)
    IndexTPDO_Map_callbacks                  0x20000c68   Data          36  canopen_od.o(.data)
    ObjDict_Index1A00                        0x20000c8c   Data         180  canopen_od.o(.data)
    ObjDict_Index1A01                        0x20000d40   Data         180  canopen_od.o(.data)
    ObjDict_Index1A02                        0x20000df4   Data         180  canopen_od.o(.data)
    ObjDict_Index1A03                        0x20000ea8   Data         180  canopen_od.o(.data)
    obj2000                                  0x20000f5c   Data           1  canopen_od.o(.data)
    obj2000_sub1                             0x20000f5d   Data           1  canopen_od.o(.data)
    obj2000_sub2                             0x20000f5e   Data           1  canopen_od.o(.data)
    obj2000_sub3                             0x20000f5f   Data           1  canopen_od.o(.data)
    obj2000_sub4                             0x20000f60   Data           1  canopen_od.o(.data)
    obj2000_sub5                             0x20000f61   Data           1  canopen_od.o(.data)
    obj2000_sub6                             0x20000f62   Data           1  canopen_od.o(.data)
    obj2000_sub7                             0x20000f63   Data           1  canopen_od.o(.data)
    obj2000_sub8                             0x20000f64   Data           4  canopen_od.o(.data)
    ObjDict_Index2000                        0x20000f68   Data         180  canopen_od.o(.data)
    ParInNum16                               0x2000101c   Data           1  canopen_od.o(.data)
    ParInNum14                               0x2000101d   Data           1  canopen_od.o(.data)
    ParInNum12                               0x2000101e   Data           1  canopen_od.o(.data)
    ParInNum10                               0x2000101f   Data           1  canopen_od.o(.data)
    ParInNum8                                0x20001020   Data           1  canopen_od.o(.data)
    ParInNum6                                0x20001021   Data           1  canopen_od.o(.data)
    ParInNum5                                0x20001022   Data           1  canopen_od.o(.data)
    ParInNum4                                0x20001023   Data           1  canopen_od.o(.data)
    ParInNum2                                0x20001024   Data           1  canopen_od.o(.data)
    ObjDict_Index2001                        0x20001028   Data         300  canopen_od.o(.data)
    ObjDict_Index2002                        0x20001154   Data         220  canopen_od.o(.data)
    ObjDict_Index2003                        0x20001230   Data         220  canopen_od.o(.data)
    ObjDict_Index2004                        0x2000130c   Data         100  canopen_od.o(.data)
    ObjDict_Index2005                        0x20001370   Data         220  canopen_od.o(.data)
    ObjDict_Index2006                        0x2000144c   Data         220  canopen_od.o(.data)
    ObjDict_Index2007                        0x20001528   Data         220  canopen_od.o(.data)
    ObjDict_Index2008                        0x20001604   Data         260  canopen_od.o(.data)
    ObjDict_Index2009                        0x20001708   Data         220  canopen_od.o(.data)
    ObjDict_Index200A                        0x200017e4   Data         220  canopen_od.o(.data)
    ObjDict_Index200B                        0x200018c0   Data         220  canopen_od.o(.data)
    obj2098_NodeID_Default                   0x2000199c   Data           1  canopen_od.o(.data)
    Index2098_callbacks                      0x200019a0   Data           4  canopen_od.o(.data)
    ObjDict_Index2098                        0x200019a4   Data          20  canopen_od.o(.data)
    obj2099_CanBandrate_Default              0x200019b8   Data           4  canopen_od.o(.data)
    Index2099_callbacks                      0x200019bc   Data           4  canopen_od.o(.data)
    ObjDict_Index2099                        0x200019c0   Data          20  canopen_od.o(.data)
    ObjDict_Index3000                        0x200019d4   Data         100  canopen_od.o(.data)
    ObjDict_Index3001                        0x20001a38   Data         100  canopen_od.o(.data)
    ObjDict_Index3002                        0x20001a9c   Data         100  canopen_od.o(.data)
    ObjDict_Index3003                        0x20001b00   Data         220  canopen_od.o(.data)
    ObjDict_Index3004                        0x20001bdc   Data         100  canopen_od.o(.data)
    ObjDict_Index3005                        0x20001c40   Data         340  canopen_od.o(.data)
    ObjDict_Index3006                        0x20001d94   Data         100  canopen_od.o(.data)
    ObjDict_Index3007                        0x20001df8   Data         100  canopen_od.o(.data)
    ObjDict_Index3008                        0x20001e5c   Data         100  canopen_od.o(.data)
    ObjDict_Index3009                        0x20001ec0   Data         100  canopen_od.o(.data)
    ObjDict_Index300A                        0x20001f24   Data         100  canopen_od.o(.data)
    ObjDict_Index300B                        0x20001f88   Data         140  canopen_od.o(.data)
    ObjDict_Index300C                        0x20002014   Data          60  canopen_od.o(.data)
    ObjDict_Index300D                        0x20002050   Data          80  canopen_od.o(.data)
    ObjDict_Index300E                        0x200020a0   Data          20  canopen_od.o(.data)
    ObjDict_Index300F                        0x200020b4   Data          20  canopen_od.o(.data)
    ObjDict_Index3010                        0x200020c8   Data          40  canopen_od.o(.data)
    ObjDict_Index3011                        0x200020f0   Data         220  canopen_od.o(.data)
    ObjDict_Index3012                        0x200021cc   Data         140  canopen_od.o(.data)
    ObjDict_Index3013                        0x20002258   Data         220  canopen_od.o(.data)
    ObjDict_Index3014                        0x20002334   Data         220  canopen_od.o(.data)
    ObjDict_Index3015                        0x20002410   Data         340  canopen_od.o(.data)
    ObjDict_Index3016                        0x20002564   Data         180  canopen_od.o(.data)
    ObjDict_Index3017                        0x20002618   Data         100  canopen_od.o(.data)
    obj6007_AbortCnect_optcode               0x2000267c   Data           2  canopen_od.o(.data)
    ObjDict_Index6007                        0x20002680   Data          20  canopen_od.o(.data)
    obj603F_errcode                          0x20002694   Data           2  canopen_od.o(.data)
    ObjDict_Index603F                        0x20002698   Data          20  canopen_od.o(.data)
    obj6402_motorType                        0x200026ac   Data           2  canopen_od.o(.data)
    ObjDict_Index6402                        0x200026b0   Data          20  canopen_od.o(.data)
    obj6403_Motor_Nameplate                  0x200026c4   Data           1  canopen_od.o(.data)
    ObjDict_Index6403                        0x200026c8   Data          20  canopen_od.o(.data)
    obj6404_Motor_manufacturer_name          0x200026dc   Data           1  canopen_od.o(.data)
    ObjDict_Index6404                        0x200026e0   Data          20  canopen_od.o(.data)
    obj6502_Supported_driver_mode            0x200026f4   Data           4  canopen_od.o(.data)
    ObjDict_Index6502                        0x200026f8   Data          20  canopen_od.o(.data)
    obj60FD_Digital_inputs                   0x2000270c   Data           4  canopen_od.o(.data)
    ObjDict_Index60FD                        0x20002710   Data          20  canopen_od.o(.data)
    obj60FE_Digital_outputs_subindex         0x20002724   Data           4  canopen_od.o(.data)
    obj60FE_Digital_outputs_dout             0x20002728   Data           4  canopen_od.o(.data)
    obj60FE_Digital_outputs_mask             0x2000272c   Data           4  canopen_od.o(.data)
    ObjDict_Index60FE                        0x20002730   Data          60  canopen_od.o(.data)
    obj6040_Control_word                     0x2000276c   Data           2  canopen_od.o(.data)
    ObjDict_Index6040                        0x20002770   Data          20  canopen_od.o(.data)
    obj6041_Status_word                      0x20002784   Data           2  canopen_od.o(.data)
    ObjDict_Index6041                        0x20002788   Data          20  canopen_od.o(.data)
    obj605B_ShutDown_optcode                 0x2000279c   Data           2  canopen_od.o(.data)
    ObjDict_Index605B                        0x200027a0   Data          20  canopen_od.o(.data)
    obj605C_Disable_optcode                  0x200027b4   Data           2  canopen_od.o(.data)
    ObjDict_Index605C                        0x200027b8   Data          20  canopen_od.o(.data)
    obj605A_QuickStop_optcode                0x200027cc   Data           2  canopen_od.o(.data)
    ObjDict_Index605A                        0x200027d0   Data          20  canopen_od.o(.data)
    obj605D_Halt_optcode                     0x200027e4   Data           2  canopen_od.o(.data)
    ObjDict_Index605D                        0x200027e8   Data          20  canopen_od.o(.data)
    obj605E_FaultReact_optcode               0x200027fc   Data           2  canopen_od.o(.data)
    ObjDict_Index605E                        0x20002800   Data          20  canopen_od.o(.data)
    obj6060_Control_mode                     0x20002814   Data           1  canopen_od.o(.data)
    ObjDict_Index6060                        0x20002818   Data          20  canopen_od.o(.data)
    obj6061_Control_mode_status              0x2000282c   Data           1  canopen_od.o(.data)
    ObjDict_Index6061                        0x20002830   Data          20  canopen_od.o(.data)
    obj6089_PosNotation_index                0x20002844   Data           1  canopen_od.o(.data)
    ObjDict_Index6089                        0x20002848   Data          20  canopen_od.o(.data)
    obj608A_PosDimension_index               0x2000285c   Data           1  canopen_od.o(.data)
    ObjDict_Index608A                        0x20002860   Data          20  canopen_od.o(.data)
    obj608B_VelNotation_index                0x20002874   Data           1  canopen_od.o(.data)
    ObjDict_Index608B                        0x20002878   Data          20  canopen_od.o(.data)
    obj608C_VelDimension_index               0x2000288c   Data           1  canopen_od.o(.data)
    ObjDict_Index608C                        0x20002890   Data          20  canopen_od.o(.data)
    obj608D_AccelNotation_index              0x200028a4   Data           1  canopen_od.o(.data)
    ObjDict_Index608D                        0x200028a8   Data          20  canopen_od.o(.data)
    obj608E_AccelDimension_index             0x200028bc   Data           1  canopen_od.o(.data)
    ObjDict_Index608E                        0x200028c0   Data          20  canopen_od.o(.data)
    obj6093_PosFactor_subindex               0x200028d4   Data           4  canopen_od.o(.data)
    obj6093_PosFactor_numerator              0x200028d8   Data           4  canopen_od.o(.data)
    obj6093_PosFactor_FeedConst              0x200028dc   Data           4  canopen_od.o(.data)
    ObjDict_Index6093                        0x200028e0   Data          60  canopen_od.o(.data)
    obj6094_VelFactor_subindex               0x2000291c   Data           4  canopen_od.o(.data)
    obj6094_VelFactor_numerator              0x20002920   Data           4  canopen_od.o(.data)
    obj6094_VelFactor_FeedConst              0x20002924   Data           4  canopen_od.o(.data)
    ObjDict_Index6094                        0x20002928   Data          60  canopen_od.o(.data)
    obj6097_AccelFactor_subindex             0x20002964   Data           4  canopen_od.o(.data)
    obj6097_AccelFactor_numerator            0x20002968   Data           4  canopen_od.o(.data)
    obj6097_AccelFactor_FeedConst            0x2000296c   Data           4  canopen_od.o(.data)
    ObjDict_Index6097                        0x20002970   Data          60  canopen_od.o(.data)
    obj607E_Pos_rotation                     0x200029ac   Data           1  canopen_od.o(.data)
    ObjDict_Index607E                        0x200029b0   Data          20  canopen_od.o(.data)
    obj607A_Targt_Position                   0x200029c4   Data           4  canopen_od.o(.data)
    ObjDict_Index607A                        0x200029c8   Data          20  canopen_od.o(.data)
    obj607D_Croft_PosLimit_subindex          0x200029dc   Data           4  canopen_od.o(.data)
    obj607D_Croft_PosLimit_min               0x200029e0   Data           4  canopen_od.o(.data)
    obj607D_Croft_PosLimit_max               0x200029e4   Data           4  canopen_od.o(.data)
    ObjDict_Index607D                        0x200029e8   Data          60  canopen_od.o(.data)
    obj6081_Profile_Vel                      0x20002a24   Data           4  canopen_od.o(.data)
    ObjDict_Index6081                        0x20002a28   Data          20  canopen_od.o(.data)
    obj6083_Profile_Accel                    0x20002a3c   Data           4  canopen_od.o(.data)
    ObjDict_Index6083                        0x20002a40   Data          20  canopen_od.o(.data)
    obj6084_Profile_Decel                    0x20002a54   Data           4  canopen_od.o(.data)
    ObjDict_Index6084                        0x20002a58   Data          20  canopen_od.o(.data)
    obj6085_Profile_QuickDecel               0x20002a6c   Data           4  canopen_od.o(.data)
    ObjDict_Index6085                        0x20002a70   Data          20  canopen_od.o(.data)
    obj6086_Motion_profile_mode              0x20002a84   Data           2  canopen_od.o(.data)
    ObjDict_Index6086                        0x20002a88   Data          20  canopen_od.o(.data)
    obj607C_Homing_offset                    0x20002a9c   Data           4  canopen_od.o(.data)
    ObjDict_Index607C                        0x20002aa0   Data          20  canopen_od.o(.data)
    obj6098_Homing_mode                      0x20002ab4   Data           4  canopen_od.o(.data)
    ObjDict_Index6098                        0x20002ab8   Data          20  canopen_od.o(.data)
    ObjDict_Index60C5                        0x20002acc   Data          20  canopen_od.o(.data)
    ObjDict_Index60C6                        0x20002ae0   Data          20  canopen_od.o(.data)
    obj60F6_torque_para_subindex             0x20002af4   Data           4  canopen_od.o(.data)
    ObjDict_Index60F6                        0x20002af8   Data          60  canopen_od.o(.data)
    ObjDict_Index60F7                        0x20002b34   Data          40  canopen_od.o(.data)
    obj60F9_speed_para_subindex              0x20002b5c   Data           4  canopen_od.o(.data)
    ObjDict_Index60F9                        0x20002b60   Data          80  canopen_od.o(.data)
    obj60FB_pos_para_subindex                0x20002bb0   Data           4  canopen_od.o(.data)
    ObjDict_Index60FB                        0x20002bb4   Data          60  canopen_od.o(.data)
    obj6099_Homing_speed_subindex            0x20002bf0   Data           4  canopen_od.o(.data)
    obj6099_Homing_speed_switch              0x20002bf4   Data           4  canopen_od.o(.data)
    obj6099_Homing_speed_zero                0x20002bf8   Data           4  canopen_od.o(.data)
    ObjDict_Index6099                        0x20002bfc   Data          60  canopen_od.o(.data)
    obj609A_Homing_Accel                     0x20002c38   Data           4  canopen_od.o(.data)
    ObjDict_Index609A                        0x20002c3c   Data          20  canopen_od.o(.data)
    obj6062_Position_demand_value            0x20002c50   Data           4  canopen_od.o(.data)
    ObjDict_Index6062                        0x20002c54   Data          20  canopen_od.o(.data)
    obj6063_Pos_act                          0x20002c68   Data           4  canopen_od.o(.data)
    ObjDict_Index6063                        0x20002c6c   Data          20  canopen_od.o(.data)
    obj6064_Position_act                     0x20002c80   Data           4  canopen_od.o(.data)
    ObjDict_Index6064                        0x20002c84   Data          20  canopen_od.o(.data)
    obj6065_Follow_Err_window                0x20002c98   Data           4  canopen_od.o(.data)
    ObjDict_Index6065                        0x20002c9c   Data          20  canopen_od.o(.data)
    obj6066_Follow_Err_window_timeout        0x20002cb0   Data           2  canopen_od.o(.data)
    ObjDict_Index6066                        0x20002cb4   Data          20  canopen_od.o(.data)
    obj6067_Position_window                  0x20002cc8   Data           4  canopen_od.o(.data)
    ObjDict_Index6067                        0x20002ccc   Data          20  canopen_od.o(.data)
    obj6068_Position_window_time             0x20002ce0   Data           2  canopen_od.o(.data)
    ObjDict_Index6068                        0x20002ce4   Data          20  canopen_od.o(.data)
    obj60F4_Follow_Err_act                   0x20002cf8   Data           2  canopen_od.o(.data)
    ObjDict_Index60F4                        0x20002cfc   Data          20  canopen_od.o(.data)
    obj60FC_PosDemand_value                  0x20002d10   Data           4  canopen_od.o(.data)
    ObjDict_Index60FC                        0x20002d14   Data          20  canopen_od.o(.data)
    obj6069_Vel_sensor_act                   0x20002d28   Data           4  canopen_od.o(.data)
    ObjDict_Index6069                        0x20002d2c   Data          20  canopen_od.o(.data)
    obj606B_Vel_demand_value                 0x20002d40   Data           4  canopen_od.o(.data)
    ObjDict_Index606B                        0x20002d44   Data          20  canopen_od.o(.data)
    obj606C_Vel_actual                       0x20002d58   Data           4  canopen_od.o(.data)
    ObjDict_Index606C                        0x20002d5c   Data          20  canopen_od.o(.data)
    obj606D_Vel_window                       0x20002d70   Data           2  canopen_od.o(.data)
    ObjDict_Index606D                        0x20002d74   Data          20  canopen_od.o(.data)
    obj606E_Vel_window_time                  0x20002d88   Data           2  canopen_od.o(.data)
    ObjDict_Index606E                        0x20002d8c   Data          20  canopen_od.o(.data)
    obj606F_Vel_threshold                    0x20002da0   Data           2  canopen_od.o(.data)
    ObjDict_Index606F                        0x20002da4   Data          20  canopen_od.o(.data)
    obj6070_Vel_threshold_time               0x20002db8   Data           2  canopen_od.o(.data)
    ObjDict_Index6070                        0x20002dbc   Data          20  canopen_od.o(.data)
    obj60FF_Vel_Targt                        0x20002dd0   Data           4  canopen_od.o(.data)
    ObjDict_Index60FF                        0x20002dd4   Data          20  canopen_od.o(.data)
    obj60F8_Vel_Max_slippage                 0x20002de8   Data           4  canopen_od.o(.data)
    ObjDict_Index60F8                        0x20002dec   Data          20  canopen_od.o(.data)
    obj6071_Torque_Targt                     0x20002e00   Data           2  canopen_od.o(.data)
    ObjDict_Index6071                        0x20002e04   Data          20  canopen_od.o(.data)
    obj6072_Max_Torque                       0x20002e18   Data           2  canopen_od.o(.data)
    ObjDict_Index6072                        0x20002e1c   Data          20  canopen_od.o(.data)
    obj6073_Max_Current                      0x20002e30   Data           2  canopen_od.o(.data)
    ObjDict_Index6073                        0x20002e34   Data          20  canopen_od.o(.data)
    obj6074_Torque_demand_value              0x20002e48   Data           2  canopen_od.o(.data)
    ObjDict_Index6074                        0x20002e4c   Data          20  canopen_od.o(.data)
    obj6075_rated_Current                    0x20002e60   Data           4  canopen_od.o(.data)
    ObjDict_Index6075                        0x20002e64   Data          20  canopen_od.o(.data)
    obj6076_rated_torque                     0x20002e78   Data           4  canopen_od.o(.data)
    ObjDict_Index6076                        0x20002e7c   Data          20  canopen_od.o(.data)
    obj6077_Torque_act                       0x20002e90   Data           2  canopen_od.o(.data)
    ObjDict_Index6077                        0x20002e94   Data          20  canopen_od.o(.data)
    obj6078_Current_act                      0x20002ea8   Data           2  canopen_od.o(.data)
    ObjDict_Index6078                        0x20002eac   Data          20  canopen_od.o(.data)
    obj6079_Voltage_bus                      0x20002ec0   Data           4  canopen_od.o(.data)
    ObjDict_Index6079                        0x20002ec4   Data          20  canopen_od.o(.data)
    obj6087_Torque_slope                     0x20002ed8   Data           4  canopen_od.o(.data)
    ObjDict_Index6087                        0x20002edc   Data          20  canopen_od.o(.data)
    obj6088_Torque_profile_type              0x20002ef0   Data           2  canopen_od.o(.data)
    ObjDict_Index6088                        0x20002ef4   Data          20  canopen_od.o(.data)
    obj6042_Vlvel_targt                      0x20002f08   Data           2  canopen_od.o(.data)
    ObjDict_Index6042                        0x20002f0c   Data          20  canopen_od.o(.data)
    obj6043_Vlvel_demand_value               0x20002f20   Data           2  canopen_od.o(.data)
    ObjDict_Index6043                        0x20002f24   Data          20  canopen_od.o(.data)
    obj6053_Vl_percentage_demand             0x20002f38   Data           2  canopen_od.o(.data)
    ObjDict_Index6053                        0x20002f3c   Data          20  canopen_od.o(.data)
    obj6054_Vl_percentage_act                0x20002f50   Data           2  canopen_od.o(.data)
    ObjDict_Index6054                        0x20002f54   Data          20  canopen_od.o(.data)
    obj6055_Vl_manipulated_percentage        0x20002f68   Data           2  canopen_od.o(.data)
    ObjDict_Index6055                        0x20002f6c   Data          20  canopen_od.o(.data)
    obj604E_Vlvel_reference                  0x20002f80   Data           4  canopen_od.o(.data)
    ObjDict_Index604E                        0x20002f84   Data          20  canopen_od.o(.data)
    obj604C_Vl_DimFactor_subindex            0x20002f98   Data           4  canopen_od.o(.data)
    obj604C_Vl_DimFactor_numerator           0x20002f9c   Data           4  canopen_od.o(.data)
    obj604C_Vl_DimFactor_denominator         0x20002fa0   Data           4  canopen_od.o(.data)
    ObjDict_Index604C                        0x20002fa4   Data          60  canopen_od.o(.data)
    obj604B_Vl_SetPointFactor_subindex       0x20002fe0   Data           2  canopen_od.o(.data)
    obj604B_Vl_SetPointFactor_numerato       0x20002fe2   Data           2  canopen_od.o(.data)
    obj604B_Vl_SetPointFactor_denominator    0x20002fe4   Data           2  canopen_od.o(.data)
    ObjDict_Index604B                        0x20002fe8   Data          60  canopen_od.o(.data)
    obj604D_Pole_Number                      0x20003024   Data           1  canopen_od.o(.data)
    ObjDict_Index604D                        0x20003028   Data          20  canopen_od.o(.data)
    obj6046_Vlvel_MinMax_amount_subindex     0x2000303c   Data           4  canopen_od.o(.data)
    obj6046_Vlvel_Min_amount                 0x20003040   Data           4  canopen_od.o(.data)
    obj6046_Vlvel_Max_amount                 0x20003044   Data           4  canopen_od.o(.data)
    ObjDict_Index6046                        0x20003048   Data          60  canopen_od.o(.data)
    obj6047_Vlvel_MinMax_subindex            0x20003084   Data           4  canopen_od.o(.data)
    obj6047_Vlvel_Min_Pos                    0x20003088   Data           4  canopen_od.o(.data)
    obj6047_Vlvel_Max_Pos                    0x2000308c   Data           4  canopen_od.o(.data)
    obj6047_Vlvel_Min_neg                    0x20003090   Data           4  canopen_od.o(.data)
    obj6047_Vlvel_Max_neg                    0x20003094   Data           4  canopen_od.o(.data)
    ObjDict_Index6047                        0x20003098   Data         100  canopen_od.o(.data)
    obj6058_VlfreqMotor_MinMax_amount_subindex 0x200030fc   Data           4  canopen_od.o(.data)
    obj6058_VlfreqMotor_Min_amount           0x20003100   Data           4  canopen_od.o(.data)
    obj6058_VlfreqMotor_Max_amount           0x20003104   Data           4  canopen_od.o(.data)
    ObjDict_Index6058                        0x20003108   Data          60  canopen_od.o(.data)
    obj6059_VlfreqMotor_MinMax_subindex      0x20003144   Data           4  canopen_od.o(.data)
    obj6059_VlfreqMotor_Min_Pos              0x20003148   Data           4  canopen_od.o(.data)
    obj6059_VlfreqMotor_Max_Pos              0x2000314c   Data           4  canopen_od.o(.data)
    obj6059_VlfreqMotor_Min_neg              0x20003150   Data           4  canopen_od.o(.data)
    obj6059_VlfreqMotor_Max_neg              0x20003154   Data           4  canopen_od.o(.data)
    ObjDict_Index6059                        0x20003158   Data         100  canopen_od.o(.data)
    obj6056_VlvelMotor_MinMax_amount_subindex 0x200031bc   Data           4  canopen_od.o(.data)
    obj6056_VlvelMotor_Min_amount            0x200031c0   Data           4  canopen_od.o(.data)
    obj6056_VlvelMotor_Max_amount            0x200031c4   Data           4  canopen_od.o(.data)
    ObjDict_Index6056                        0x200031c8   Data          60  canopen_od.o(.data)
    obj6057_VlvelMotor_MinMax_subindex       0x20003204   Data           4  canopen_od.o(.data)
    obj6057_VlvelMotor_Min_Pos               0x20003208   Data           4  canopen_od.o(.data)
    obj6057_VlvelMotor_Max_Pos               0x2000320c   Data           4  canopen_od.o(.data)
    obj6057_VlvelMotor_Min_neg               0x20003210   Data           4  canopen_od.o(.data)
    obj6057_VlvelMotor_Max_neg               0x20003214   Data           4  canopen_od.o(.data)
    ObjDict_Index6057                        0x20003218   Data         100  canopen_od.o(.data)
    obj6048_Vlvel_Accel_subindex             0x2000327c   Data           4  canopen_od.o(.data)
    obj6048_Vlvel_Accel_deltaSpeed           0x20003280   Data           4  canopen_od.o(.data)
    obj6048_Vlvel_Accel_deltaTime            0x20003284   Data           4  canopen_od.o(.data)
    ObjDict_Index6048                        0x20003288   Data          60  canopen_od.o(.data)
    obj6049_Vlvel_Decel_subindex             0x200032c4   Data           4  canopen_od.o(.data)
    obj6049_Vlvel_Decel_deltaSpeed           0x200032c8   Data           4  canopen_od.o(.data)
    obj6049_Vlvel_Decel_deltaTime            0x200032cc   Data           4  canopen_od.o(.data)
    ObjDict_Index6049                        0x200032d0   Data          60  canopen_od.o(.data)
    obj604A_Vlvel_QuickStop_subindex         0x2000330c   Data           4  canopen_od.o(.data)
    obj604A_Vlvel_QuickStop_deltaSpeed       0x20003310   Data           4  canopen_od.o(.data)
    obj604A_Vlvel_QuickStop_deltaTime        0x20003314   Data           4  canopen_od.o(.data)
    ObjDict_Index604A                        0x20003318   Data          60  canopen_od.o(.data)
    obj604F_Vl_SlopeFunction_time            0x20003354   Data           4  canopen_od.o(.data)
    ObjDict_Index604F                        0x20003358   Data          20  canopen_od.o(.data)
    obj6050_Vl_Decel_time                    0x2000336c   Data           4  canopen_od.o(.data)
    ObjDict_Index6050                        0x20003370   Data          20  canopen_od.o(.data)
    obj6051_Vl_QuickStop_time                0x20003384   Data           4  canopen_od.o(.data)
    ObjDict_Index6051                        0x20003388   Data          20  canopen_od.o(.data)
    obj6044_Vl_Control_effort                0x2000339c   Data           2  canopen_od.o(.data)
    ObjDict_Index6044                        0x200033a0   Data          20  canopen_od.o(.data)
    obj6045_Vlvel_Manipulated                0x200033b4   Data           2  canopen_od.o(.data)
    ObjDict_Index6045                        0x200033b8   Data          20  canopen_od.o(.data)
    obj6052_Vl_Nominal_percentage            0x200033cc   Data           2  canopen_od.o(.data)
    ObjDict_Index6052                        0x200033d0   Data          20  canopen_od.o(.data)
    ObjDict_Index2001_callbacks              0x200033e4   Data           4  canopen_od.o(.data)
    CANopen_Drive                            0x200033e8   Data         596  canopen_od.o(.data)
    pPdoPar                                  0x2000363c   Data         704  canopen_od.o(.data)
    pHeartBeatPar                            0x200038fc   Data          12  canopen_od.o(.data)
    Ob_ID                                    0x20003908   Data          20  canopen_od.o(.data)
    total_sleep_time                         0x2000391c   Data           4  canopen_timer.o(.data)
    last_timer_raw                           0x20003920   Data           2  canopen_timer.o(.data)
    last_time_set                            0x20003924   Data           4  canopen_timer.o(.data)
    TimeCNT                                  0x20003928   Data           4  canopen_timer.o(.data)
    NextTime                                 0x2000392c   Data           4  canopen_timer.o(.data)
    FirstSector                              0x20003930   Data           4  flash.o(.data)
    NbOfSectors                              0x20003934   Data           4  flash.o(.data)
    Address                                  0x20003938   Data           4  flash.o(.data)
    SectorError                              0x2000393c   Data           4  flash.o(.data)
    MemoryProgramStatus                      0x20003940   Data           4  flash.o(.data)
    reflag                                   0x20003948   Data           1  agreement.o(.data)
    Flash_Writesign                          0x20003949   Data           1  agreement.o(.data)
    count                                    0x2000394a   Data           2  agreement.o(.data)
    SendBuf1                                 0x2000394c   Data           4  agreement.o(.data)
    SendBuf2                                 0x20003950   Data           5  agreement.o(.data)
    SendBuf3                                 0x20003955   Data           4  agreement.o(.data)
    txflag                                   0x20003959   Data           1  agreement.o(.data)
    ErrTime1                                 0x2000395c   Data           4  agreement.o(.data)
    SendFlag                                 0x20003960   Data           1  agreement.o(.data)
    ReceiveFlag                              0x20003961   Data           1  agreement.o(.data)
    test                                     0x20003964   Data           4  agreement.o(.data)
    __stdout                                 0x20003968   Data           4  stdout.o(.data)
    hcan1                                    0x2000396c   Data          68  main.o(.bss)
    hcan2                                    0x200039b0   Data          68  main.o(.bss)
    TxMessage                                0x200039f4   Data          28  main.o(.bss)
    RxMessage                                0x20003a10   Data          36  main.o(.bss)
    ProgramVersion                           0x20003a34   Data          16  main.o(.bss)
    strCapture                               0x20003a44   Data          10  main.o(.bss)
    hadc1                                    0x20003a50   Data         100  main.o(.bss)
    hdma_adc1                                0x20003ab4   Data          96  main.o(.bss)
    htim1                                    0x20003b14   Data          64  main.o(.bss)
    htim2                                    0x20003b54   Data          64  main.o(.bss)
    htim3                                    0x20003b94   Data          64  main.o(.bss)
    htim4                                    0x20003bd4   Data          64  main.o(.bss)
    htim5                                    0x20003c14   Data          64  main.o(.bss)
    htim6                                    0x20003c54   Data          64  main.o(.bss)
    htim7                                    0x20003c94   Data          64  main.o(.bss)
    htim8                                    0x20003cd4   Data          64  main.o(.bss)
    htim9                                    0x20003d14   Data          64  main.o(.bss)
    htim10                                   0x20003d54   Data          64  main.o(.bss)
    htim11                                   0x20003d94   Data          64  main.o(.bss)
    htim12                                   0x20003dd4   Data          64  main.o(.bss)
    huart3                                   0x20003e14   Data          64  main.o(.bss)
    ADC_ConvertedValue                       0x20003e54   Data          48  main.o(.bss)
    aRxBuffer                                0x20003e84   Data          50  main.o(.bss)
    LV_Uart_TxBuffer                         0x20003eb6   Data       16000  main.o(.bss)
    Err_codeHis                              0x20007d38   Data          40  main.o(.bss)
    Err_codeTick                             0x20007d60   Data          40  main.o(.bss)
    LV_TxBuffer                              0x20007d88   Data          20  main.o(.bss)
    phasecount                               0x20007d9c   Data          20  main.o(.bss)
    avgle                                    0x20007db0   Data          20  main.o(.bss)
    pFlash                                   0x20007dc4   Data          32  stm32f4xx_hal_flash.o(.bss)
    VoltVar                                  0x20007de4   Data          26  function.o(.bss)
    Motor5_Current_temp                      0x20007e00   Data          16  function.o(.bss)
    Motor6_Current_temp                      0x20007e10   Data          16  function.o(.bss)
    Stuck_TimeCnt                            0x20007e20   Data          28  function.o(.bss)
    NeedToCheekPush                          0x20007e3c   Data          14  function.o(.bss)
    Push_Error_Cheek_Cnt                     0x20007e4c   Data          56  function.o(.bss)
    Push_curr_temp                           0x20007e84   Data          56  function.o(.bss)
    Sys_Ticktemp                             0x20007ebc   Data          40  function.o(.bss)
    M5_100us_ac_ab_bc_cur                    0x20007ee4   Data          12  function.o(.bss)
    M6_100us_ac_ab_bc_cur                    0x20007ef0   Data          12  function.o(.bss)
    PID_Speed_InitStruct                     0x20007efc   Data         112  mc_pid_regulators.o(.bss)
    PID_Current_InitStructure                0x20007f6c   Data         112  mc_pid_regulators.o(.bss)
    PID_PWM                                  0x20007fdc   Data          56  mc_pid_regulators.o(.bss)
    htimx_BDCMOTOR                           0x20008014   Data          64  bsp_bdcmotor.o(.bss)
    MotorControl                             0x20008054   Data        1736  bsp_bdcmotor.o(.bss)
    HALL_Study                               0x2000871c   Data          36  bsp_bdcmotor.o(.bss)
    hiwdg                                    0x20008740   Data          12  bsp_iwdg.o(.bss)
    testGl                                   0x2000874c   Data         200  canopen_od.o(.bss)
    testStr                                  0x20008814   Data          50  canopen_od.o(.bss)
    TimeConsume                              0x20008848   Data          16  canopen_od.o(.bss)
    CanLoadRate                              0x20008858   Data          16  canopen_od.o(.bss)
    PDO_Trans_chache                         0x20008868   Data         144  canopen_od.o(.bss)
    ObjDict_heartBeatTimers                  0x200088f8   Data          10  canopen_od.o(.bss)
    test111                                  0x20008904   Data          40  canopen_od.o(.bss)
    ObjDict_Index2000_callbacks              0x2000892c   Data          12  canopen_od.o(.bss)
    pRpdoDirectPar                           0x20008938   Data         448  canopen_od.o(.bss)
    TIM6_Handler                             0x20008af8   Data          64  canopen_timer.o(.bss)
    timers                                   0x20008b38   Data         192  canopen_timer.o(.bss)
    tempbuf                                  0x20008bf8   Data        1000  flash.o(.bss)
    aRxBuffer1                               0x20008ff4   Data         200  agreement.o(.bss)
    SendBuf                                  0x200090bc   Data         200  agreement.o(.bss)
    husart_debug                             0x20009184   Data          64  agreement.o(.bss)
    transbuf                                 0x200091c4   Data        1000  agreement.o(.bss)
    __initial_sp                             0x2000a5b0   Data           0  startup_stm32f407xx.o(STACK)



==============================================================================

Memory Map of the image

  Image Entry point : 0x08000189

  Load Region LR_IROM1 (Base: 0x08000000, Size: 0x00013b84, Max: 0x00040000, ABSOLUTE, COMPRESSED[0x00011320])

    Execution Region ER_IROM1 (Exec base: 0x08000000, Load base: 0x08000000, Size: 0x00010218, Max: 0x00040000, ABSOLUTE)

    Exec Addr    Load Addr    Size         Type   Attr      Idx    E Section Name        Object

    0x08000000   0x08000000   0x00000188   Data   RO            3    RESET               startup_stm32f407xx.o
    0x08000188   0x08000188   0x00000000   Code   RO         5325  * .ARM.Collect$$$$00000000  mc_w.l(entry.o)
    0x08000188   0x08000188   0x00000004   Code   RO         5611    .ARM.Collect$$$$00000001  mc_w.l(entry2.o)
    0x0800018c   0x0800018c   0x00000004   Code   RO         5614    .ARM.Collect$$$$00000004  mc_w.l(entry5.o)
    0x08000190   0x08000190   0x00000000   Code   RO         5616    .ARM.Collect$$$$00000008  mc_w.l(entry7b.o)
    0x08000190   0x08000190   0x00000000   Code   RO         5618    .ARM.Collect$$$$0000000A  mc_w.l(entry8b.o)
    0x08000190   0x08000190   0x00000008   Code   RO         5619    .ARM.Collect$$$$0000000B  mc_w.l(entry9a.o)
    0x08000198   0x08000198   0x00000000   Code   RO         5621    .ARM.Collect$$$$0000000D  mc_w.l(entry10a.o)
    0x08000198   0x08000198   0x00000000   Code   RO         5623    .ARM.Collect$$$$0000000F  mc_w.l(entry11a.o)
    0x08000198   0x08000198   0x00000004   Code   RO         5612    .ARM.Collect$$$$00002712  mc_w.l(entry2.o)
    0x0800019c   0x0800019c   0x00000024   Code   RO            4    .text               startup_stm32f407xx.o
    0x080001c0   0x080001c0   0x00000062   Code   RO         5328    .text               mc_w.l(uldiv.o)
    0x08000222   0x08000222   0x00000024   Code   RO         5330    .text               mc_w.l(memcpya.o)
    0x08000246   0x08000246   0x00000024   Code   RO         5332    .text               mc_w.l(memseta.o)
    0x0800026a   0x0800026a   0x0000001a   Code   RO         5334    .text               mc_w.l(memcmp.o)
    0x08000284   0x08000284   0x000000e4   Code   RO         5599    .text               mf_w.l(dmul.o)
    0x08000368   0x08000368   0x00000022   Code   RO         5601    .text               mf_w.l(dflti.o)
    0x0800038a   0x0800038a   0x0000003e   Code   RO         5603    .text               mf_w.l(dfixi.o)
    0x080003c8   0x080003c8   0x00000026   Code   RO         5605    .text               mf_w.l(f2d.o)
    0x080003ee   0x080003ee   0x00000002   PAD
    0x080003f0   0x080003f0   0x00000030   Code   RO         5607    .text               mf_w.l(cdcmple.o)
    0x08000420   0x08000420   0x00000030   Code   RO         5609    .text               mf_w.l(cdrcmple.o)
    0x08000450   0x08000450   0x0000002c   Code   RO         5626    .text               mc_w.l(uidiv.o)
    0x0800047c   0x0800047c   0x0000001e   Code   RO         5628    .text               mc_w.l(llshl.o)
    0x0800049a   0x0800049a   0x00000020   Code   RO         5630    .text               mc_w.l(llushr.o)
    0x080004ba   0x080004ba   0x00000000   Code   RO         5632    .text               mc_w.l(iusefp.o)
    0x080004ba   0x080004ba   0x000000ba   Code   RO         5633    .text               mf_w.l(depilogue.o)
    0x08000574   0x08000574   0x00000024   Code   RO         5641    .text               mc_w.l(init.o)
    0x08000598   0x08000598   0x00000056   Code   RO         5653    .text               mc_w.l(__dczerorl2.o)
    0x080005ee   0x080005ee   0x0000007e   Code   RO          680    i.ADC_DMAConvCplt   stm32f4xx_hal_adc.o
    0x0800066c   0x0800066c   0x0000001a   Code   RO          681    i.ADC_DMAError      stm32f4xx_hal_adc.o
    0x08000686   0x08000686   0x0000000e   Code   RO          682    i.ADC_DMAHalfConvCplt  stm32f4xx_hal_adc.o
    0x08000694   0x08000694   0x00000010   Code   RO          391    i.ADC_IRQHandler    stm32f4xx_it.o
    0x080006a4   0x080006a4   0x00000160   Code   RO          683    i.ADC_Init          stm32f4xx_hal_adc.o
    0x08000804   0x08000804   0x000000fc   Code   RO         3715    i.BLDC1_OverSpdChk  function.o
    0x08000900   0x08000900   0x00000168   Code   RO         3971    i.BLDC1_PhaseChange  bsp_bdcmotor.o
    0x08000a68   0x08000a68   0x00000100   Code   RO         3716    i.BLDC2_OverSpdChk  function.o
    0x08000b68   0x08000b68   0x0000019c   Code   RO         3972    i.BLDC2_PhaseChange  bsp_bdcmotor.o
    0x08000d04   0x08000d04   0x0000009c   Code   RO         3717    i.BLDC5_Phase_Check  function.o
    0x08000da0   0x08000da0   0x0000009c   Code   RO         3718    i.BLDC6_Phase_Check  function.o
    0x08000e3c   0x08000e3c   0x00000180   Code   RO         3719    i.BLDC_Stuck_Chk    function.o
    0x08000fbc   0x08000fbc   0x0000006e   Code   RO         3720    i.BubbleSort        function.o
    0x0800102a   0x0800102a   0x00000004   Code   RO          392    i.BusFault_Handler  stm32f4xx_it.o
    0x0800102e   0x0800102e   0x00000002   PAD
    0x08001030   0x08001030   0x00000084   Code   RO           13    i.CAN1_Send_Msg     main.o
    0x080010b4   0x080010b4   0x00000010   Code   RO          393    i.CAN2_RX0_IRQHandler  stm32f4xx_it.o
    0x080010c4   0x080010c4   0x000001b6   Code   RO         2248    i.CAN_Receive_IT    stm32f4xx_hal_can.o
    0x0800127a   0x0800127a   0x00000062   Code   RO         2249    i.CAN_Transmit_IT   stm32f4xx_hal_can.o
    0x080012dc   0x080012dc   0x00000098   Code   RO         4129    i.CANopen_Parameter_Init  canopen_od.o
    0x08001374   0x08001374   0x00000026   Code   RO         4519    i.ConsumerHeartbeatAlarm  Canopen.lib(canopen_lifegrd.o)
    0x0800139a   0x0800139a   0x00000098   Code   RO         4929    i.CopyBits          Canopen.lib(canopen_pdo.o)
    0x08001432   0x08001432   0x00000002   PAD
    0x08001434   0x08001434   0x00000318   Code   RO         3721    i.CurrentLimit      function.o
    0x0800174c   0x0800174c   0x00000010   Code   RO          394    i.DMA2_Stream0_IRQHandler  stm32f4xx_it.o
    0x0800175c   0x0800175c   0x00000034   Code   RO         1570    i.DMA_CalcBaseAndBitshift  stm32f4xx_hal_dma.o
    0x08001790   0x08001790   0x000000aa   Code   RO         1571    i.DMA_CheckFifoParam  stm32f4xx_hal_dma.o
    0x0800183a   0x0800183a   0x0000002c   Code   RO         1572    i.DMA_SetConfig     stm32f4xx_hal_dma.o
    0x08001866   0x08001866   0x00000002   Code   RO          395    i.DebugMon_Handler  stm32f4xx_it.o
    0x08001868   0x08001868   0x00000038   Code   RO         4237    i.DelAlarm          canopen_timer.o
    0x080018a0   0x080018a0   0x0000000a   Code   RO          396    i.EXTI0_IRQHandler  stm32f4xx_it.o
    0x080018aa   0x080018aa   0x0000002c   Code   RO          397    i.EXTI15_10_IRQHandler  stm32f4xx_it.o
    0x080018d6   0x080018d6   0x0000000a   Code   RO          398    i.EXTI1_IRQHandler  stm32f4xx_it.o
    0x080018e0   0x080018e0   0x0000000a   Code   RO          399    i.EXTI2_IRQHandler  stm32f4xx_it.o
    0x080018ea   0x080018ea   0x0000000a   Code   RO          400    i.EXTI3_IRQHandler  stm32f4xx_it.o
    0x080018f4   0x080018f4   0x0000000a   Code   RO          401    i.EXTI4_IRQHandler  stm32f4xx_it.o
    0x080018fe   0x080018fe   0x0000001e   Code   RO          402    i.EXTI9_5_IRQHandler  stm32f4xx_it.o
    0x0800191c   0x0800191c   0x00000006   Code   RO           14    i.Error_Handler     main.o
    0x08001922   0x08001922   0x00000002   PAD
    0x08001924   0x08001924   0x0000005c   Code   RO         1340    i.FLASH_Erase_Sector  stm32f4xx_hal_flash_ex.o
    0x08001980   0x08001980   0x00000078   Code   RO         1341    i.FLASH_FlushCaches  stm32f4xx_hal_flash_ex.o
    0x080019f8   0x080019f8   0x00000030   Code   RO         1342    i.FLASH_MassErase   stm32f4xx_hal_flash_ex.o
    0x08001a28   0x08001a28   0x00000024   Code   RO         1222    i.FLASH_Program_Byte  stm32f4xx_hal_flash.o
    0x08001a4c   0x08001a4c   0x0000003c   Code   RO         1223    i.FLASH_Program_DoubleWord  stm32f4xx_hal_flash.o
    0x08001a88   0x08001a88   0x00000028   Code   RO         1224    i.FLASH_Program_HalfWord  stm32f4xx_hal_flash.o
    0x08001ab0   0x08001ab0   0x00000028   Code   RO         1225    i.FLASH_Program_Word  stm32f4xx_hal_flash.o
    0x08001ad8   0x08001ad8   0x00000098   Code   RO         1226    i.FLASH_SetErrorCode  stm32f4xx_hal_flash.o
    0x08001b70   0x08001b70   0x00000064   Code   RO         1227    i.FLASH_WaitForLastOperation  stm32f4xx_hal_flash.o
    0x08001bd4   0x08001bd4   0x0000003c   Code   RO         4353    i.Flash_Read        flash.o
    0x08001c10   0x08001c10   0x00000024   Code   RO         4411    i.Flash_WriteCheck  agreement.o
    0x08001c34   0x08001c34   0x00000078   Code   RO         3973    i.GetMotorSpeed     bsp_bdcmotor.o
    0x08001cac   0x08001cac   0x000000e4   Code   RO         4354    i.GetSector         flash.o
    0x08001d90   0x08001d90   0x00000070   Code   RO         3974    i.HALLSTUDY_PhaseChange0  bsp_bdcmotor.o
    0x08001e00   0x08001e00   0x00000070   Code   RO         3975    i.HALLSTUDY_PhaseChange1  bsp_bdcmotor.o
    0x08001e70   0x08001e70   0x00000038   Code   RO         3976    i.HALL_GetPhase2    bsp_bdcmotor.o
    0x08001ea8   0x08001ea8   0x00000002   Code   RO          965    i.HAL_ADCEx_InjectedConvCpltCallback  stm32f4xx_hal_adc_ex.o
    0x08001eaa   0x08001eaa   0x00000002   PAD
    0x08001eac   0x08001eac   0x00000088   Code   RO          684    i.HAL_ADC_AnalogWDGConfig  stm32f4xx_hal_adc.o
    0x08001f34   0x08001f34   0x0000018c   Code   RO          685    i.HAL_ADC_ConfigChannel  stm32f4xx_hal_adc.o
    0x080020c0   0x080020c0   0x00000002   Code   RO           15    i.HAL_ADC_ConvCpltCallback  main.o
    0x080020c2   0x080020c2   0x00000002   Code   RO          687    i.HAL_ADC_ConvHalfCpltCallback  stm32f4xx_hal_adc.o
    0x080020c4   0x080020c4   0x00000002   Code   RO          689    i.HAL_ADC_ErrorCallback  stm32f4xx_hal_adc.o
    0x080020c6   0x080020c6   0x00000174   Code   RO          693    i.HAL_ADC_IRQHandler  stm32f4xx_hal_adc.o
    0x0800223a   0x0800223a   0x00000002   PAD
    0x0800223c   0x0800223c   0x0000009c   Code   RO          694    i.HAL_ADC_Init      stm32f4xx_hal_adc.o
    0x080022d8   0x080022d8   0x0000003c   Code   RO         4088    i.HAL_ADC_LevelOutOfWindowCallback  bsp_iwdg.o
    0x08002314   0x08002314   0x00000100   Code   RO          590    i.HAL_ADC_MspInit   stm32f4xx_hal_msp.o
    0x08002414   0x08002414   0x00000184   Code   RO          702    i.HAL_ADC_Start_DMA  stm32f4xx_hal_adc.o
    0x08002598   0x08002598   0x00000002   Code   RO         2252    i.HAL_CAN_ErrorCallback  stm32f4xx_hal_can.o
    0x0800259a   0x0800259a   0x00000002   PAD
    0x0800259c   0x0800259c   0x00000254   Code   RO         2255    i.HAL_CAN_IRQHandler  stm32f4xx_hal_can.o
    0x080027f0   0x080027f0   0x0000010c   Code   RO         2260    i.HAL_CAN_Receive_IT  stm32f4xx_hal_can.o
    0x080028fc   0x080028fc   0x00000068   Code   RO           16    i.HAL_CAN_RxCpltCallback  main.o
    0x08002964   0x08002964   0x000002b8   Code   RO         2263    i.HAL_CAN_Transmit  stm32f4xx_hal_can.o
    0x08002c1c   0x08002c1c   0x00000002   Code   RO         2265    i.HAL_CAN_TxCpltCallback  stm32f4xx_hal_can.o
    0x08002c1e   0x08002c1e   0x00000028   Code   RO         1574    i.HAL_DMA_Abort_IT  stm32f4xx_hal_dma.o
    0x08002c46   0x08002c46   0x00000002   PAD
    0x08002c48   0x08002c48   0x00000240   Code   RO         1578    i.HAL_DMA_IRQHandler  stm32f4xx_hal_dma.o
    0x08002e88   0x08002e88   0x000000ec   Code   RO         1579    i.HAL_DMA_Init      stm32f4xx_hal_dma.o
    0x08002f74   0x08002f74   0x00000092   Code   RO         1583    i.HAL_DMA_Start_IT  stm32f4xx_hal_dma.o
    0x08003006   0x08003006   0x00000002   PAD
    0x08003008   0x08003008   0x00000028   Code   RO         1997    i.HAL_Delay         stm32f4xx_hal.o
    0x08003030   0x08003030   0x000000ac   Code   RO         1352    i.HAL_FLASHEx_Erase  stm32f4xx_hal_flash_ex.o
    0x080030dc   0x080030dc   0x00000014   Code   RO         1231    i.HAL_FLASH_Lock    stm32f4xx_hal_flash.o
    0x080030f0   0x080030f0   0x00000098   Code   RO         1236    i.HAL_FLASH_Program  stm32f4xx_hal_flash.o
    0x08003188   0x08003188   0x00000034   Code   RO         1238    i.HAL_FLASH_Unlock  stm32f4xx_hal_flash.o
    0x080031bc   0x080031bc   0x00000854   Code   RO          403    i.HAL_GPIO_EXTI_Callback  stm32f4xx_it.o
    0x08003a10   0x08003a10   0x0000001c   Code   RO         1465    i.HAL_GPIO_EXTI_IRQHandler  stm32f4xx_hal_gpio.o
    0x08003a2c   0x08003a2c   0x00000200   Code   RO         1466    i.HAL_GPIO_Init     stm32f4xx_hal_gpio.o
    0x08003c2c   0x08003c2c   0x00000010   Code   RO         1468    i.HAL_GPIO_ReadPin  stm32f4xx_hal_gpio.o
    0x08003c3c   0x08003c3c   0x00000012   Code   RO         1469    i.HAL_GPIO_TogglePin  stm32f4xx_hal_gpio.o
    0x08003c4e   0x08003c4e   0x0000000c   Code   RO         1470    i.HAL_GPIO_WritePin  stm32f4xx_hal_gpio.o
    0x08003c5a   0x08003c5a   0x00000002   PAD
    0x08003c5c   0x08003c5c   0x0000000c   Code   RO         2003    i.HAL_GetTick       stm32f4xx_hal.o
    0x08003c68   0x08003c68   0x00000050   Code   RO         3648    i.HAL_IWDG_Init     stm32f4xx_hal_iwdg.o
    0x08003cb8   0x08003cb8   0x0000000e   Code   RO         3649    i.HAL_IWDG_Refresh  stm32f4xx_hal_iwdg.o
    0x08003cc6   0x08003cc6   0x00000002   PAD
    0x08003cc8   0x08003cc8   0x00000018   Code   RO         2009    i.HAL_IncTick       stm32f4xx_hal.o
    0x08003ce0   0x08003ce0   0x0000003c   Code   RO         2010    i.HAL_Init          stm32f4xx_hal.o
    0x08003d1c   0x08003d1c   0x0000004c   Code   RO         2011    i.HAL_InitTick      stm32f4xx_hal.o
    0x08003d68   0x08003d68   0x00000050   Code   RO          593    i.HAL_MspInit       stm32f4xx_hal_msp.o
    0x08003db8   0x08003db8   0x00000044   Code   RO         1854    i.HAL_NVIC_DisableIRQ  stm32f4xx_hal_cortex.o
    0x08003dfc   0x08003dfc   0x00000020   Code   RO         1855    i.HAL_NVIC_EnableIRQ  stm32f4xx_hal_cortex.o
    0x08003e1c   0x08003e1c   0x0000007c   Code   RO         1861    i.HAL_NVIC_SetPriority  stm32f4xx_hal_cortex.o
    0x08003e98   0x08003e98   0x00000028   Code   RO         1862    i.HAL_NVIC_SetPriorityGrouping  stm32f4xx_hal_cortex.o
    0x08003ec0   0x08003ec0   0x00000184   Code   RO         1067    i.HAL_RCC_ClockConfig  stm32f4xx_hal_rcc.o
    0x08004044   0x08004044   0x0000000c   Code   RO         1072    i.HAL_RCC_GetHCLKFreq  stm32f4xx_hal_rcc.o
    0x08004050   0x08004050   0x00000020   Code   RO         1074    i.HAL_RCC_GetPCLK1Freq  stm32f4xx_hal_rcc.o
    0x08004070   0x08004070   0x00000020   Code   RO         1075    i.HAL_RCC_GetPCLK2Freq  stm32f4xx_hal_rcc.o
    0x08004090   0x08004090   0x000000b0   Code   RO         1076    i.HAL_RCC_GetSysClockFreq  stm32f4xx_hal_rcc.o
    0x08004140   0x08004140   0x00000488   Code   RO         1079    i.HAL_RCC_OscConfig  stm32f4xx_hal_rcc.o
    0x080045c8   0x080045c8   0x00000028   Code   RO         1864    i.HAL_SYSTICK_CLKSourceConfig  stm32f4xx_hal_cortex.o
    0x080045f0   0x080045f0   0x00000470   Code   RO           17    i.HAL_SYSTICK_Callback  main.o
    0x08004a60   0x08004a60   0x00000034   Code   RO         1866    i.HAL_SYSTICK_Config  stm32f4xx_hal_cortex.o
    0x08004a94   0x08004a94   0x00000008   Code   RO         1867    i.HAL_SYSTICK_IRQHandler  stm32f4xx_hal_cortex.o
    0x08004a9c   0x08004a9c   0x00000078   Code   RO           18    i.HAL_TIMEx_BreakCallback  main.o
    0x08004b14   0x08004b14   0x00000002   Code   RO         3067    i.HAL_TIMEx_CommutCallback  stm32f4xx_hal_tim_ex.o
    0x08004b16   0x08004b16   0x00000074   Code   RO         3069    i.HAL_TIMEx_ConfigBreakDeadTime  stm32f4xx_hal_tim_ex.o
    0x08004b8a   0x08004b8a   0x00000002   PAD
    0x08004b8c   0x08004b8c   0x000000b4   Code   RO         3084    i.HAL_TIMEx_MasterConfigSynchronization  stm32f4xx_hal_tim_ex.o
    0x08004c40   0x08004c40   0x00000038   Code   RO         3095    i.HAL_TIMEx_PWMN_Start  stm32f4xx_hal_tim_ex.o
    0x08004c78   0x08004c78   0x00000034   Code   RO         2380    i.HAL_TIM_Base_Init  stm32f4xx_hal_tim.o
    0x08004cac   0x08004cac   0x00000320   Code   RO          595    i.HAL_TIM_Base_MspInit  stm32f4xx_hal_msp.o
    0x08004fcc   0x08004fcc   0x0000002a   Code   RO         2385    i.HAL_TIM_Base_Start_IT  stm32f4xx_hal_tim.o
    0x08004ff6   0x08004ff6   0x00000108   Code   RO         2389    i.HAL_TIM_ConfigClockSource  stm32f4xx_hal_tim.o
    0x080050fe   0x080050fe   0x00000002   PAD
    0x08005100   0x08005100   0x00000048   Code   RO           19    i.HAL_TIM_IC_CaptureCallback  main.o
    0x08005148   0x08005148   0x000000e0   Code   RO         2411    i.HAL_TIM_IC_ConfigChannel  stm32f4xx_hal_tim.o
    0x08005228   0x08005228   0x00000034   Code   RO         2414    i.HAL_TIM_IC_Init   stm32f4xx_hal_tim.o
    0x0800525c   0x0800525c   0x00000094   Code   RO          597    i.HAL_TIM_IC_MspInit  stm32f4xx_hal_msp.o
    0x080052f0   0x080052f0   0x00000078   Code   RO         2419    i.HAL_TIM_IC_Start_IT  stm32f4xx_hal_tim.o
    0x08005368   0x08005368   0x00000196   Code   RO         2423    i.HAL_TIM_IRQHandler  stm32f4xx_hal_tim.o
    0x080054fe   0x080054fe   0x00000002   PAD
    0x08005500   0x08005500   0x0000031c   Code   RO          598    i.HAL_TIM_MspPostInit  stm32f4xx_hal_msp.o
    0x0800581c   0x0800581c   0x00000074   Code   RO         2424    i.HAL_TIM_OC_ConfigChannel  stm32f4xx_hal_tim.o
    0x08005890   0x08005890   0x00000378   Code   RO           20    i.HAL_TIM_OC_DelayElapsedCallback  main.o
    0x08005c08   0x08005c08   0x00000034   Code   RO         2428    i.HAL_TIM_OC_Init   stm32f4xx_hal_tim.o
    0x08005c3c   0x08005c3c   0x00000002   Code   RO         2430    i.HAL_TIM_OC_MspInit  stm32f4xx_hal_tim.o
    0x08005c3e   0x08005c3e   0x00000002   PAD
    0x08005c40   0x08005c40   0x000000a4   Code   RO         2433    i.HAL_TIM_OC_Start_IT  stm32f4xx_hal_tim.o
    0x08005ce4   0x08005ce4   0x00000108   Code   RO         2447    i.HAL_TIM_PWM_ConfigChannel  stm32f4xx_hal_tim.o
    0x08005dec   0x08005dec   0x00000034   Code   RO         2450    i.HAL_TIM_PWM_Init  stm32f4xx_hal_tim.o
    0x08005e20   0x08005e20   0x00000002   Code   RO         2452    i.HAL_TIM_PWM_MspInit  stm32f4xx_hal_tim.o
    0x08005e22   0x08005e22   0x00000002   Code   RO         2453    i.HAL_TIM_PWM_PulseFinishedCallback  stm32f4xx_hal_tim.o
    0x08005e24   0x08005e24   0x00000058   Code   RO         2455    i.HAL_TIM_PWM_Start  stm32f4xx_hal_tim.o
    0x08005e7c   0x08005e7c   0x00000650   Code   RO           21    i.HAL_TIM_PeriodElapsedCallback  main.o
    0x080064cc   0x080064cc   0x00000032   Code   RO         2463    i.HAL_TIM_ReadCapturedValue  stm32f4xx_hal_tim.o
    0x080064fe   0x080064fe   0x00000002   Code   RO         2466    i.HAL_TIM_TriggerCallback  stm32f4xx_hal_tim.o
    0x08006500   0x08006500   0x00000002   Code   RO         3338    i.HAL_UART_ErrorCallback  stm32f4xx_hal_uart.o
    0x08006502   0x08006502   0x00000002   PAD
    0x08006504   0x08006504   0x00000154   Code   RO         3341    i.HAL_UART_IRQHandler  stm32f4xx_hal_uart.o
    0x08006658   0x08006658   0x00000072   Code   RO         3342    i.HAL_UART_Init     stm32f4xx_hal_uart.o
    0x080066ca   0x080066ca   0x00000002   PAD
    0x080066cc   0x080066cc   0x00000098   Code   RO          600    i.HAL_UART_MspInit  stm32f4xx_hal_msp.o
    0x08006764   0x08006764   0x00000070   Code   RO         3347    i.HAL_UART_Receive_IT  stm32f4xx_hal_uart.o
    0x080067d4   0x080067d4   0x00000002   Code   RO         4412    i.HAL_UART_RxCpltCallback  agreement.o
    0x080067d6   0x080067d6   0x000000d8   Code   RO         3350    i.HAL_UART_Transmit  stm32f4xx_hal_uart.o
    0x080068ae   0x080068ae   0x00000002   Code   RO         3353    i.HAL_UART_TxCpltCallback  stm32f4xx_hal_uart.o
    0x080068b0   0x080068b0   0x00000128   Code   RO         3977    i.HallStudyHandle0  bsp_bdcmotor.o
    0x080069d8   0x080069d8   0x00000138   Code   RO         3978    i.HallStudyHandle1  bsp_bdcmotor.o
    0x08006b10   0x08006b10   0x00000004   Code   RO          404    i.HardFault_Handler  stm32f4xx_it.o
    0x08006b14   0x08006b14   0x0000001c   Code   RO         3723    i.HardVersion_Init  function.o
    0x08006b30   0x08006b30   0x000000f0   Code   RO         3724    i.Hardware_flowCheck  function.o
    0x08006c20   0x08006c20   0x000000cc   Code   RO         4520    i.HeartBeat_Message_Handle  Canopen.lib(canopen_lifegrd.o)
    0x08006cec   0x08006cec   0x00000408   Code   RO         3725    i.Init_Drive_Para   function.o
    0x080070f4   0x080070f4   0x0000011c   Code   RO         4355    i.InternalFlash     flash.o
    0x08007210   0x08007210   0x000002a8   Code   RO           22    i.Labview_uart      main.o
    0x080074b8   0x080074b8   0x00000020   Code   RO         3727    i.MC_ClearFault     function.o
    0x080074d8   0x080074d8   0x00000038   Code   RO         3728    i.MC_SetFault       function.o
    0x08007510   0x08007510   0x00000038   Code   RO         3729    i.MC_SetFault1      function.o
    0x08007548   0x08007548   0x0000019c   Code   RO           23    i.MX_ADC1_Init      main.o
    0x080076e4   0x080076e4   0x00000028   Code   RO           25    i.MX_DMA_Init       main.o
    0x0800770c   0x0800770c   0x00000204   Code   RO           26    i.MX_GPIO_Init      main.o
    0x08007910   0x08007910   0x00000020   Code   RO         4089    i.MX_IWDG_Init      bsp_iwdg.o
    0x08007930   0x08007930   0x0000010e   Code   RO           27    i.MX_NVIC_Init      main.o
    0x08007a3e   0x08007a3e   0x00000002   PAD
    0x08007a40   0x08007a40   0x00000070   Code   RO           28    i.MX_TIM10_Init     main.o
    0x08007ab0   0x08007ab0   0x00000070   Code   RO           29    i.MX_TIM11_Init     main.o
    0x08007b20   0x08007b20   0x00000070   Code   RO           30    i.MX_TIM12_Init     main.o
    0x08007b90   0x08007b90   0x00000170   Code   RO           31    i.MX_TIM1_Init      main.o
    0x08007d00   0x08007d00   0x000000dc   Code   RO           32    i.MX_TIM2_Init      main.o
    0x08007ddc   0x08007ddc   0x000000e4   Code   RO           33    i.MX_TIM3_Init      main.o
    0x08007ec0   0x08007ec0   0x000000e0   Code   RO           34    i.MX_TIM4_Init      main.o
    0x08007fa0   0x08007fa0   0x00000070   Code   RO           35    i.MX_TIM5_Init      main.o
    0x08008010   0x08008010   0x0000004c   Code   RO           36    i.MX_TIM7_Init      main.o
    0x0800805c   0x0800805c   0x00000148   Code   RO           37    i.MX_TIM8_Init      main.o
    0x080081a4   0x080081a4   0x0000008c   Code   RO           38    i.MX_TIM9_Init      main.o
    0x08008230   0x08008230   0x00000038   Code   RO         4413    i.MX_USART3_UART_Init  agreement.o
    0x08008268   0x08008268   0x00000004   Code   RO          405    i.MemManage_Handler  stm32f4xx_it.o
    0x0800826c   0x0800826c   0x0000005e   Code   RO         4783    i.MessageType_Check  Canopen.lib(canopen_nmt.o)
    0x080082ca   0x080082ca   0x00000002   PAD
    0x080082cc   0x080082cc   0x000001a8   Code   RO         3730    i.Motor5_Default_Phase_Cheek  function.o
    0x08008474   0x08008474   0x000001a8   Code   RO         3731    i.Motor6_Default_Phase_Cheek  function.o
    0x0800861c   0x0800861c   0x00000050   Code   RO         3732    i.Motor7_Err_Chk    function.o
    0x0800866c   0x0800866c   0x00000016   Code   RO         3733    i.MotorStuckCheck   function.o
    0x08008682   0x08008682   0x00000002   PAD
    0x08008684   0x08008684   0x00000194   Code   RO         3734    i.Motor_Fault_Clear  function.o
    0x08008818   0x08008818   0x00000004   Code   RO          406    i.NMI_Handler       stm32f4xx_it.o
    0x0800881c   0x0800881c   0x000000b0   Code   RO         4784    i.Net_Manager_Handle  Canopen.lib(canopen_nmt.o)
    0x080088cc   0x080088cc   0x0000004c   Code   RO         4130    i.ODCallback_t_Index1010_Subindex1  canopen_od.o
    0x08008918   0x08008918   0x00000080   Code   RO         4521    i.ODCallback_t_Index1016_Subindex  Canopen.lib(canopen_lifegrd.o)
    0x08008998   0x08008998   0x00000034   Code   RO         4134    i.ODCallback_t_Index2098_Subindex0  canopen_od.o
    0x080089cc   0x080089cc   0x0000004e   Code   RO         4135    i.ODCallback_t_Index2099_Subindex0  canopen_od.o
    0x08008a1a   0x08008a1a   0x00000002   PAD
    0x08008a1c   0x08008a1c   0x00000054   Code   RO         4930    i.ODCallback_t_RPDO_Communicate  Canopen.lib(canopen_pdo.o)
    0x08008a70   0x08008a70   0x00000110   Code   RO         4931    i.ODCallback_t_RPDO_Map  Canopen.lib(canopen_pdo.o)
    0x08008b80   0x08008b80   0x000000b4   Code   RO         4932    i.ODCallback_t_RPDO_MapSubindex0  Canopen.lib(canopen_pdo.o)
    0x08008c34   0x08008c34   0x000000b0   Code   RO         4933    i.ODCallback_t_TPDO_Communicate  Canopen.lib(canopen_pdo.o)
    0x08008ce4   0x08008ce4   0x000000c4   Code   RO         4934    i.ODCallback_t_TPDO_Map  Canopen.lib(canopen_pdo.o)
    0x08008da8   0x08008da8   0x000000b4   Code   RO         4935    i.ODCallback_t_TPDO_MapSubindex0  Canopen.lib(canopen_pdo.o)
    0x08008e5c   0x08008e5c   0x00000012   Code   RO         4882    i.OD_Index_san      Canopen.lib(canopen_objacces.o)
    0x08008e6e   0x08008e6e   0x00000002   PAD
    0x08008e70   0x08008e70   0x000006a0   Code   RO         4136    i.ObjDict_Get_Id    canopen_od.o
    0x08009510   0x08009510   0x00000728   Code   RO         4137    i.ObjDict_scanIndexOD  canopen_od.o
    0x08009c38   0x08009c38   0x0000001c   Code   RO         4138    i.ObjDict_valueRangeTest  canopen_od.o
    0x08009c54   0x08009c54   0x00000014   Code   RO         4522    i.OnHeartbeatProducerUpdate  Canopen.lib(canopen_lifegrd.o)
    0x08009c68   0x08009c68   0x00000026   Code   RO         5140    i.OnNumberOfErrorsUpdate  Canopen.lib(canopen_emcy.o)
    0x08009c8e   0x08009c8e   0x00000002   PAD
    0x08009c90   0x08009c90   0x00000118   Code   RO         3735    i.Over_VoltageCheck  function.o
    0x08009da8   0x08009da8   0x0000002c   Code   RO         4936    i.PDOEventTimerAlarm  Canopen.lib(canopen_pdo.o)
    0x08009dd4   0x08009dd4   0x0000002e   Code   RO         4937    i.PDOInhibitTimerAlarm  Canopen.lib(canopen_pdo.o)
    0x08009e02   0x08009e02   0x00000002   PAD
    0x08009e04   0x08009e04   0x0000004c   Code   RO         4938    i.PDOInit           Canopen.lib(canopen_pdo.o)
    0x08009e50   0x08009e50   0x00000072   Code   RO         4939    i.PDOStop           Canopen.lib(canopen_pdo.o)
    0x08009ec2   0x08009ec2   0x00000002   PAD
    0x08009ec4   0x08009ec4   0x000000a8   Code   RO         3928    i.PID_Init          mc_pid_regulators.o
    0x08009f6c   0x08009f6c   0x00000048   Code   RO         3929    i.PID_PWM_Init      mc_pid_regulators.o
    0x08009fb4   0x08009fb4   0x00000114   Code   RO         3930    i.PID_Regulator     mc_pid_regulators.o
    0x0800a0c8   0x0800a0c8   0x00000044   Code   RO           39    i.PWM_Change        main.o
    0x0800a10c   0x0800a10c   0x00000002   Code   RO          407    i.PendSV_Handler    stm32f4xx_it.o
    0x0800a10e   0x0800a10e   0x00000002   PAD
    0x0800a110   0x0800a110   0x00000044   Code   RO         4523    i.ProducerHeartbeatAlarm  Canopen.lib(canopen_lifegrd.o)
    0x0800a154   0x0800a154   0x0000001c   Code   RO         3736    i.Program_Version_Init  function.o
    0x0800a170   0x0800a170   0x000004b8   Code   RO         3737    i.Push_Motor_Calibrate  function.o
    0x0800a628   0x0800a628   0x0000032c   Code   RO         3738    i.Push_Motor_Cheek  function.o
    0x0800a954   0x0800a954   0x00000198   Code   RO         3739    i.Push_Motor_CurSelfAdapt  function.o
    0x0800aaec   0x0800aaec   0x00000140   Code   RO         3740    i.Push_Motor_Location_Control  function.o
    0x0800ac2c   0x0800ac2c   0x000001bc   Code   RO         3741    i.Push_OverRunChk   function.o
    0x0800ade8   0x0800ade8   0x0000007e   Code   RO         4940    i.RPDO_Direct_SetODentry  Canopen.lib(canopen_pdo.o)
    0x0800ae66   0x0800ae66   0x000000d2   Code   RO         4941    i.RPDO_Direct_Trans_Init  Canopen.lib(canopen_pdo.o)
    0x0800af38   0x0800af38   0x00000190   Code   RO         3980    i.Ramp_PPWM         bsp_bdcmotor.o
    0x0800b0c8   0x0800b0c8   0x00000174   Code   RO         3981    i.Ramp_Speed        bsp_bdcmotor.o
    0x0800b23c   0x0800b23c   0x00000024   Code   RO         4883    i.RegisterSetOnDentry_Callback  Canopen.lib(canopen_objacces.o)
    0x0800b260   0x0800b260   0x00000080   Code   RO         5202    i.SDOTimeoutAlarm   Canopen.lib(canopen_sdo.o)
    0x0800b2e0   0x0800b2e0   0x000006f4   Code   RO         5203    i.SDO_Email_Handler  Canopen.lib(canopen_sdo.o)
    0x0800b9d4   0x0800b9d4   0x00000038   Code   RO         5204    i.SDO_Err_Record    Canopen.lib(canopen_sdo.o)
    0x0800ba0c   0x0800ba0c   0x00000042   Code   RO         5205    i.SDOlineToObjdict  Canopen.lib(canopen_sdo.o)
    0x0800ba4e   0x0800ba4e   0x00000030   Code   RO         5206    i.SDOtoLine         Canopen.lib(canopen_sdo.o)
    0x0800ba7e   0x0800ba7e   0x00000002   Code   RO          408    i.SVC_Handler       stm32f4xx_it.o
    0x0800ba80   0x0800ba80   0x0000003c   Code   RO         4785    i.SendBootUp        Canopen.lib(canopen_nmt.o)
    0x0800babc   0x0800babc   0x00000060   Code   RO         5207    i.SendSDO           Canopen.lib(canopen_sdo.o)
    0x0800bb1c   0x0800bb1c   0x000000b4   Code   RO         4238    i.SetAlarm          canopen_timer.o
    0x0800bbd0   0x0800bbd0   0x00000a74   Code   RO         3983    i.SetMotorSpeed     bsp_bdcmotor.o
    0x0800c644   0x0800c644   0x000001f4   Code   RO         3984    i.SetMotorStop      bsp_bdcmotor.o
    0x0800c838   0x0800c838   0x00000114   Code   RO         4786    i.SetNodeId         Canopen.lib(canopen_nmt.o)
    0x0800c94c   0x0800c94c   0x0000009c   Code   RO         4787    i.SetState          Canopen.lib(canopen_nmt.o)
    0x0800c9e8   0x0800c9e8   0x00000028   Code   RO         5089    i.StopSync          Canopen.lib(canopen_sync.o)
    0x0800ca10   0x0800ca10   0x00000164   Code   RO         3985    i.Suction_motor_errhandle  bsp_bdcmotor.o
    0x0800cb74   0x0800cb74   0x000000de   Code   RO         4788    i.SwitchCommunication_State  Canopen.lib(canopen_nmt.o)
    0x0800cc52   0x0800cc52   0x0000000c   Code   RO          409    i.SysTick_Handler   stm32f4xx_it.o
    0x0800cc5e   0x0800cc5e   0x00000002   PAD
    0x0800cc60   0x0800cc60   0x0000005c   Code   RO           40    i.Sys_Time          main.o
    0x0800ccbc   0x0800ccbc   0x000000d8   Code   RO           41    i.SystemClock_Config  main.o
    0x0800cd94   0x0800cd94   0x0000001c   Code   RO         3679    i.SystemInit        system_stm32f4xx.o
    0x0800cdb0   0x0800cdb0   0x00000018   Code   RO          410    i.TIM1_BRK_TIM9_IRQHandler  stm32f4xx_it.o
    0x0800cdc8   0x0800cdc8   0x00000018   Code   RO          411    i.TIM1_UP_TIM10_IRQHandler  stm32f4xx_it.o
    0x0800cde0   0x0800cde0   0x00000010   Code   RO          412    i.TIM5_IRQHandler   stm32f4xx_it.o
    0x0800cdf0   0x0800cdf0   0x00000030   Code   RO         4239    i.TIM6_DAC_IRQHandler  canopen_timer.o
    0x0800ce20   0x0800ce20   0x00000074   Code   RO         4240    i.TIM6_Init         canopen_timer.o
    0x0800ce94   0x0800ce94   0x00000010   Code   RO          413    i.TIM7_IRQHandler   stm32f4xx_it.o
    0x0800cea4   0x0800cea4   0x00000010   Code   RO          414    i.TIM8_BRK_TIM12_IRQHandler  stm32f4xx_it.o
    0x0800ceb4   0x0800ceb4   0x000000d8   Code   RO         2468    i.TIM_Base_SetConfig  stm32f4xx_hal_tim.o
    0x0800cf8c   0x0800cf8c   0x00000022   Code   RO         2469    i.TIM_CCxChannelCmd  stm32f4xx_hal_tim.o
    0x0800cfae   0x0800cfae   0x00000022   Code   RO         3104    i.TIM_CCxNChannelCmd  stm32f4xx_hal_tim_ex.o
    0x0800cfd0   0x0800cfd0   0x00000016   Code   RO         2479    i.TIM_ETR_SetConfig  stm32f4xx_hal_tim.o
    0x0800cfe6   0x0800cfe6   0x00000012   Code   RO         2480    i.TIM_ITRx_SetConfig  stm32f4xx_hal_tim.o
    0x0800cff8   0x0800cff8   0x00000070   Code   RO         2481    i.TIM_OC1_SetConfig  stm32f4xx_hal_tim.o
    0x0800d068   0x0800d068   0x0000007c   Code   RO         2482    i.TIM_OC2_SetConfig  stm32f4xx_hal_tim.o
    0x0800d0e4   0x0800d0e4   0x00000078   Code   RO         2483    i.TIM_OC3_SetConfig  stm32f4xx_hal_tim.o
    0x0800d15c   0x0800d15c   0x00000054   Code   RO         2484    i.TIM_OC4_SetConfig  stm32f4xx_hal_tim.o
    0x0800d1b0   0x0800d1b0   0x00000026   Code   RO         2486    i.TIM_TI1_ConfigInputStage  stm32f4xx_hal_tim.o
    0x0800d1d6   0x0800d1d6   0x00000002   PAD
    0x0800d1d8   0x0800d1d8   0x00000090   Code   RO         2487    i.TIM_TI1_SetConfig  stm32f4xx_hal_tim.o
    0x0800d268   0x0800d268   0x00000028   Code   RO         2488    i.TIM_TI2_ConfigInputStage  stm32f4xx_hal_tim.o
    0x0800d290   0x0800d290   0x0000003a   Code   RO         2489    i.TIM_TI2_SetConfig  stm32f4xx_hal_tim.o
    0x0800d2ca   0x0800d2ca   0x00000038   Code   RO         2490    i.TIM_TI3_SetConfig  stm32f4xx_hal_tim.o
    0x0800d302   0x0800d302   0x0000003c   Code   RO         2491    i.TIM_TI4_SetConfig  stm32f4xx_hal_tim.o
    0x0800d33e   0x0800d33e   0x00000002   PAD
    0x0800d340   0x0800d340   0x000000c0   Code   RO         4241    i.TimeDispatch      canopen_timer.o
    0x0800d400   0x0800d400   0x00000048   Code   RO         4242    i.TimerForCan       canopen_timer.o
    0x0800d448   0x0800d448   0x00000014   Code   RO         3355    i.UART_DMAAbortOnError  stm32f4xx_hal_uart.o
    0x0800d45c   0x0800d45c   0x00000020   Code   RO         3365    i.UART_EndRxTransfer  stm32f4xx_hal_uart.o
    0x0800d47c   0x0800d47c   0x00000020   Code   RO         3366    i.UART_EndTransmit_IT  stm32f4xx_hal_uart.o
    0x0800d49c   0x0800d49c   0x000000a6   Code   RO         3368    i.UART_Receive_IT   stm32f4xx_hal_uart.o
    0x0800d542   0x0800d542   0x00000002   PAD
    0x0800d544   0x0800d544   0x000003e8   Code   RO         3369    i.UART_SetConfig    stm32f4xx_hal_uart.o
    0x0800d92c   0x0800d92c   0x00000068   Code   RO         3370    i.UART_Transmit_IT  stm32f4xx_hal_uart.o
    0x0800d994   0x0800d994   0x0000006c   Code   RO         3371    i.UART_WaitOnFlagUntilTimeout  stm32f4xx_hal_uart.o
    0x0800da00   0x0800da00   0x0000001c   Code   RO          415    i.USART3_IRQHandler  stm32f4xx_it.o
    0x0800da1c   0x0800da1c   0x00000004   Code   RO          416    i.UsageFault_Handler  stm32f4xx_it.o
    0x0800da20   0x0800da20   0x000000b8   Code   RO         3742    i.Voltage_offset_cali  function.o
    0x0800dad8   0x0800dad8   0x0000003c   Code   RO         4356    i.WriteData_toFlash  flash.o
    0x0800db14   0x0800db14   0x00000140   Code   RO         4943    i._RPOD_SyncEvent   Canopen.lib(canopen_pdo.o)
    0x0800dc54   0x0800dc54   0x00000002   Code   RO         4944    i._RxPDO_EventTimers_Handler  Canopen.lib(canopen_pdo.o)
    0x0800dc56   0x0800dc56   0x00000002   PAD
    0x0800dc58   0x0800dc58   0x00000020   Code   RO         5427    i.__0printf$3       mc_w.l(printf3.o)
    0x0800dc78   0x0800dc78   0x00000010   Code   RO         1868    i.__NVIC_GetPriorityGrouping  stm32f4xx_hal_cortex.o
    0x0800dc88   0x0800dc88   0x00000028   Code   RO         1869    i.__NVIC_SetPriority  stm32f4xx_hal_cortex.o
    0x0800dcb0   0x0800dcb0   0x0000000e   Code   RO         5647    i.__scatterload_copy  mc_w.l(handlers.o)
    0x0800dcbe   0x0800dcbe   0x00000002   Code   RO         5648    i.__scatterload_null  mc_w.l(handlers.o)
    0x0800dcc0   0x0800dcc0   0x0000000e   Code   RO         5649    i.__scatterload_zeroinit  mc_w.l(handlers.o)
    0x0800dcce   0x0800dcce   0x00000002   PAD
    0x0800dcd0   0x0800dcd0   0x000000ec   Code   RO         4884    i._getODentry       Canopen.lib(canopen_objacces.o)
    0x0800ddbc   0x0800ddbc   0x0000003c   Code   RO         4524    i._heartbeatError   Canopen.lib(canopen_lifegrd.o)
    0x0800ddf8   0x0800ddf8   0x00000002   Code   RO         4789    i._initialisation   Canopen.lib(canopen_nmt.o)
    0x0800ddfa   0x0800ddfa   0x00000002   Code   RO         4790    i._operational      Canopen.lib(canopen_nmt.o)
    0x0800ddfc   0x0800ddfc   0x00000002   Code   RO         4525    i._post_SlaveStateChange  Canopen.lib(canopen_lifegrd.o)
    0x0800ddfe   0x0800ddfe   0x00000002   Code   RO         5090    i._post_TPDO        Canopen.lib(canopen_sync.o)
    0x0800de00   0x0800de00   0x00000002   Code   RO         5091    i._post_sync        Canopen.lib(canopen_sync.o)
    0x0800de02   0x0800de02   0x00000002   Code   RO         4791    i._preOperational   Canopen.lib(canopen_nmt.o)
    0x0800de04   0x0800de04   0x000001b8   Code   RO         5434    i._printf_core      mc_w.l(printf3.o)
    0x0800dfbc   0x0800dfbc   0x00000158   Code   RO         4945    i._sendPDOevent     Canopen.lib(canopen_pdo.o)
    0x0800e114   0x0800e114   0x00000120   Code   RO         4885    i._setODentry       Canopen.lib(canopen_objacces.o)
    0x0800e234   0x0800e234   0x00000002   Code   RO         4139    i._storeODSubIndex  canopen_od.o
    0x0800e236   0x0800e236   0x000000d8   Code   RO         4946    i.buildPDO          Canopen.lib(canopen_pdo.o)
    0x0800e30e   0x0800e30e   0x00000002   PAD
    0x0800e310   0x0800e310   0x00000020   Code   RO         5142    i.emergencyInit     Canopen.lib(canopen_emcy.o)
    0x0800e330   0x0800e330   0x00000002   Code   RO         5143    i.emergencyStop     Canopen.lib(canopen_emcy.o)
    0x0800e332   0x0800e332   0x00000024   Code   RO         3743    i.f_abs             function.o
    0x0800e356   0x0800e356   0x00000098   Code   RO         5209    i.failedSDO         Canopen.lib(canopen_sdo.o)
    0x0800e3ee   0x0800e3ee   0x00000002   PAD
    0x0800e3f0   0x0800e3f0   0x0000001c   Code   RO           43    i.fputc             main.o
    0x0800e40c   0x0800e40c   0x00000024   Code   RO         4243    i.getElapsedTime    canopen_timer.o
    0x0800e430   0x0800e430   0x00000004   Code   RO         4793    i.getNodeId         Canopen.lib(canopen_nmt.o)
    0x0800e434   0x0800e434   0x00000030   Code   RO         5210    i.getSDOfreeLine    Canopen.lib(canopen_sdo.o)
    0x0800e464   0x0800e464   0x0000003a   Code   RO         5211    i.getSDOlineOnUse   Canopen.lib(canopen_sdo.o)
    0x0800e49e   0x0800e49e   0x00000022   Code   RO         5212    i.getSDOlineRestBytes  Canopen.lib(canopen_sdo.o)
    0x0800e4c0   0x0800e4c0   0x0000003c   Code   RO         4526    i.heartbeatInit     Canopen.lib(canopen_lifegrd.o)
    0x0800e4fc   0x0800e4fc   0x00000014   Code   RO         4527    i.heartbeatStop     Canopen.lib(canopen_lifegrd.o)
    0x0800e510   0x0800e510   0x00000080   Code   RO         5214    i.initSDOline       Canopen.lib(canopen_sdo.o)
    0x0800e590   0x0800e590   0x00000012   Code   RO         3744    i.l_abs             function.o
    0x0800e5a2   0x0800e5a2   0x00000004   Code   RO         4528    i.lifeGuardInit     Canopen.lib(canopen_lifegrd.o)
    0x0800e5a6   0x0800e5a6   0x00000004   Code   RO         4529    i.lifeGuardStop     Canopen.lib(canopen_lifegrd.o)
    0x0800e5aa   0x0800e5aa   0x0000003e   Code   RO         5215    i.lineToSDO         Canopen.lib(canopen_sdo.o)
    0x0800e5e8   0x0800e5e8   0x00000484   Code   RO           44    i.main              main.o
    0x0800ea6c   0x0800ea6c   0x00000042   Code   RO         5216    i.objdictToSDOline  Canopen.lib(canopen_sdo.o)
    0x0800eaae   0x0800eaae   0x00000002   PAD
    0x0800eab0   0x0800eab0   0x00000314   Code   RO         4947    i.proceedPDO        Canopen.lib(canopen_pdo.o)
    0x0800edc4   0x0800edc4   0x00000040   Code   RO         5092    i.proceedSYNC       Canopen.lib(canopen_sync.o)
    0x0800ee04   0x0800ee04   0x00000018   Code   RO         5217    i.resetSDO          Canopen.lib(canopen_sdo.o)
    0x0800ee1c   0x0800ee1c   0x00000038   Code   RO         5218    i.resetSDOline      Canopen.lib(canopen_sdo.o)
    0x0800ee54   0x0800ee54   0x00000114   Code   RO         4948    i.sendOnePDOevent   Canopen.lib(canopen_pdo.o)
    0x0800ef68   0x0800ef68   0x0000000c   Code   RO         4949    i.sendPDOevent      Canopen.lib(canopen_pdo.o)
    0x0800ef74   0x0800ef74   0x00000030   Code   RO         4951    i.sendPdo           Canopen.lib(canopen_pdo.o)
    0x0800efa4   0x0800efa4   0x00000010   Code   RO         5219    i.setSDOlineRestBytes  Canopen.lib(canopen_sdo.o)
    0x0800efb4   0x0800efb4   0x00000024   Code   RO         4244    i.setTimer          canopen_timer.o
    0x0800efd8   0x0800efd8   0x00000024   Code   RO         3745    i.swap              function.o
    0x0800effc   0x0800effc   0x00000040   Data   RO          417    .constdata          stm32f4xx_it.o
    0x0800f03c   0x0800f03c   0x00000008   Data   RO         1585    .constdata          stm32f4xx_hal_dma.o
    0x0800f044   0x0800f044   0x00000018   Data   RO         3680    .constdata          system_stm32f4xx.o
    0x0800f05c   0x0800f05c   0x000005a2   Data   RO         4141    .constdata          canopen_od.o
    0x0800f5fe   0x0800f5fe   0x00000002   PAD
    0x0800f600   0x0800f600   0x00000bb8   Data   RO         4420    .constdata          agreement.o
    0x080101b8   0x080101b8   0x00000040   Data   RO         4794    .constdata          Canopen.lib(canopen_nmt.o)
    0x080101f8   0x080101f8   0x00000020   Data   RO         5645    Region$$Table       anon$$obj.o


    Execution Region RW_IRAM2 (Exec base: 0x10000000, Load base: 0x08011320, Size: 0x00000000, Max: 0x00010000, ABSOLUTE)

    **** No section assigned to this execution region ****


    Execution Region RW_IRAM1 (Exec base: 0x20000000, Load base: 0x08010218, Size: 0x0000a5b0, Max: 0x00020000, ABSOLUTE, COMPRESSED[0x00001108])

    Exec Addr    Load Addr    Size         Type   Attr      Idx    E Section Name        Object

    0x20000000   COMPRESSED   0x00000078   Data   RW           46    .data               main.o
    0x20000078   COMPRESSED   0x00000044   Data   RW          418    .data               stm32f4xx_it.o
    0x200000bc   COMPRESSED   0x00000009   Data   RW         2017    .data               stm32f4xx_hal.o
    0x200000c5   COMPRESSED   0x00000003   PAD
    0x200000c8   COMPRESSED   0x00000004   Data   RW         3681    .data               system_stm32f4xx.o
    0x200000cc   COMPRESSED   0x000000e1   Data   RW         3747    .data               function.o
    0x200001ad   COMPRESSED   0x00000003   PAD
    0x200001b0   COMPRESSED   0x00000009   Data   RW         3987    .data               bsp_bdcmotor.o
    0x200001b9   COMPRESSED   0x00000003   PAD
    0x200001bc   COMPRESSED   0x00003760   Data   RW         4143    .data               canopen_od.o
    0x2000391c   COMPRESSED   0x00000014   Data   RW         4246    .data               canopen_timer.o
    0x20003930   COMPRESSED   0x00000018   Data   RW         4358    .data               flash.o
    0x20003948   COMPRESSED   0x00000020   Data   RW         4421    .data               agreement.o
    0x20003968   COMPRESSED   0x00000004   Data   RW         5625    .data               mc_w.l(stdout.o)
    0x2000396c        -       0x00004458   Zero   RW           45    .bss                main.o
    0x20007dc4        -       0x00000020   Zero   RW         1239    .bss                stm32f4xx_hal_flash.o
    0x20007de4        -       0x00000118   Zero   RW         3746    .bss                function.o
    0x20007efc        -       0x00000118   Zero   RW         3931    .bss                mc_pid_regulators.o
    0x20008014        -       0x0000072c   Zero   RW         3986    .bss                bsp_bdcmotor.o
    0x20008740        -       0x0000000c   Zero   RW         4090    .bss                bsp_iwdg.o
    0x2000874c        -       0x000003ac   Zero   RW         4140    .bss                canopen_od.o
    0x20008af8        -       0x00000100   Zero   RW         4245    .bss                canopen_timer.o
    0x20008bf8        -       0x000003fc   Zero   RW         4357    .bss                flash.o
    0x20008ff4        -       0x000005b8   Zero   RW         4419    .bss                agreement.o
    0x200095ac   COMPRESSED   0x00000004   PAD
    0x200095b0        -       0x00001000   Zero   RW            1    STACK               startup_stm32f407xx.o


==============================================================================

Image component sizes


      Code (inc. data)   RO Data    RW Data    ZI Data      Debug   Object Name

        94         20       3000         32       1464       3776   agreement.o
      6084        264          0          9       1836      16470   bsp_bdcmotor.o
        92         12          0          0         12       1394   bsp_iwdg.o
      3916        402       1442      14176        940      41820   canopen_od.o
       736         94          0         20        256      28086   canopen_timer.o
       632        100          0         24       1020       3871   flash.o
      8678        380          0        225        280      28165   function.o
      9586        690          0        120      17496     751871   main.o
       516         22          0          0        280       4395   mc_pid_regulators.o
        36          8        392          0       4096        976   startup_stm32f407xx.o
       212         36          0          9          0       9569   stm32f4xx_hal.o
      1970         92          0          0          0     723481   stm32f4xx_hal_adc.o
         2          0          0          0          0        625   stm32f4xx_hal_adc_ex.o
      2100         28          0          0          0       6222   stm32f4xx_hal_can.o
       420         28          0          0          0      36600   stm32f4xx_hal_cortex.o
      1264         16          8          0          0       6374   stm32f4xx_hal_dma.o
       652         64          0          0         32       6206   stm32f4xx_hal_flash.o
       432         26          0          0          0       3366   stm32f4xx_hal_flash_ex.o
       586         50          0          0          0       4375   stm32f4xx_hal_gpio.o
        94          0          0          0          0       1811   stm32f4xx_hal_iwdg.o
      2232        160          0          0          0       6103   stm32f4xx_hal_msp.o
      1800         84          0          0          0       5768   stm32f4xx_hal_rcc.o
      3080        128          0          0          0      24660   stm32f4xx_hal_tim.o
       388         30          0          0          0       4266   stm32f4xx_hal_tim_ex.o
      2248         12          0          0          0      10303   stm32f4xx_hal_uart.o
      2466        170         64         68          0      16154   stm32f4xx_it.o
        28          4         24          4          0       1199   system_stm32f4xx.o

    ----------------------------------------------------------------------
     50390       2920       4964      14696      27716    1747906   Object Totals
         0          0         32          0          0          0   (incl. Generated)
        46          0          2          9          4          0   (incl. Padding)

    ----------------------------------------------------------------------

      Code (inc. data)   RO Data    RW Data    ZI Data      Debug   Library Member Name

        72          4          0          0          0       1801   canopen_emcy.o
       608         44          0          0          0     602499   canopen_lifegrd.o
       994         26         64          0          0       7964   canopen_nmt.o
       578         36          0          0          0       4502   canopen_objacces.o
      3862         92          0          0          0      23355   canopen_pdo.o
      2818         58          0          0          0      14862   canopen_sdo.o
       108         16          0          0          0       2239   canopen_sync.o
        86          0          0          0          0          0   __dczerorl2.o
         0          0          0          0          0          0   entry.o
         0          0          0          0          0          0   entry10a.o
         0          0          0          0          0          0   entry11a.o
         8          4          0          0          0          0   entry2.o
         4          0          0          0          0          0   entry5.o
         0          0          0          0          0          0   entry7b.o
         0          0          0          0          0          0   entry8b.o
         8          4          0          0          0          0   entry9a.o
        30          0          0          0          0          0   handlers.o
        36          8          0          0          0         68   init.o
         0          0          0          0          0          0   iusefp.o
        30          0          0          0          0         68   llshl.o
        32          0          0          0          0         68   llushr.o
        26          0          0          0          0         80   memcmp.o
        36          0          0          0          0         68   memcpya.o
        36          0          0          0          0        108   memseta.o
       472         14          0          0          0        184   printf3.o
         0          0          0          4          0          0   stdout.o
        44          0          0          0          0         80   uidiv.o
        98          0          0          0          0         92   uldiv.o
        48          0          0          0          0         68   cdcmple.o
        48          0          0          0          0         68   cdrcmple.o
       186          0          0          0          0        176   depilogue.o
        62          0          0          0          0         80   dfixi.o
        34          0          0          0          0         76   dflti.o
       228          0          0          0          0         96   dmul.o
        38          0          0          0          0         68   f2d.o

    ----------------------------------------------------------------------
     10654        306         64          4          0     658670   Library Totals
        24          0          0          0          0          0   (incl. Padding)

    ----------------------------------------------------------------------

      Code (inc. data)   RO Data    RW Data    ZI Data      Debug   Library Name

      9040        276         64          0          0     657222   Canopen.lib
       946         30          0          4          0        816   mc_w.l
       644          0          0          0          0        632   mf_w.l

    ----------------------------------------------------------------------
     10654        306         64          4          0     658670   Library Totals

    ----------------------------------------------------------------------

==============================================================================


      Code (inc. data)   RO Data    RW Data    ZI Data      Debug   

     61044       3226       5028      14700      27716    2375232   Grand Totals
     61044       3226       5028       4360      27716    2375232   ELF Image Totals (compressed)
     61044       3226       5028       4360          0          0   ROM Totals

==============================================================================

    Total RO  Size (Code + RO Data)                66072 (  64.52kB)
    Total RW  Size (RW Data + ZI Data)             42416 (  41.42kB)
    Total ROM Size (Code + RO Data + RW Data)      70432 (  68.78kB)

==============================================================================

